"geogebra mode on"
 (x)->when(((length(x))==0),{},when(((type(x[0]))==DOM_LIST),x,sort(x)))
{{ggbtmpvara=2,ggbtmpvarb=0},{ggbtmpvara=2,ggbtmpvarb=(1/2)}}
{}
