1>> caseval("init geogebra")
1<< "geogebra mode on"
2>> when(is_polynomial(((3)*((5)*(sin(ggbtmpvart))))+((-4)*((5)*(cos(ggbtmpvart)))),ggbtmpvart),coeff(((3)*((5)*(sin(ggbtmpvart))))+((-4)*((5)*(cos(ggbtmpvart)))),ggbtmpvart),{})
2<< {}
