"geogebra mode on"
 (x)->when(((length(x))==0),{},when(((type(x[0]))==DOM_LIST),x,sort(x)))
 (y,x)->arg(x+ί*y)
 (x)->1/cosh(x)
 (x)->1/sinh(x)
 (x)->sign(x)*(abs(x)-floor(abs(x)))
 (x)->when((((size(x[1]))==3)) && (((subtype(x[1]))==20)),true,false)
 (a)->when(((type(a))==DOM_IDENT),xcoordsymb(a),when(((a[0])=='pnt'),when(is3dpoint(a),(a[1])[0],real(a[1])),when(((a[0])=='='),coeff(a[1]-(a[2]),x,1),a[0])))
 (x)->when(((type(x))==DOM_IDENT),altsymb(x),when(((x[0])=='pnt'),when(is3dpoint(x),atan2((x[1])[2],sqrt(((x[1])[0])^2+((x[1])[1])^2)),0),?))
 (a)->when(((type(a))==DOM_IDENT),ycoordsymb(a),when(((a[0])=='pnt'),when(is3dpoint(a),(a[1])[1],im(a[1])),when(((a[0])=='='),coeff(a[1]-(a[2]),y,1),a[1])))
 (a)->when(((type(a))==DOM_IDENT),zcoordsymb(a),when(((a[0])=='pnt'),when(is3dpoint(a),(a[1])[2],0),when(((length(a))<3) && ((a[0])<>'='),0,when(((a[0])=='='),coeff(a[1]-(a[2]),z,1),a[2]))))
 (x)->normal(asin(x)/pi*180)*unicode0176u
 (x)->normal(acos(x)/pi*180)*unicode0176u
 (x)->normal(atan(x)/pi*180)*unicode0176u
 (y,x)->normal(arg(x+ί*y)/pi*180)*unicode0176u
 (x)->when((((x[0])=='pnt')) || ((((type(x))==DOM_LIST)) && (((subtype(x))==27))),l2norm(x),abs(x))
 (x)->when((x==0),true,when(((type(x))==DOM_LIST),(((max(flatten({x,0})))==(min(flatten({x,0}))))) && (((min(flatten({x,0})))==0)),when(((x[0])=='='),(((lhs(x))==0)) && (((rhs(x))==0)),false)))
ggbtmpvara
ggbtmpvara
+infinity
+infinity
+infinity
+infinity
+infinity
0
0
0
x
7/6*x^2
x+y
x^4*y^4
(ggbtmpvara+ggbtmpvarb)^2/ggbtmpvarc^2
((ggbtmpvara+ggbtmpvarb)/(ggbtmpvarc+ggbtmpvard))^2
13.1429
1.7*ggbtmpvara
1.67*ggbtmpvara
ggbtmpvarX=((-ggbtmpvars+5*ggbtmpvart+3,7*ggbtmpvars+ggbtmpvart+2))
ggbtmpvarX=((-ggbtmpvars+3,7*ggbtmpvars+2))
ggbtmpvarX=((3,2))
ggbtmpvarX=((-ggbtmpvars+5*ggbtmpvart,7*ggbtmpvars+ggbtmpvart))
(x,y)=((-ggbtmpvars+5*ggbtmpvart+3,7*ggbtmpvars+ggbtmpvart+2))
(x,y)=((-ggbtmpvars+3,7*ggbtmpvars+2))
(x,y)=((3,2))
(x,y)=((-ggbtmpvars+5*ggbtmpvart,7*ggbtmpvars+ggbtmpvart))
(x,y)=((-ggbtmpvars+5*ggbtmpvart+3,7*ggbtmpvars+ggbtmpvart+2))
ggbtmpvarX=((-ggbtmpvars+5*ggbtmpvart+3,7*ggbtmpvars+ggbtmpvart+2))
(x,y)=((-ggbtmpvars+ggbtmpvart*sqrt(5)+3,ggbtmpvars*sqrt(7)+ggbtmpvart+sqrt(2)))
ggbtmpvarX=((-ggbtmpvars+ggbtmpvart*sqrt(5)+3,ggbtmpvars*sqrt(7)+ggbtmpvart+sqrt(2)))
(x,y)=((-ggbtmpvars+2.2360679775*ggbtmpvart+3.0,2.645751311065*ggbtmpvars+ggbtmpvart+1.414213562373))
ggbtmpvarX=((-ggbtmpvars+2.2360679775*ggbtmpvart+3.0,2.645751311065*ggbtmpvars+ggbtmpvart+1.414213562373))
(x,y)=((-ggbtmpvars+ggbtmpvart*sqrt(5)+3,ggbtmpvars*sqrt(7)+ggbtmpvart+sqrt(2)))
ggbtmpvarX=((-ggbtmpvars+ggbtmpvart*sqrt(5)+3,ggbtmpvars*sqrt(7)+ggbtmpvart+sqrt(2)))
3*(x^2+1/6)^2-1/12
(x^2+1/2)^2+3/4
(x^3+1/2)^2-1/4
(x^3+1/2)^2+3/4
-9*(x^6+4/9)^2-65/9
-6*(x^9+3/4)^2+43/8
-6*(x+3/4)^2+43/8
undef
-9*x^10+4
-3*(x-5/6)^2+121/12
11
9/2
0
0
1
1/1000
7/250
271/1000
1
1
sin(x)+c_1
sin(ggbtmpvara*ggbtmpvart)/ggbtmpvara+c_2
-1/4*x^4+1/3*x^3+c_3
1/3*x^2-1/3*x*y-1/3*x*z+1/3*y^2-1/3*y*z+1/3*z^2
'-3+(-1)/2'
'3+1/2'
4
'0+6/7'
(ggbtmpvara^2+2*ggbtmpvara*ggbtmpvarb+ggbtmpvarb^2)/ggbtmpvarc^2
(ggbtmpvara^2+2*ggbtmpvara*ggbtmpvarb+ggbtmpvarb^2)/(ggbtmpvarc^2+2*ggbtmpvarc*ggbtmpvard+ggbtmpvard^2)
ggbtmpvara*x^2+ggbtmpvarb*x^2
1/720*x^6+1/120*x^5+1/24*x^4+1/6*x^3+1/2*x^2+x+1
4*x^2-2*x+4
ggbtmpvara+ggbtmpvarb
(-4/5,3/5)
(-ggbtmpvarb/sqrt(ggbtmpvara^2+ggbtmpvarb^2),ggbtmpvara/sqrt(ggbtmpvara^2+ggbtmpvarb^2))
17
{x=-2,x=2,x=3}
{2,ggbtmpvara,4}
{((-ggbtmpvarbunicode95uunicode49u+ggbtmpvarbunicode95uunicode50u)/(ggbtmpvarmunicode95uunicode49u-ggbtmpvarmunicode95uunicode50u),(-ggbtmpvarbunicode95uunicode49u*ggbtmpvarmunicode95uunicode50u+ggbtmpvarbunicode95uunicode50u*ggbtmpvarmunicode95uunicode49u)/(ggbtmpvarmunicode95uunicode49u-ggbtmpvarmunicode95uunicode50u))}
{{ggbtmpvard/(ggbtmpvara*ggbtmpvard-ggbtmpvarb*ggbtmpvarc),-ggbtmpvarb/(ggbtmpvara*ggbtmpvard-ggbtmpvarb*ggbtmpvarc)},{-ggbtmpvarc/(ggbtmpvara*ggbtmpvard-ggbtmpvarb*ggbtmpvarc),ggbtmpvara/(ggbtmpvara*ggbtmpvard-ggbtmpvarb*ggbtmpvarc)}}
14.5*ggbtmpvara*ggbtmpvarb
'sqrt(2)*ℯ^(ί*pi/4)'
+infinity
+infinity
{{x-1,1},{x+1,1},{x^2+1,1},{x^4+1,1}}
{1,-3,3,0}
{x^3-3*x^2+3*x}
{1,-3,3,0}
{ggbtmpvara^3-3*ggbtmpvara^2+3*ggbtmpvara}
5
0
1
1
0
0
3.037907077376
2*sqrt(2)
2*sqrt(2)*ggbtmpvara
2*x
{-12,2,3}
{ggbtmpvarb*ggbtmpvarf-ggbtmpvarc*ggbtmpvare,ggbtmpvarc*ggbtmpvard-ggbtmpvara*ggbtmpvarf,ggbtmpvara*ggbtmpvare-ggbtmpvarb*ggbtmpvard}
ggbtmpvara*ggbtmpvare-ggbtmpvarb*ggbtmpvard
(ggbtmpvarb*ggbtmpvarf-ggbtmpvarc*ggbtmpvare,ggbtmpvarc*ggbtmpvard-ggbtmpvara*ggbtmpvarf,ggbtmpvara*ggbtmpvare-ggbtmpvarb*ggbtmpvard)
-2
2
10007
Beta(5/2,7/2,15/22,1)
0.9077534389794
{x=(n_0*pi-1/4*pi)}
{x=(n_1*pi-atan(4))}
{x=(2*n_2*pi-1/4*pi),x=(2*n_2*pi+1/4*pi)}
ggbtmpvartestvar
1
x^3-x^2+1.0
-7/2
0
1
7/2
(-ggbtmpvars+5*ggbtmpvart+3,7*ggbtmpvars+ggbtmpvart+2)
(-ggbtmpvars+3,7*ggbtmpvars+2)
(3,2)
(-ggbtmpvars+5*ggbtmpvart,7*ggbtmpvars+ggbtmpvart)
2
x^4
-('3*5')
'3*5'
'2^10'
'2*3*7'
{x=1}
{x=-1}
{x=1}
{x=(2/3)}
{x=(-5/4)}
{x=(1/2*pi)}
{x=8}
{x=2,x=3}
{x=-2,x=2}
{x=(-sqrt(5)+2),x=(sqrt(5)+2)}
{x=2}
{}
igamma(2,3/2,1)
-1
-x/y
x^2
1+3*(x-1)
1+3*(x-1)+3*(x-1)^2
x^3
1+3*(x-1)+3*(x-1)^2+(x-1)^3
27*sin(y)+27*sin(y)*(x-3)+9*sin(y)*(x-3)^2
x^3*sin(3)+x^3*cos(3)*(y-3)
x^3*sin(3)+x^3*cos(3)*(y-3)-x^3*sin(3)/2*(y-3)^2
0
10
1
ggbtmpvarn
(ggbtmpvarn^3-3*ggbtmpvarn^2+2*ggbtmpvarn)/6
(ggbtmpvarn^3-3*ggbtmpvarn^2+2*ggbtmpvarn)/6
ggbtmpvarn
1
(ggbtmpvarn^3-3*ggbtmpvarn^2+2*ggbtmpvarn)/6
766790648099833656282026107194109056868560
{{x=-1,y=3}}
{{ggbtmpvara=0,ggbtmpvarb=3},{ggbtmpvara=-3,ggbtmpvarb=6}}
{}
{{ggbtmpvart=(-2*ggbtmpvars+2),ggbtmpvars=ggbtmpvars}}
{{ggbtmpvart=(-2*ggbtmpvars+2),ggbtmpvars=ggbtmpvars}}
{{ggbtmpvara=(-ggbtmpvarb),ggbtmpvarb=ggbtmpvarb}}
{{ggbtmpvara=(-ggbtmpvarb),ggbtmpvarc=0}}
{{ggbtmpvarc=0,ggbtmpvarb=(-ggbtmpvara)}}
{{ggbtmpvara=(-ggbtmpvarb),ggbtmpvarb=ggbtmpvarb,ggbtmpvarc=0}}
{3}
{4,3}
2*x=(2*x)
2*x=(3*x)
6*x+9=13
3*x-5=(7*x)
3*x-2=(7*x+7)
5*x-5
60
4*x^2+4*x+1
8*x^2*sqrt(10)+12*x^2-32*x*sqrt(10)-16*x*y-24*x+8*sqrt(10)*y^2-24*sqrt(10)*y+32*sqrt(10)+24*y^2-40*y=0
(2,0)
y=(-2*sqrt(10)+6+(sqrt(10)-3)*x)
8*x^2*sqrt(10)+12*x^2-32*x*sqrt(10)-16*x*y-24*x+8*sqrt(10)*y^2-24*sqrt(10)*y+32*sqrt(10)+24*y^2-40*y=0
(2,3)
y=(-2*sqrt(10)+9+(sqrt(10)-3)*x)
(1,1)
(3,2)
(2,3)
8*x^2*sqrt(10)+12*x^2-32*x*sqrt(10)-16*x*y-24*x+8*sqrt(10)*y^2-24*sqrt(10)*y+32*sqrt(10)+24*y^2-40*y=0
y=(-2*sqrt(10)+9+(sqrt(10)-3)*x)
1.5*x
1.2*x
1.2*x+0.3333333333
{{ggbtmpvars=0,ggbtmpvart=0}}
{{ggbtmpvars=1,ggbtmpvart=-1}}
{{ggbtmpvart=-1,ggbtmpvars=1}}
{{ggbtmpvars=-4,ggbtmpvart=-9}}
{{ggbtmpvars=(-1/2*ggbtmpvart+1),ggbtmpvart=ggbtmpvart}}
{{ggbtmpvart=(-2*ggbtmpvars+2),ggbtmpvars=ggbtmpvars}}
{ggbtmpvars=(-1/2*ggbtmpvart+1)}
{ggbtmpvart=(-2*ggbtmpvars+2)}
{}
{ggbtmpvart=0}
{ggbtmpvart=5}
{ggbtmpvart=0}
{ggbtmpvart=0}
{ggbtmpvart=-1}
{ggbtmpvart=(1/2)}
{ggbtmpvart=0.5}
{ggbtmpvart=(1/2)}
(-ggbtmpvars+5*ggbtmpvart+3,7*ggbtmpvars+ggbtmpvart+2)
{{ggbtmpvars=0,ggbtmpvart=0}}
(-ggbtmpvars+5*ggbtmpvart+3,7*ggbtmpvars+ggbtmpvart+2)
{{ggbtmpvars=1,ggbtmpvart=-1}}
(-ggbtmpvars+5*ggbtmpvart+3,7*ggbtmpvars+ggbtmpvart+2)
{{ggbtmpvart=-1,ggbtmpvars=1}}
(-ggbtmpvars+5*ggbtmpvart+3,7*ggbtmpvars+ggbtmpvart+2)
{{ggbtmpvars=-1,ggbtmpvart=1}}
(10*ggbtmpvars+5*ggbtmpvart+3,2*ggbtmpvars+ggbtmpvart+2)
{{ggbtmpvars=(-1/2*ggbtmpvart+1),ggbtmpvart=ggbtmpvart}}
(10*ggbtmpvars+5*ggbtmpvart+3,2*ggbtmpvars+ggbtmpvart+2)
{{ggbtmpvart=(-2*ggbtmpvars+2),ggbtmpvars=ggbtmpvars}}
(10*ggbtmpvars+5*ggbtmpvart+3,2*ggbtmpvars+ggbtmpvart+2)
{ggbtmpvars=(-1/2*ggbtmpvart+1)}
(10*ggbtmpvars+5*ggbtmpvart+3,2*ggbtmpvars+ggbtmpvart+2)
{ggbtmpvart=(-2*ggbtmpvars+2)}
(10*ggbtmpvars+5*ggbtmpvart+3,2*ggbtmpvars+ggbtmpvart+2)
{}
(-ggbtmpvars+5*ggbtmpvart+3,7*ggbtmpvars+ggbtmpvart+2)
{{ggbtmpvart=(1/2),ggbtmpvars=(-3/2)}}
(5*ggbtmpvart+3,ggbtmpvart+2)
{ggbtmpvart=1}
(5*ggbtmpvart+3,ggbtmpvart+2)
{ggbtmpvart=1}
(5*ggbtmpvart+3,ggbtmpvart+2)
{ggbtmpvart=(1/2)}
(5*ggbtmpvart+3,ggbtmpvart+2)
{ggbtmpvart=0.5}
(5*ggbtmpvart+3,ggbtmpvart+2)
{ggbtmpvart=(1/2)}
{{ggbtmpvart=0,ggbtmpvars=-1}}
{{ggbtmpvart=(2*ggbtmpvars+1),ggbtmpvars=ggbtmpvars}}
{}
{{ggbtmpvart=0,ggbtmpvars=(-1/2)}}
{{ggbtmpvart=0.0,ggbtmpvars=-0.5}}
{{ggbtmpvart=0,ggbtmpvars=(-1/2)}}
{{x=3,y=2,ggbtmpvart=0,ggbtmpvars=-1}}
{{x=(10*ggbtmpvars+8),y=(2*ggbtmpvars+3),ggbtmpvart=(2*ggbtmpvars+1),ggbtmpvars=ggbtmpvars}}
{}
{{x=3,y=2,ggbtmpvart=0,ggbtmpvars=(-1/2)}}
{{x=3.0,y=2.0,ggbtmpvart=0.0,ggbtmpvars=-0.5}}
{{x=3,y=2,ggbtmpvart=0,ggbtmpvars=(-1/2)}}
(x,y)=((5*ggbtmpvart+3,ggbtmpvart+2))
(x,y)=((2*ggbtmpvars+4,-2*ggbtmpvars+1))
{{ggbtmpvart=0,ggbtmpvars=(-1/2),x=3,y=2}}
ggbtmpvarX=((5*ggbtmpvart+3,ggbtmpvart+2))
ggbtmpvarX=((2*ggbtmpvars+4,-2*ggbtmpvars+1))
{{ggbtmpvart=0,ggbtmpvars=(-1/2)}}
(x,y)=((5*ggbtmpvart+3,ggbtmpvart+2))
(x,y)=((2*ggbtmpvars+4,-2*ggbtmpvars+1))
{{ggbtmpvart=0.0,ggbtmpvars=-0.5,x=3.0,y=2.0}}
ggbtmpvarX=((5*ggbtmpvart+3,ggbtmpvart+2))
ggbtmpvarX=((2*ggbtmpvars+4,-2*ggbtmpvars+1))
{{ggbtmpvart=0.0,ggbtmpvars=-0.5}}
(x,y)=((5*ggbtmpvart+3,ggbtmpvart+2))
(x,y)=((2*ggbtmpvars+4,-2*ggbtmpvars+1))
{{ggbtmpvart=0,ggbtmpvars=(-1/2),x=3,y=2}}
ggbtmpvarX=((5*ggbtmpvart+3,ggbtmpvart+2))
ggbtmpvarX=((2*ggbtmpvars+4,-2*ggbtmpvars+1))
{{ggbtmpvart=0,ggbtmpvars=(-1/2)}}
{{ggbtmpvart=0.5,ggbtmpvars=-1.0}}
{{ggbtmpvart=(1/2),ggbtmpvars=-1}}
(3-2*ggbtmpvart,1+4*ggbtmpvart,2-6*ggbtmpvart)
(ggbtmpvart+3,4*ggbtmpvart+7,-3*ggbtmpvart-4)
{{ggbtmpvaru=(1/2),ggbtmpvarv=-1}}
(3-2*ggbtmpvart,1+4*ggbtmpvart,2-6*ggbtmpvart)
(ggbtmpvart+3,4*ggbtmpvart+7,-3*ggbtmpvart-4)
{{ggbtmpvaru=0.5,ggbtmpvarv=-1.0}}
(3-2*ggbtmpvart,1+4*ggbtmpvart,2-6*ggbtmpvart)
(ggbtmpvart+3,4*ggbtmpvart+7,-3*ggbtmpvart-4)
{{ggbtmpvaru=(1/2),ggbtmpvarv=-1}}
(3-2*ggbtmpvart+ggbtmpvars,1+4*ggbtmpvart,2-6*ggbtmpvart)
(ggbtmpvart+4,4*ggbtmpvart+7,-3*ggbtmpvart-4)
{{ggbtmpvaru=(1/2),ggbtmpvarv=1,ggbtmpvarw=-1}}
(3-2*ggbtmpvart+ggbtmpvars,1+4*ggbtmpvart,2-6*ggbtmpvart)
(ggbtmpvart+4,4*ggbtmpvart+7,-3*ggbtmpvart-4)
{{ggbtmpvaru=0.5,ggbtmpvarv=1.0,ggbtmpvarw=-1.0}}
(3-2*ggbtmpvart+ggbtmpvars,1+4*ggbtmpvart,2-6*ggbtmpvart)
(ggbtmpvart+4,4*ggbtmpvart+7,-3*ggbtmpvart-4)
{{ggbtmpvaru=(1/2),ggbtmpvarv=1,ggbtmpvarw=-1}}
{{x=(1-2*ί),y=(1-ί)},{x=(1+2*ί),y=(1+ί)}}
2.0
4.5
(-2,-2)
(-2,-1)
(ggbtmpvara-3,ggbtmpvarb-2)
-infinity
-infinity
3
{{ggbtmpvara=(-ggbtmpvarb),ggbtmpvarb=ggbtmpvarb,ggbtmpvarc=0}}
{{ggbtmpvara=(-ggbtmpvarb),ggbtmpvarb=ggbtmpvarb,ggbtmpvarc=0}}
{ggbtmpvara=(-ggbtmpvarb)}
{ggbtmpvara=(-ggbtmpvarb)}
{{ggbtmpvara=(-ggbtmpvarb),ggbtmpvarb=ggbtmpvarb}}
{ggbtmpvarc=-1,ggbtmpvarc=1}
{{ggbtmpvarc=1,ggbtmpvarb=(-ggbtmpvara)},{ggbtmpvarc=-1,ggbtmpvarb=(-ggbtmpvara)}}
{{ggbtmpvart=ggbtmpvart,ggbtmpvars=(-1/2*ggbtmpvart^2+1/2)}}
{{x=(10*ggbtmpvars+8),y=(2*ggbtmpvars+3),ggbtmpvart=(2*ggbtmpvars+1),ggbtmpvars=ggbtmpvars}}
x^2-3/2*x+2
1/2*x+2
x^2-2*x
x*(x-2)
{x=0,x=2}
{(0,2),(2,3)}
(-ggbtmpvars+5*ggbtmpvart+3,7*ggbtmpvars+ggbtmpvart+2)
{{ggbtmpvart=0.5,ggbtmpvars=-1.5}}
(-ggbtmpvars+5*ggbtmpvart+3,7*ggbtmpvars+ggbtmpvart+2)
{{ggbtmpvart=(1/2),ggbtmpvars=(-3/2)}}
8*x^2*sqrt(10)+12*x^2-32*x*sqrt(10)-16*x*y-24*x+8*sqrt(10)*y^2-24*sqrt(10)*y+32*sqrt(10)+24*y^2-40*y=0
(0,(-sqrt(2*sqrt(10)+3)+3)/2)
{y=((-sqrt(2*sqrt(10)+3)+3)/2),y=(5.558213948645*x-0.02680674287353)}
(ggbtmpvara-7*x)^2=(-56*x*y+ggbtmpvarb+ggbtmpvarc)
(ggbtmpvara*x^2+ggbtmpvarb*x+ggbtmpvarc)/ggbtmpvara=0
2/3
2/9*ggbtmpvara^2-2/3*ggbtmpvara+2/3
x^2
2*x
2*x
x^2-2
(x-sqrt(2))*(x+sqrt(2))
(x-sqrt(2))*(x+sqrt(2))
-5
-5
-4
-4
4
5
5
6
x^2+ggbtmpvarp*x+ggbtmpvarq
ggbtmpvarf(x)
ℯ^(0.6931471805599*x)
3.0*ln(x)-2.0
0.9744885773743*x^0.708475312856
3
7=7
7=8
13=13
15=13
{ggbtmpvart=(10/3*ln(2))}
{x=(sqrt(ggbtmpvara)),x=(-sqrt(ggbtmpvara))}
{x=(ggbtmpvara-1),x=(ggbtmpvara+1)}
(5*ggbtmpvart+3,ggbtmpvart+2)
(3,2)
(5*ggbtmpvart,ggbtmpvart)
(ggbtmpvart*sqrt(5)+3,ggbtmpvart+sqrt(2))
(2.236067977*ggbtmpvart+3.0,ggbtmpvart+1.414213562)
(ggbtmpvart*sqrt(5)+3,ggbtmpvart+sqrt(2))
{0,4}
{4/x,0}
{{-1,3}}
{{0,3},{-3,6}}
3+2*ί
{ggbtmpvara}
{ggbtmpvara,ggbtmpvarb}
83/4
abs(x)
abs(x)
1/5
7/10
-4/5
{ί,-ί}
{ί,-ί}
{ί,-ί}
{x=x}
{}
{x=x}
{}
{{x=x,y=y}}
{}
(x+2*ί)*(x-2*ί)
(ggbtmpvara+ί*x)*(ggbtmpvara+(-ί)*x)
(x+ί*ggbtmpvara)*(x+(-ί)*ggbtmpvara)
-2
-ggbtmpvara*ggbtmpvarb+4
{1,2,4}
{1,x,ggbtmpvara}
x+2
{ggbtmpvara^2+ggbtmpvarb^2,x+2}
ggbtmpvara^2+ggbtmpvarb^2
11*ggbtmpvara*ggbtmpvarb
1+1/(x-1)^2+2/(x-1)
1+1/(ggbtmpvara-1)^2+2/(ggbtmpvara-1)
2
2
(3,2)
(ggb_ang(2,pi/3))
(ggb_ang(2,pi/3))
1.5
20.75
3.14159265358979
0.84147098480789650665
{{1,4,7},{2,5,8},{3,6,9}}
{{ggbtmpvara,ggbtmpvarc},{ggbtmpvarb,ggbtmpvard}}
-5
-5
-4
-4
5
5
6
6
{{-2,1},{3/2,-1/2}}
sqrt(2)
11
11
11
3*x+8
(-2,3)
(-ggbtmpvarb,ggbtmpvara)
y=((-sqrt(6)/12)*x+5*sqrt(6)/12)
y=((-sqrt(6)/12)*x+5*sqrt(6)/12)
y=((ggbtmpvara*sqrt(-ggbtmpvara^2+1)*x-sqrt(-ggbtmpvara^2+1))/(ggbtmpvara^2-1))
y=(-x+sqrt(2))
x=1
x=1
{y=1,x=1}
y=(ggbtmpvara*sqrt(-ggbtmpvara^2+1)/(ggbtmpvara^2-1)*x-sqrt(-ggbtmpvara^2+1)/(ggbtmpvara^2-1))
y=(ggbtmpvara^2*(-ggbtmpvara^3+1)^(1/3)/(ggbtmpvara^3-1)*x+(-ggbtmpvara^3+1)*(-ggbtmpvara^3+1)^(1/3)/(ggbtmpvara^6-2*ggbtmpvara^3+1))
y=0
//[[[ggbtanarg0:=point(0,1)],[ggbtanarg1:=((((x)^(2))-((y)^(3)))+((2)*((y)^(2))))-(y)=0],[ggbtanvar:=when(size(lname(ggbtanarg1) intersect [x]) == 0,lname(ggbtanarg1)[0],x)]],when((point(0,1))[0]=='pnt',when((ggbtanarg1)[0]=='=',equation(tangent(ggbtanarg1,ggbtanarg0)),y=normal(subst(diff(ggbtanarg1,ggbtanvar),ggbtanvar=real(ggbtanarg0[1]))*(x-real(ggbtanarg0[1]))+subst(ggbtanarg1,ggbtanvar=real(point(0,1)[1])))),y=normal(subst(diff(ggbtanarg1,ggbtanvar),ggbtanvar=ggbtanarg0)*(x-(ggbtanarg0))+subst(ggbtanarg1,ggbtanvar=ggbtanarg0)))][1]) 

5
x+4
5
ggbtmpvara+2*ggbtmpvarb
{1,3,5,15}
15
17
12
-23
1
4*x+9
ggbtmpvara
14
ggbtmpvarr^(ggbtmpvarn+1)/(ggbtmpvarr-1)-1/(ggbtmpvarr-1)
3/2
3/4
?
?
?
?
?
2
7
9973
x-1/2=(2*x+3)
x=(2*x+7/2)
x=(2.0*x+3.5)
100*(3/2)^ggbtmpvart
225
100*(3/2)^ggbtmpvart
{ggbtmpvart=2.0}
100*(3/2)^ggbtmpvart
{ggbtmpvart=2}
{ggbtmpvarc=100}
{ggbtmpvara=(-3/2),ggbtmpvara=(3/2)}
ggbtmpvara^ggbtmpvart*ggbtmpvarc
{ggbtmpvara=(-15*sqrt(ggbtmpvarc)/ggbtmpvarc),ggbtmpvara=(15*sqrt(ggbtmpvarc)/ggbtmpvarc)}
x^2-3/2*x+2
1/2*x+2
x^2-3/2*x+2
1/2*x+2
x^2-2*x
x^2-3/2*x+2
1/2*x+2
x^2-2*x
x*(x-2)
x^2-3/2*x+2
1/2*x+2
x^2-2*x
{x=0,x=2}
x^2-3/2*x+2
1/2*x+2
{(0,2),(2,3)}
ggbtmpvara*x^3+ggbtmpvarb*x^2+ggbtmpvarc*x+ggbtmpvard
ggbtmpvara+ggbtmpvarb+ggbtmpvarc+ggbtmpvard=1
ggbtmpvara*x^3+ggbtmpvarb*x^2+ggbtmpvarc*x+ggbtmpvard
8*ggbtmpvara+4*ggbtmpvarb+2*ggbtmpvarc+ggbtmpvard=2
ggbtmpvara*x^3+ggbtmpvarb*x^2+ggbtmpvarc*x+ggbtmpvard
3*ggbtmpvara*x^2+2*ggbtmpvarb*x+ggbtmpvarc
3*ggbtmpvara+2*ggbtmpvarb+ggbtmpvarc=0
ggbtmpvara*x^3+ggbtmpvarb*x^2+ggbtmpvarc*x+ggbtmpvard
6*ggbtmpvara*x+2*ggbtmpvarb
6*ggbtmpvara+2*ggbtmpvarb=0
ggbtmpvara*x^3+ggbtmpvarb*x^2+ggbtmpvarc*x+ggbtmpvard
ggbtmpvara+ggbtmpvarb+ggbtmpvarc+ggbtmpvard=1
8*ggbtmpvara+4*ggbtmpvarb+2*ggbtmpvarc+ggbtmpvard=2
3*ggbtmpvara*x^2+2*ggbtmpvarb*x+ggbtmpvarc
3*ggbtmpvara+2*ggbtmpvarb+ggbtmpvarc=0
6*ggbtmpvara*x+2*ggbtmpvarb
6*ggbtmpvara+2*ggbtmpvarb=0
{{ggbtmpvara=1,ggbtmpvarb=-3,ggbtmpvarc=3,ggbtmpvard=0}}
{{2,3,2},{1,1,1},{0,-1,3}}
{{3},{2},{7}}
{{x},{y},{z}}
{{2,3,2},{1,1,1},{0,-1,3}}
{{3},{2},{7}}
{{x},{y},{z}}
({{2*x+3*y+2*z},{x+y+z},{-y+3*z}}) %= {{3},{2},{7}}
{{2,3,2},{1,1,1},{0,-1,3}}
{{3},{2},{7}}
{{1},{-1},{2}}
{5,1}
{x+4,5}
{{1,0,0},{0,1,0},{0,0,1}}
3
{{1,0,0},{0,1,0},{0,0,1}}
4
{{1,0,0,0},{0,1,0,0},{0,0,1,0},{0,0,0,1}}
{{2,17,-3},{ggbtmpvarb,ggbtmpvarc,0},{ggbtmpvarf,0,1}}
{{1,0,0},{0,1,0},{0,0,1}}
(ggbtmpvara^2-3*ggbtmpvarb)*(5*ggbtmpvarb^2-3*ggbtmpvara)
ggbtmpvara*x^3+ggbtmpvarb*x^2+ggbtmpvarc*x+ggbtmpvard
x^3+ggbtmpvarc*x^2+ggbtmpvara*x+ggbtmpvarb
x^2+ggbtmpvara*x
0.442
2*x
3*ggbtmpvara*x^2
x^3
6*ggbtmpvara*x
{1}
{1,4}
10
(ggbtmpvara-ggbtmpvarb)^4
(x-y)*(x+y)
-(y-x)*(y+x)
ggbtmpvara*x+7*x
3
6
9+6*(x-3)
ggbtmpvara^2+2*ggbtmpvara*(x-ggbtmpvara)
ggbtmpvarX=((5*ggbtmpvart+3,ggbtmpvart+2))
ggbtmpvarX=((3,2))
ggbtmpvarX=((5*ggbtmpvart,ggbtmpvart))
ggbtmpvarX=((ggbtmpvart*sqrt(5)+3,ggbtmpvart+sqrt(2)))
ggbtmpvarX=((2.2360679775*ggbtmpvart+3.0,ggbtmpvart+1.414213562373))
ggbtmpvarX=((ggbtmpvart*sqrt(5)+3,ggbtmpvart+sqrt(2)))
(x,y)=((5*ggbtmpvart+3,ggbtmpvart+2))
(x,y)=((3,2))
(x,y)=((5*ggbtmpvart,ggbtmpvart))
(x,y)=((ggbtmpvart*sqrt(5)+3,ggbtmpvart+sqrt(2)))
(x,y)=((2.2360679775*ggbtmpvart+3.0,ggbtmpvart+1.414213562373))
(x,y)=((ggbtmpvart*sqrt(5)+3,ggbtmpvart+sqrt(2)))
(x,y)=((5*ggbtmpvart+3,ggbtmpvart+2))
ggbtmpvarX=((5*ggbtmpvart+3,ggbtmpvart+2))
(x,y)=((ggbtmpvart*sqrt(5)+3,ggbtmpvart+sqrt(2)))
ggbtmpvarX=((ggbtmpvart*sqrt(5)+3,ggbtmpvart+sqrt(2)))
(x,y)=((2.2360679775*ggbtmpvart+3.0,ggbtmpvart+1.414213562373))
ggbtmpvarX=((2.2360679775*ggbtmpvart+3.0,ggbtmpvart+1.414213562373))
(x,y)=((ggbtmpvart*sqrt(5)+3,ggbtmpvart+sqrt(2)))
ggbtmpvarX=((ggbtmpvart*sqrt(5)+3,ggbtmpvart+sqrt(2)))
{3,1,7,3,5}
{ggbtmpvara=2.31205450048}
(4,6)
(4,5)
(ggbtmpvara+3,ggbtmpvarb+2)
ggbtmpvara*x^3+ggbtmpvarb*x^2+ggbtmpvarc*x+ggbtmpvard
1-1/ℯ^2
4
4
1
4
3
x+2
x+2
true
false
4
2*ggbtmpvart+3
ggbtmpvart^2+3*ggbtmpvart+c_4
{cunicode95uunicode49u=0}
-2
ggbtmpvarf
(x-2)*(x+3)
(x-y)*(x+y)
-3*ggbtmpvara*(ggbtmpvarb-3*ggbtmpvara)
-3*ggbtmpvara^2*(ggbtmpvarb-3)
-3*ggbtmpvarb^2*ggbtmpvara*(ggbtmpvarc-3*ggbtmpvarb*ggbtmpvara)
(3*x-5*y)*(3*x+5*y)
(ggbtmpvarb+ggbtmpvara)*(5*x-2*y)
4*(3*ggbtmpvarr+ggbtmpvart)^2
(-ggbtmpvarb^2-5)*(2*ggbtmpvara-3)
(ggbtmpvara+ggbtmpvarb)^2/(ggbtmpvarc+ggbtmpvard)^2
4
ggbtmpvara
2*ℯ^(2*x)
17
4
5
4
10
ggbtmpvare
{x=3}
2*x
12
{x=(-4.1939143755)}
x^3-x^2+1.0
-1
ggbtmpvara
ggbtmpvara^2
ggbtmpvara^2-(ggbtmpvarn+3)^2
8*ggbtmpvara^2-24*ggbtmpvara
2*ggbtmpvara-ggbtmpvarb+6
13
7/3
integrate(ggbtmpvarf(y),y,ggbtmpvarsomevar,ggbtmpvarg(ggbtmpvarh))
5
sum(ggbtmpvarf(y),y,ggbtmpvarsomevar,ggbtmpvarg(ggbtmpvarh))
sqrt(3)*sqrt(x+2)
(ggbtmpvara*ggbtmpvard+ggbtmpvarb*ggbtmpvarc)/(ggbtmpvarc*ggbtmpvard)
(ggbtmpvara*ggbtmpvard+ggbtmpvarc*ggbtmpvarb)/(ggbtmpvard*ggbtmpvarc)
{{ggbtmpvara=2,ggbtmpvarb=0},{ggbtmpvara=2,ggbtmpvarb=(1/2)}}
{ggbtmpvara,ggbtmpvarb,ggbtmpvarc}
{ggbtmpvarc}
{ggbtmpvara,ggbtmpvarb,ggbtmpvarc,ggbtmpvard}
true
false
true
true
true
false
false
8*x^2*sqrt(10)+12*x^2-32*x*sqrt(10)-16*x*y-24*x+8*sqrt(10)*y^2-24*sqrt(10)*y+32*sqrt(10)+24*y^2-40*y=0
y=((x*(-4*sqrt(10)+6)-sqrt(10)-3*sqrt(x^2*(-sqrt(10)*26-54)+x*(sqrt(10)*104+216)-sqrt(10)*38-5)-45)/(-6*sqrt(10)-22))
(sqrt(10)*39*x+2*sqrt(10)*sqrt(x^2*(-sqrt(10)*26-54)+x*(sqrt(10)*104+216)-sqrt(10)*38-5)+81*x-3*sqrt(x^2*(-sqrt(10)*26-54)+x*(sqrt(10)*104+216)-sqrt(10)*38-5)-sqrt(10)*78-162)/(3*sqrt(10)*sqrt(x^2*(-sqrt(10)*26-54)+x*(sqrt(10)*104+216)-sqrt(10)*38-5)+11*sqrt(x^2*(-sqrt(10)*26-54)+x*(sqrt(10)*104+216)-sqrt(10)*38-5))
{x=((-sqrt(2*sqrt(10)-3)*sqrt(31)+62)/31)}
(sqrt(10)*39*x+2*sqrt(10)*sqrt(x^2*(-sqrt(10)*26-54)+x*(sqrt(10)*104+216)-sqrt(10)*38-5)+81*x-3*sqrt(x^2*(-sqrt(10)*26-54)+x*(sqrt(10)*104+216)-sqrt(10)*38-5)-sqrt(10)*78-162)/(3*sqrt(10)*sqrt(x^2*(-sqrt(10)*26-54)+x*(sqrt(10)*104+216)-sqrt(10)*38-5)+11*sqrt(x^2*(-sqrt(10)*26-54)+x*(sqrt(10)*104+216)-sqrt(10)*38-5))
(x^2*(sqrt(10)*30+358)+(x*(-sqrt(10)*39-81)+sqrt(10)*78+162)*sqrt(x^2*(-sqrt(10)*26-54)+x*(sqrt(10)*104+216)-sqrt(10)*38-5)+x*(-sqrt(10)*120-1432)-sqrt(10)*104+745)/(x^2*(sqrt(10)*448+1374)+x*(-sqrt(10)*1792-5496)+sqrt(10)*433+1195)
{x=((-sqrt(2*sqrt(10)-3)*sqrt(31)+62)/31)}
x^2
2*x
2*x
x^2
2*x
2.0*x
x^2
2*x
2*x
y-5*x=0
{{ggbtmpvart=(-2*ggbtmpvars+2),ggbtmpvars=ggbtmpvars}}
{{ggbtmpvara=(-ggbtmpvarb),ggbtmpvarb=ggbtmpvarb}}
{{x=0,ggbtmpvara=(-ggbtmpvarb),ggbtmpvarb=ggbtmpvarb}}
{ggbtmpvarb=(-ggbtmpvara)}
{ggbtmpvarc=-1,ggbtmpvarc=1}
x+2*y=3
4*x+5*y=6
{{x=-1,y=2}}
{x=((sqrt(-4*ggbtmpvara*ggbtmpvarc+ggbtmpvarb^2)-ggbtmpvarb)/(2*ggbtmpvara)),x=((-sqrt(-4*ggbtmpvara*ggbtmpvarc+ggbtmpvarb^2)-ggbtmpvarb)/(2*ggbtmpvara))}
{ggbtmpvara=(ggbtmpvark^2)}
{ggbtmpvark=(sqrt(ggbtmpvara)),ggbtmpvark=(-sqrt(ggbtmpvara))}
{ggbtmpvarp=1}
{ggbtmpvarc=0}
{ggbtmpvara=(ggbtmpvarb^ggbtmpvarc)}
{ggbtmpvarb=(ggbtmpvara^(1/ggbtmpvarc))}
{ggbtmpvarc=(ln(ggbtmpvara)/ln(ggbtmpvarb))}
{}
{}
{{-1,1},{3,1},{5,1}}
{{3,1},{5,1}}
{{2,10}}
{{2,1},{3,1},{7,1}}
false
false
false
false
false
false
true
false
true
3*(x+5/6)^2+71/12
3*x+1
[ggbtmpvarc^2,3*x+1]
5
(-ggbtmpvars+5*ggbtmpvart+3,7*ggbtmpvars+ggbtmpvart+2)
(-ggbtmpvars+3,7*ggbtmpvars+2)
(3,2)
(-ggbtmpvars+5*ggbtmpvart,7*ggbtmpvars+ggbtmpvart)
(ggbtmpvara*x+ggbtmpvarb*y,ggbtmpvarc*x+ggbtmpvard*y)
(11,10)
(ggbtmpvara+3*ggbtmpvarb,2*ggbtmpvara+4*ggbtmpvarb)
(5*ggbtmpvart+3,ggbtmpvart+2)
(3,2)
(5*ggbtmpvart,ggbtmpvart)
(ggbtmpvart*sqrt(5)+3,ggbtmpvart+sqrt(2))
(2.2360679775*ggbtmpvart+3.0,ggbtmpvart+1.414213562373)
(ggbtmpvart*sqrt(5)+3,ggbtmpvart+sqrt(2))
24
{x=(ί),x=(-ί)}
{x=(ί),x=(-ί)}
{ggbtmpvara=(ί),ggbtmpvara=(-ί)}
28/45
44/45
1
1
{ggbtmpvard}
{ggbtmpvarc,ggbtmpvard}
3*x^2+1
11
(3/5,4/5)
(ggbtmpvara/sqrt(ggbtmpvara*ggbtmpvara+ggbtmpvarb*ggbtmpvarb),ggbtmpvarb/sqrt(ggbtmpvara*ggbtmpvara+ggbtmpvarb*ggbtmpvarb))
(1/3,2/3,2/3)
17
0
5
{{0,0},{0,0}}
{{1,1},{0,0}}
{{1,0},{0,1}}
{{1,0,0},{0,1,0},{0,0,1}}
0
(erf(-sqrt(2))+1)/2
{ggbtmpvareps=0.6744897501961}
5
{3,2}
{3,2}
{{ggbtmpvart=0,ggbtmpvars=-1}}
{{ggbtmpvart=(2*ggbtmpvars+1),ggbtmpvars=ggbtmpvars}}
{}
{{ggbtmpvart=0,ggbtmpvars=(-1/2)}}
{{ggbtmpvart=0.0,ggbtmpvars=-0.5}}
{{ggbtmpvart=0,ggbtmpvars=(-1/2)}}
(5*ggbtmpvart+3,ggbtmpvart+2)
(ggbtmpvars+4,-ggbtmpvars+1)
{{ggbtmpvaru=0,ggbtmpvarv=-1}}
(5*ggbtmpvart+3,ggbtmpvart+2)
(10*ggbtmpvars+8,2*ggbtmpvars+3)
{{ggbtmpvaru=(2*ggbtmpvarv+1),ggbtmpvarv=ggbtmpvarv}}
(5*ggbtmpvart+3,ggbtmpvart+2)
(10*ggbtmpvars+8,2*ggbtmpvars+3)
{}
(5*ggbtmpvart+3,ggbtmpvart+2)
(2*ggbtmpvars+4,-2*ggbtmpvars+1)
{{ggbtmpvaru=0,ggbtmpvarv=(-1/2)}}
(5*ggbtmpvart+3,ggbtmpvart+2)
(2*ggbtmpvars+4,-2*ggbtmpvars+1)
{{ggbtmpvaru=0.0,ggbtmpvarv=-0.5}}
(5*ggbtmpvart+3,ggbtmpvart+2)
(2*ggbtmpvars+4,-2*ggbtmpvars+1)
{{ggbtmpvaru=0,ggbtmpvarv=(-1/2)}}
(2*ggbtmpvart+1,8*ggbtmpvart+2)
(2*ggbtmpvart+1,ggbtmpvart+1)
{{ggbtmpvart=(-1/7),ggbtmpvars=(-1/7)}}
{ggbtmpvart=(1/2)}
{ggbtmpvart=0.5}
{ggbtmpvart=(1/2)}
(3-2*ggbtmpvart,1+4*ggbtmpvart,2-6*ggbtmpvart)
{ggbtmpvart=(1/2)}
(3-2*ggbtmpvart,1+4*ggbtmpvart,2-6*ggbtmpvart)
{ggbtmpvart=0.5}
(3-2*ggbtmpvart,1+4*ggbtmpvart,2-6*ggbtmpvart)
{ggbtmpvart=(1/2)}
{{x=2,y=3,z=-1,ggbtmpvart=(1/2),ggbtmpvars=-1}}
{{x=2.0,y=3.0,z=-1.0,ggbtmpvart=0.5,ggbtmpvars=-1.0}}
{{x=2,y=3,z=-1,ggbtmpvart=(1/2),ggbtmpvars=-1}}
{{ggbtmpvart=(1/2),ggbtmpvars=-1}}
-6
-6
-5
-5
4
4
5
5
28/45
16/45
1/45
0
0.7468241328124
0.7468241328124
y=(c_0*x)
y=(c_0*x)
{x=((5*ln(7)+ln(9))/(ln(5)+2*ln(7)-ln(9)))}
{x=((-ln(11)-ln(5))/(ln(13)-ln(5)))}
ggbtmpvara*x^2+3*x-5
{x=((sqrt(20*ggbtmpvara+9)-3)/(2*ggbtmpvara)),x=((-sqrt(20*ggbtmpvara+9)-3)/(2*ggbtmpvara))}
{ggbtmpvara=(-9/20)}
{{1-2*ί,1-ί},{1+2*ί,1+ί}}
0
1
2
{1,2,3,4,5}
{x,x^2,x^3,x^4,x^5,x^6,x^7,x^8,x^9,x^10}
{x,x^3,x^5,x^7,x^9}
3
ggbtmpvarb
15
x^2+2
x^2+ggbtmpvarp*x+ggbtmpvarq
1
x^2+x+2
2
2*ggbtmpvara^2+2*ggbtmpvara+1
1/1000
27/1000
243/1000
729/1000
0
sqrt(5)
sqrt(5)
{3,4,4,4,3}
{ggbtmpvara,ggbtmpvarc,ggbtmpvara}
{2,2,1,3,5}
{4,6,8}
ggbtmpvara^2*ggbtmpvarb^2-0.6*ggbtmpvara^3-3.0*ggbtmpvarb^3+1.8*ggbtmpvara*ggbtmpvarb
-sin(ggbtmpvara)+sin(ggbtmpvarb)
-sin(ggbtmpvara)+sin(ggbtmpvarb)
1
sqrt(ggbtmpvara^2-3*ggbtmpvara+3)/sqrt(3)
