"geogebra mode on"
 (x)->when(((length(x))==0),{},when(((type(x[0]))==DOM_LIST),x,sort(x)))
 (y,x)->arg(x+ί*y)
 (x)->1/cosh(x)
 (x)->1/sinh(x)
 (x)->sign(x)*(abs(x)-floor(abs(x)))
 (x)->when((((size(x[1]))==3)) && (((subtype(x[1]))==20)),true,false)
 (a)->when(((type(a))==DOM_IDENT),xcoordsymb(a),when(((a[0])=='pnt'),when(is3dpoint(a),(a[1])[0],real(a[1])),when(((a[0])=='='),coeff(a[1]-(a[2]),x,1),a[0])))
 (x)->when(((type(x))==DOM_IDENT),altsymb(x),when(((x[0])=='pnt'),when(is3dpoint(x),atan2((x[1])[2],sqrt(((x[1])[0])^2+((x[1])[1])^2)),0),?))
 (a)->when(((type(a))==DOM_IDENT),ycoordsymb(a),when(((a[0])=='pnt'),when(is3dpoint(a),(a[1])[1],im(a[1])),when(((a[0])=='='),coeff(a[1]-(a[2]),y,1),a[1])))
 (a)->when(((type(a))==DOM_IDENT),zcoordsymb(a),when(((a[0])=='pnt'),when(is3dpoint(a),(a[1])[2],0),when(((length(a))<3) && ((a[0])<>'='),0,when(((a[0])=='='),coeff(a[1]-(a[2]),z,1),a[2]))))
 (x)->normal(asin(x)/pi*180)*unicode0176u
 (x)->normal(acos(x)/pi*180)*unicode0176u
 (x)->normal(atan(x)/pi*180)*unicode0176u
 (y,x)->normal(arg(x+ί*y)/pi*180)*unicode0176u
 (x)->when((((x[0])=='pnt')) || ((((type(x))==DOM_LIST)) && (((subtype(x))==27))),l2norm(x),abs(x))
 (x)->when((x==0),true,when(((type(x))==DOM_LIST),(((max(flatten({x,0})))==(min(flatten({x,0}))))) && (((min(flatten({x,0})))==0)),when(((x[0])=='='),(((lhs(x))==0)) && (((rhs(x))==0)),false)))
2
cos(x)
-sin(x)
x-1
1
sin(x)
-cos(x)+c_1
x^2
4
{}
x^2
x^2
-0.96139749187955685726163694486915609849206725405894
-0.96139749187955685726163694486915609849206725405894
x^4-2
sin(x+y)
sin(x+y)
1
{0}
{}
-sin(x)
ERROR: prevprime Error: Bad Argument Type
bounded_function(2)
bounded_function(4)
bounded_function(6)
bounded_function(8)
1/sin(x)
[]
y=(c_0-1/2*x^2)
y=(-1/2*x^2+3/2)
{}
sin(x+y)
x^2-1
sin(x)
sin(x)*cos(y)+cos(x)*sin(y)
sin(x)*cos(y)+cos(x)*sin(y)
cos(x)
cos(x)
sin(x)
ERROR: Index outside range : 0, vector size is 0, syntax compatibility mode xcas
 Error: Invalid dimension
{{x,2.0}}
cos(x)
-sin(x)
-cos(x)+c_2
{}
sin(x+y)
sin(x+y)
1
{0}
sin(x)
y=(c_0-1/2*x^2)
ERROR: Index outside range : 0, vector size is 0, syntax compatibility mode xcas
 Error: Invalid dimension
{}
sin(x)*cos(y)+cos(x)*sin(y)
sin(x)*cos(y)+cos(x)*sin(y)
{}
-0.96139749187955685726163694486915609849206725405894
{}
-x/y
