[v6^4*v3^4-4*v6^3*v5*v3^3*v4+6*v6^2*v5^2*v3^2*v4^2-4*v6*v5^3*v3*v4^3+v5^4*v4^4,v6^3*v3^5-v6^3*v5*v3^4-3*v6^2*v5*v3^4*v4+3*v6^2*v5^2*v3^3*v4+3*v6*v5^2*v3^3*v4^2-3*v6*v5^3*v3^2*v4^2-v5^3*v3^2*v4^3+v5^4*v3*v4^3,v6^2*v3^6-2*v6^2*v5*v3^5-2*v6*v5*v3^5*v4+v6^2*v5^2*v3^4+4*v6*v5^2*v3^4*v4+v5^2*v3^4*v4^2-2*v6*v5^3*v3^3*v4-2*v5^3*v3^3*v4^2+v5^4*v3^2*v4^2,v6^4*v3^3*v4-v6^2*v3^3*v4^3-4*v6^3*v5*v3^2*v4^2+2*v6^2*v5*v3^2*v4^3+2*v6*v5*v3^2*v4^4+5*v6^2*v5^2*v3*v4^3-4*v6*v5^2*v3*v4^4-v5^2*v3*v4^5-2*v6*v5^3*v4^4+2*v5^3*v4^5,v6^3*v3^4*v4-v6^3*v5*v3^3*v4-3*v6^2*v5*v3^3*v4^2+3*v6^2*v5^2*v3^2*v4^2+3*v6*v5^2*v3^2*v4^3-3*v6*v5^3*v3*v4^3-v5^3*v3*v4^4+v5^4*v4^4,v6^2*v3^5*v4-2*v6^2*v5*v3^4*v4-2*v6*v5*v3^4*v4^2+v6^2*v5^2*v3^3*v4+4*v6*v5^2*v3^3*v4^2+v5^2*v3^3*v4^3-2*v6*v5^3*v3^2*v4^2-2*v5^3*v3^2*v4^3+v5^4*v3*v4^3,v6^4*v3^2*v4^2-2*v6^3*v3^2*v4^3+v6^2*v3^2*v4^4-2*v6^3*v5*v3*v4^3+4*v6^2*v5*v3*v4^4-2*v6*v5*v3*v4^5+v6^2*v5^2*v4^4-2*v6*v5^2*v4^5+v5^2*v4^6,v6^3*v3^3*v4^2-v6^2*v3^3*v4^3-v6^3*v5*v3^2*v4^2-v6^2*v5*v3^2*v4^3+2*v6*v5*v3^2*v4^4+2*v6^2*v5^2*v3*v4^3-v6*v5^2*v3*v4^4-v5^2*v3*v4^5-v6*v5^3*v4^4+v5^3*v4^5,v6^2*v3^4*v4^2-2*v6^2*v5*v3^3*v4^2-2*v6*v5*v3^3*v4^3+v6^2*v5^2*v3^2*v4^2+4*v6*v5^2*v3^2*v4^3+v5^2*v3^2*v4^4-2*v6*v5^3*v3*v4^3-2*v5^3*v3*v4^4+v5^4*v4^4]
