[v4*v6*v5-v4*v6*v9,v3*v6*v5-v3*v6*v9,v4*v5^2-v4*v5*v9,v3*v5^2-v3*v5*v9]
