[v3*v4^2+v3^3-4*v9*v3^2+4*v9^2*v3,v4^3+v3^2*v4-4*v9*v3*v4+4*v9^2*v4]
