[v5^2*v4*v3*v11-v5^2*v4*v11^2-v5*v4*v3*v11^2+v5*v4*v11^3,v5*v4^2*v3*v11-v5*v4^2*v11^2-v4^2*v3*v11^2+v4^2*v11^3,v5^2*v3^2*v11-v5^2*v3*v11^2-v5*v3^2*v11^2+v5*v3*v11^3,v5*v4*v3^2*v11-v5*v4*v3*v11^2-v4*v3^2*v11^2+v4*v3*v11^3,v5*v3^3*v11-v5*v3^2*v11^2-v3^3*v11^2+v3^2*v11^3,v5^3*v3-v5*v3^3-v5^3*v11-v5^2*v3*v11+v5*v3^2*v11+v3^3*v11+v5^2*v11^2-v3^2*v11^2]
