[v4^2*v6-v4*v6^2,v4*v6*v3-v6^2*v3,v6*v3*v5-v6*v3^2,v3*v5^2-v3^2*v5,v4*v5-v6*v3]
