[v3^4+v4^2*v3^2+2*v5*v3^3+2*v5*v4^2*v3+v5^2*v3^2+v5^2*v4^2]
