[v5^2*v3+v3*v6^2-v3*v4*v6-v5*v3^2,v4*v6^2-v4^2*v6+v5*v3*v6-v3^2*v6,v5*v4-v3*v6]
