[v9^2*v11*v8^2-v9*v11^2*v8^2-v9^2*v11*v8*v6+v9*v11^2*v8*v6-v9*v11*v8^2*v5+v11^2*v8^2*v5+v9*v11*v8*v6*v5-v11^2*v8*v6*v5,v9^2*v11*v8*v7-v9*v11^2*v8*v7-v9^2*v11*v8*v5+v9*v11^2*v8*v5-v9*v11*v8*v7*v5+v11^2*v8*v7*v5+v9*v11*v8*v5^2-v11^2*v8*v5^2,v9^2*v11*v7^2-v9*v11^2*v7^2-v9^2*v11*v7*v5+v9*v11^2*v7*v5-v9*v11*v7^2*v5+v11^2*v7^2*v5+v9*v11*v7*v5^2-v11^2*v7*v5^2,v4*v11^2*v8-v9*v11*v8^2+v9*v11*v8*v6-v11^2*v8*v6-v4*v11*v8*v5+v11*v8^2*v5,v4*v11^2*v7-v9*v11*v8*v7-v11^2*v7*v6+v9*v11*v8*v5-v4*v11*v7*v5+v11*v8*v7*v5+v11*v7*v6*v5-v11*v8*v5^2,v3*v11^2*v7-v9*v11*v7^2+v9*v11*v7*v5-v3*v11*v7*v5-v11^2*v7*v5+v11*v7^2*v5,v4*v11*v7*v6-v11*v7*v6^2-v4*v11*v8*v5+v11*v8*v6*v5-v4*v7*v6*v5+v7*v6^2*v5+v4*v8*v5^2-v8*v6*v5^2,v3*v7*v6^2-v3*v8*v6*v5-v4*v7*v6*v5+v4*v8*v5^2,v9*v4*v11-v9*v11*v8-v4*v11*v5+v11*v8*v5,v9*v3*v11-v9*v11*v7-v3*v11*v5+v11*v7*v5,v9*v4*v8-v4*v11*v8-v9*v8*v6+v11*v8*v6,v9*v3*v8-v4*v11*v7+v3*v7*v6+v11*v7*v6-v9*v8*v5-v3*v8*v5-v7*v6*v5+v8*v5^2,v3*v11*v8-v4*v11*v7+v3*v7*v6+v11*v7*v6-v3*v8*v5-v11*v8*v5-v7*v6*v5+v8*v5^2,v9*v4*v7-v4*v11*v7+v11*v7*v6-v9*v8*v5-v7*v6*v5+v8*v5^2,v9*v3*v7-v3*v11*v7-v9*v7*v5+v11*v7*v5,v3*v11*v6-v4*v11*v5,v9*v7*v6-v9*v8*v5-v7*v6*v5+v8*v5^2]
