[v4*v5^2*v3-v5*v6*v3^2-v4*v5^2*v13-v4*v5*v3*v13+v5*v6*v3*v13+v6*v3^2*v13+v4*v5*v13^2-v6*v3*v13^2]
