[v4^2*v5*v13-v4*v6*v3*v13-v4*v5*v3*v14+v6*v3^2*v14]
