[v6^2*v3+v5^2*v3-4*v5*v3*v11+4*v3*v11^2,v6*v4-v5*v3+2*v3*v11,v5*v4+v6*v3-2*v4*v11,v4^2+v3^2]
