[v6^2*v5*v4^2*v3^2+v5^3*v4^2*v3^2+v6^3*v4*v3^3+v6*v5^2*v4*v3^3+2*v6^2*v5*v3^4+2*v5^3*v3^4-2*v6*v5*v4^3*v3*v11-4*v6^2*v4^2*v3^2*v11-4*v5^2*v4^2*v3^2*v11-6*v6*v5*v4*v3^3*v11-2*v6^2*v3^4*v11-6*v5^2*v3^4*v11+v5*v4^4*v11^2+5*v6*v4^3*v3*v11^2+7*v5*v4^2*v3^2*v11^2+5*v6*v4*v3^3*v11^2+6*v5*v3^4*v11^2-2*v4^4*v11^3-4*v4^2*v3^2*v11^3-2*v3^4*v11^3]
