[v9*v4^2*v5-v4^2*v5^2-v9*v4*v6*v3+v4*v5*v6*v3,v9*v4*v5*v3-v4*v5^2*v3-v9*v6*v3^2+v5*v6*v3^2]
