[4*v24^2*v28-4*v24*v26*v28+5*v26^2*v28+10*v22-4*v24+5*v26,v27*v26*v28-2*v19*v28+v27,4*v19^2+1,4*v19*v22-10*v22^2+4*v22*v24-2*v24^2-v22+v24,5*v22^2-2*v22*v24+v24^2,2*v19*v25+v26,2*v22*v25-v22*v26+v24*v26,v25^2+v26^2,4*v19*v24-5*v22+v24,2*v25*v24-5*v22*v26+v24*v26,v22*v27-v19,v24*v27-v19-1,2*v19*v26-v25,2*v22*v28-v26*v28-1,2*v25*v28+2*v24*v28-v26*v28+4*v19-1,v5-v22+v24,v6-2*v22,v7-v22+v24,v8-2*v22,v9-v22+v24,v10-2*v22,v11,2*v12-1,2*v13-v22+v24,v14-v22,v15-1,2*v17+3*v22+v24,2*v16-1,v18-2*v22+v24,2*v21-v22+v24,2*v20-1,2*v23-5*v22+v24]
