[8*v15*v25^3+4*v15*v25^2*v26-16*v16*v25^2-8*v16*v25*v26-v16*v26^2+16*v25^2+8*v25*v26+v26^2,8*v16*v25^3+4*v16*v25^2*v26+16*v15*v25^2-8*v25^3+8*v15*v25*v26-4*v25^2*v26+v15*v26^2,16*v25^4+8*v25^3*v26-2*v23*v26^3-v22*v26^3+v26^3+64*v25^2+32*v25*v26+4*v26^2,v15*v24*v26^2+4*v15*v25^2-v15*v26^2-8*v16*v25-2*v16*v26+8*v25+2*v26,v16*v24*v26^2+4*v16*v25^2-v16*v26^2-v24*v26^2+8*v15*v25-4*v25^2+2*v15*v26+v26^2,v24*v26^3-16*v25^3-4*v25^2*v26-4*v22*v26^2-v26^3+4*v26^2-64*v25-16*v26,8*v18*v24^2-2*v18*v20-6*v18*v24+4*v23*v24-4*v24^2+v18+v20-2*v23+2*v24,4*v20*v24^2-4*v24^3-v20^2-2*v20*v24+4*v24^2-v24,140*v15*v20*v26-280*v20*v23*v26-280*v15*v24*v26-733*v18^2+733*v18*v21-7400*v21*v20-2932*v20^2+1466*v18*v23+280*v15*v25+1466*v18*v24+17732*v20*v24-14800*v24^2+140*v15*v26+280*v23*v26-280*v16+1293*v21+733*v20+3908*v24+560,140*v16*v20*v26-280*v16*v24*v26+1933*v18^2-1933*v18*v21+19680*v21*v20+7732*v20^2-3866*v18*v23+280*v16*v25-3866*v18*v24-47092*v20*v24+39360*v24^2+140*v16*v26-140*v20*v26+280*v24*v26+280*v15-1933*v21-1933*v20-280*v25-11948*v24-140*v26,v20^2*v26-3*v20*v26+3*v24*v26-v18+v21-2*v23-4*v22-2*v25-v26+4,v15*v22*v26-2*v16*v24*v26+2*v16*v25-v15*v26+2*v16*v26+2*v24*v26-2*v25-2*v26,v16*v22*v26+2*v15*v24*v26-2*v15*v25-2*v15*v26-v16*v26-v22*v26+v26,2*v20*v24*v26-3*v20*v26+2*v24*v26-4*v23-4*v22-2*v25-v26+4,v23*v24*v26-v23*v26-v21+2*v24-1,2*v24^2*v26-v20*v26-4*v23-2*v22-2*v25-v26+2,v20*v26^2-3*v24*v26^2-4*v25^2+8*v23*v26+4*v22*v26+2*v25*v26+2*v26^2-4*v26,v15^2+v16^2-2*v16+1,v15*v18-2*v16*v20+v16*v22+2*v16*v24-v15-v16+2*v20-v22-2*v24+1,v16*v18+2*v15*v20-v15*v22-2*v15*v24+v15-v16-v18+1,v18^2+4*v20^2-4*v18*v24-8*v20*v24+4*v24^2+v18+v20-2*v23+v24,v15*v21+v16*v22-v15-v16-v22+1,2*v16*v21-2*v15*v22+2*v23*v22+2*v15-2*v16-v21-v20-2*v23+2,2*v18*v21+2*v23*v22-4*v18*v24+v18-v20-4*v23+2*v24,v21^2-v21-v20+v24,v21*v20-2*v20*v24+2*v24^2-v24,v15*v23+v15*v22-v16*v24-v15+v16+v24-1,v16*v23+v16*v22+v15*v24-v15-v16-v23-v22+1,4*v18*v23-8*v20*v24+8*v24^2+v18+3*v21+4*v20-2*v23-8*v24,4*v21*v23+v18-v21-2*v23,4*v20*v23+2*v18*v24-4*v23*v24-v18-v20+2*v23,v23^2+v24^2-v24,2*v18*v22+8*v20*v24-8*v24^2-3*v18-v21-6*v20+8*v24,2*v21*v22-v18-v21,2*v20*v22-2*v18*v24+v18-v20,2*v23*v22+v21-v20-2*v23,v22^2-v21+v20-2*v22-v24+2,2*v18*v25+v24*v26-2*v25-v26-2,8*v21*v25+v14*v26-2*v23*v26+2*v24*v26-6*v25-3*v26-4,8*v20*v25-v14*v26+2*v23*v26+6*v24*v26-16*v23-8*v22-10*v25-5*v26+12,2*v23*v25-2*v21+4*v24-1,8*v22*v25+v14*v26+2*v23*v26+4*v22*v26-2*v24*v26-6*v25-3*v26-4,2*v21*v24-v21-v20,4*v22*v24-v18+v21+2*v23-4*v24,4*v25*v24-v20*v26+4*v24*v26-8*v23-4*v22-6*v25-3*v26+4,v18*v26+2*v23*v26-2*v24*v26+2*v25+v26+4,v21*v26-2*v24*v26+2*v25+v26,v5+v18-v21,v6-2*v20+2*v24-1,v7+v22-1,v8-v21,v9,v10-1,v11+v22-1,v12-v21,v13+2*v20+v22-2*v24-1,v14+v18-2*v21,v17-2*v20+v22+2*v24-2,2*v19+v18-v21-2*v23]
