[v17^2+v18^2,2*v17*v16-v18,4*v16^2+1,2*v16*v18+v17,v9+v16,v5,2*v6-1,v7+1,2*v8-1,2*v10-1,v11+v16,2*v12-1,v13,v14,2*v15-1,v19-4]
