[v16^2*v19-v16*v19+2*v7-v15,2*v7*v13*v20-v13*v15*v20+v16*v18*v20+v16*v19,v13*v16*v20+v15*v18*v20-v13*v20-1,2*v7*v15-v15^2-v16^2+v16,v15*v19+1,v5-v15,v6-v16,v9-v15,2*v8-1,v10-v16,v11+1,v12,v14,v17]
