[v12*v14*v16^2*v19*v18-v12*v14*v19*v18^3-v11*v15*v19*v18^3-v12*v14*v16^2*v19-v12*v16^2*v19*v18+v12*v14*v19*v18^2+2*v11*v15*v19*v18^2+v12*v19*v18^3+v12*v16^2*v19-v11*v15*v19*v18-v12*v19*v18^2-v12*v14*v18+v12*v14+v12*v18-v12,v10*v12*v16^2*v19-v10*v12*v19*v18^2-v10*v12,v12^2*v16^2*v19-v12^2*v19*v18^2-v12^2,v13^2*v16^2*v19+v14^2*v16^2*v19-v13^2*v19*v18^2-v14^2*v19*v18^2-2*v13^2*v16*v19-2*v14*v16^2*v19+2*v13^2*v19*v18+2*v14*v19*v18^2+v16^2*v19-v19*v18^2-v14^2+2*v14-1,v10*v14*v16^2*v19-v10*v14*v19*v18^2-v11*v15*v19*v18^2-v10*v16^2*v19+2*v11*v15*v19*v18-v11*v17*v19*v18+v10*v19*v18^2-v11*v15*v19+v11*v17*v19-v10*v14+v10,v11*v16^3*v19-v11*v15*v17*v19*v18-v11*v16*v19*v18^2+v11*v15*v17*v19-v11*v16^2*v19+v11*v19*v18^2-v11*v16+v11,v11*v17^2*v19*v18-v11*v16^2*v19*v18+v11*v19*v18^3-v11*v17^2*v19+v11*v16^2*v19-v11*v19*v18^2+v11*v18-v11,v10*v17^2*v19-v10*v16^2*v19+v10*v19*v18^2-v11*v15*v19+v10,v13*v15*v16*v19+v14*v16^2*v19-v13*v17*v19*v18-v14*v19*v18^2-v13*v15*v19+v13*v17*v19-v16^2*v19+v19*v18^2-v14+1,v11*v15^2*v18-v11*v15^2,v10*v12^2,v12^3,v12^2*v13,v12^2*v14-v12^2*v16,v12^2*v15,v11*v15*v16-v11*v15,v11*v17*v16-v11*v15*v18+v11*v15-v11*v17,v13*v17*v16-v13*v15*v18+v13*v15-v13*v17,v15^2*v19-v17^2*v19+v16^2*v19-v19*v18^2-1,v12*v13*v18-v11*v16*v18-v12*v13+v11*v18,v10^2-v12^2,2*v7*v11-v12^2,v10*v11,v11^2,v11*v12,v10*v13-v11*v16,v11*v13-v11*v15,v11*v14-v11*v16,v10*v15-v11*v16,v14*v15-v13*v16+v13-v15,v12*v17-v11*v18,v14*v17-v13*v18+v13-v17,v9-v11,v5+1,v6,v8]
