[v17^2*v19*v18^3+v19*v18^5-4*v10*v17^2*v19*v18+3*v17^2*v19*v18^2-2*v17*v19*v18^3+v19*v18^4+4*v10*v17^2*v19+4*v10*v17*v19*v18-5*v17^2*v19*v18+v13*v14*v18^2-v14^2*v18^2-2*v17*v19*v18^2-3*v19*v18^3-4*v10*v17*v19+v17^2*v19-v13*v14*v18-v14^2*v18+6*v17*v19*v18-v19*v18^2-v18^3-2*v10*v14+2*v14^2-2*v17*v19+4*v10*v18-2*v13*v18+2*v19*v18-v18^2-2*v10+2*v13+2*v14+3*v18-3,2*v15*v17*v19*v18^2+2*v17^2*v19*v18^2+2*v19*v18^4+2*v19*v18^3-2*v15*v17*v19-2*v17^2*v19-6*v19*v18^2-4*v10*v14+4*v14^2+2*v10*v18-v13*v18-v14*v18-2*v19*v18-2*v18^2+2*v10-v13-v14+4*v19-2*v18,v15^2*v18^3-4*v14*v15*v17*v18-4*v10*v17^2*v18+8*v14*v17^2*v18-v15^2*v18^2+2*v15*v17*v18^2+4*v14*v18^3-4*v15*v18^3+4*v14*v15*v17+4*v10*v17^2-8*v14*v17^2-v15^2*v18-8*v10*v17*v18+8*v14*v17*v18-4*v17^2*v18-8*v14*v18^2+4*v15*v18^2+4*v17*v18^2-v18^3+v15^2+8*v10*v17-8*v14*v17-2*v15*v17+4*v17^2+4*v10*v18+4*v15*v18-8*v17*v18-v18^2-4*v10+4*v14-4*v15+4*v17+5*v18-3,2*v15*v19*v18^3+8*v10*v17*v19*v18-6*v17*v19*v18^2+4*v19*v18^3-8*v10*v17*v19-2*v13*v14*v18-2*v14^2*v18-8*v10*v19*v18-2*v15*v19*v18+8*v17*v19*v18+4*v19*v18^2-2*v13*v14+2*v14^2-2*v13*v17-2*v14*v17+8*v10*v19-2*v17*v19+v13*v18-3*v14*v18-12*v19*v18+3*v13+3*v14+4*v19,4*v14^2*v19*v18-2*v15*v19*v18^2-2*v17*v19*v18^2+v13*v14^2-v14^3-4*v14^2*v19-v14^2*v18-4*v10*v19*v18+4*v14*v19*v18-2*v10*v14+v14^2+2*v13*v17+2*v14*v17+4*v10*v19-4*v14*v19+2*v15*v19+2*v17*v19+3*v10*v18-2*v13*v18-v14*v18-4*v19*v18-v10+v13+4*v14+4*v19+v18-3,4*v14*v15*v19*v18-2*v15*v19*v18^2-4*v14*v15*v19-4*v10*v19*v18+4*v14*v19*v18+2*v19*v18^2-v13*v14-v14^2+4*v10*v19-4*v14*v19+2*v15*v19-4*v19*v18+v13+v14+2*v19,4*v14*v17*v19*v18-2*v17*v19*v18^2+2*v19*v18^3-4*v14*v17*v19-v13*v14*v18-v14^2*v18-4*v10*v19*v18+4*v14*v19*v18+4*v10*v19-4*v14*v19+2*v17*v19-6*v19*v18+v13+v14+4*v19,v14*v15*v18^2+2*v10*v17*v18-4*v14*v17*v18+v13*v18^2-v15*v18^2-v14*v15-2*v10*v17+4*v14*v17+2*v10*v18-2*v13*v18-2*v14*v18+2*v17*v18-v18^2-2*v10+v13+2*v14+v15-2*v17+2*v18-1,v14*v17*v18^2-v13*v18^3+v15*v18^3+2*v10*v17*v18-4*v14*v17*v18+2*v13*v18^2-v15*v18^2-v17*v18^2-2*v10*v17+3*v14*v17+2*v10*v18-v13*v18-2*v14*v18-v15*v18+2*v17*v18-v18^2-2*v10+2*v14+v15-v17+2*v18-1,4*v14*v19*v18^2-2*v15*v19*v18^2-2*v17*v19*v18^2-2*v19*v18^3+v13*v14*v18-v14^2*v18-2*v19*v18^2+v13*v14-v14^2+2*v13*v17+2*v14*v17-4*v14*v19+2*v15*v19+2*v17*v19+2*v10*v18-2*v13*v18+2*v19*v18-2*v10+2*v14+2*v19+2*v18-2,2*v10^2*v14-2*v14^3-v10*v13*v18+v13*v14*v18-2*v10^2+v10*v13-2*v10*v14-v13*v14+4*v14^2+2*v10*v18-2*v14*v18,v10*v14^2-v14^3-v10*v14+v14^2,v10*v14*v15-v10*v14*v17+v13*v14*v18-v14*v15*v18+v10*v17*v18-v14*v17*v18-v13*v14-v10*v15+2*v14*v17-v13*v18+v15*v18+v13-v17,2*v14^2*v15-v13*v17^2-v14*v17^2-2*v14*v15*v18-2*v14*v17*v18+v13*v18^2-v14*v18^2+4*v10*v14-2*v13*v14-4*v14^2+2*v14*v17-4*v10+2*v13+2*v14+4*v18,v10^2*v17-v10*v13*v18-v9*v10+v10*v13-v10*v18+v14*v18+v9-v14-v17+v18,2*v13*v14*v17+v13*v17^2+v14*v17^2+2*v14^2*v18+2*v14*v17*v18-v13*v18^2+v14*v18^2-2*v13*v17-2*v14*v17-4*v10*v18+2*v13*v18+2*v14*v18+4*v10-2*v13-6*v14-4*v18+4,2*v14^2*v17-v13*v17^2-v14*v17^2-2*v13*v14*v18-2*v14*v17*v18+v13*v18^2-v14*v18^2+4*v10*v14-4*v14^2-4*v10+2*v13+2*v14+4*v18,v15^2*v19-v17^2*v19-v19*v18^2+v19+1,v10^2*v18-v14^2*v18-v10^2+v14^2+v10*v18-v14*v18-v10+v14,v10*v14*v18-v14^2*v18-v10*v14+v14^2,v10*v15*v18+v10*v17*v18-2*v14*v17*v18+v13*v18^2-v15*v18^2-v10*v15-v10*v17+2*v14*v17-2*v13*v18+v15*v18+v17*v18+v13-v17,v13*v17*v18+v14*v17*v18-v13*v18^2+v14*v18^2-v13*v17-v14*v17-2*v10*v18+v13*v18+v14*v18+2*v10-2*v14-2*v18+2,4*v13*v19*v18-4*v14*v19*v18+4*v19*v18^2-2*v13*v14-v13*v17-v14*v17-4*v13*v19+4*v14*v19+v13*v18-v14*v18-4*v19,v10*v18^2-v14*v18^2-v10+v14,v9^2+v10^2-2,v9*v13-v10*v14+2*v14^2-v13*v17-v14*v17+v13*v18-v14*v18+v9+v10-v13-v14,v10*v13+v10*v14-v13*v14-v14^2,v13^2+v14^2-v13*v17-v14*v17+v13*v18-v14*v18,v9*v14+v10*v14-v13*v14-v14^2-v9-v10+v13+v14,v13*v15+v14*v15-v13*v17-v14*v17+v13*v18-v14*v18-v13+v14,v9*v17+v10*v17+2*v10*v18-v13*v18-v14*v18-v9-v10+v13+v14-2,v9*v18+v10*v18-v13*v18-v14*v18-v9-v10+v13+v14,2*v5-v9-v10,2*v11-v13-v14,2*v6+v9-v10,v7-1,v8-1,2*v12+v13-v14,v16-1]
