[256*v13^3*v14*v19+256*v13*v14^3*v19-64*v13^3*v19*v18-16*v13*v19*v18^3+1024*v13^3*v14+16*v14*v15^3-32*v13^3*v19-32*v13*v14^2*v19-256*v13^3*v18-4*v15^3*v18-64*v14^2*v17*v18-16*v14*v17*v18^2+16*v13*v16*v18^2-16*v13*v18^3-128*v13^3+512*v13*v14^2-64*v14^2*v15-2*v15^3+8*v17^3-v14*v15*v19+2*v14*v17*v19-2*v13*v16*v19-40*v14*v17*v18-40*v13*v16*v18+2*v13*v19*v18-40*v13*v18^2+8*v15*v18^2+8*v17*v18^2-128*v13*v14+24*v14*v15+28*v14*v17+4*v13*v16+v13*v19+52*v13*v18-4*v15*v18-12*v17*v18-3*v15+2*v17,64*v14^3*v19*v18-8*v16*v19*v18^3-32*v13^2*v14*v19-32*v14^3*v19+8*v13^2*v19*v18-8*v14^2*v19*v18+4*v16*v19*v18^2+8*v19*v18^3-128*v13^2*v14+8*v14*v15^2+4*v13^2*v19+4*v14^2*v19+32*v13^2*v18+32*v14^2*v18-2*v15^2*v18-8*v16*v18^2-4*v19*v18^2+16*v13^2-64*v14^2-v15^2-2*v17^2+8*v14*v18+6*v16*v18+6*v18^2+16*v14-8*v18-1,16*v13^2*v19*v18^2+4*v16*v19*v18^3+64*v13^2*v16*v18+8*v14^2*v19*v18-4*v15^2*v18^2-2*v16*v19*v18^2-4*v19*v18^3-4*v13^2*v19-4*v14^2*v19-64*v13^2*v18+16*v16*v18^2+2*v19*v18^2-16*v13^2+v15^2+4*v17^2+4*v14*v18-6*v16*v18-16*v18^2-8*v14+6*v18+1,8*v14^2*v15*v19-16*v14^2*v17*v19+4*v17*v16^2*v19+8*v13*v14*v19-v14*v15*v19+2*v14*v17*v19+2*v13*v16*v19-8*v17*v16*v19-2*v13*v19*v18+32*v13*v14+8*v14*v15-8*v14*v17+8*v13*v16-3*v13*v19+4*v17*v19-8*v13*v18-12*v13-v15,4*v14*v17^2*v19-8*v14^2*v19*v18-8*v14*v19*v18^2+6*v16*v19*v18^2+6*v14*v19*v18-3*v16*v19*v18-6*v19*v18^2+v17^2-4*v14*v18+v16*v18+3*v19*v18+v18^2-3*v16+2*v18+3,4*v13^2*v16*v19+v16*v19*v18^2+16*v13^2*v16-4*v13^2*v19-v15^2*v18-v19*v18^2-16*v13^2-2*v17^2+8*v14*v18+2*v16*v18-2*v18^2-3*v18,4*v14*v17*v19*v18-2*v14*v17*v19-v17,4*v13*v16*v19*v18-4*v13*v19*v18^2+v14*v15*v19-2*v14*v17*v19-4*v13*v19*v18+v13*v19+4*v13+v15-v17,4*v14*v19*v18^2-2*v16*v19*v18^2-2*v14*v19*v18+v16*v19*v18+2*v19*v18^2-v19*v18+v16-v18-1,v15*v19*v18^2+2*v13*v16*v19-v17*v19*v18+8*v13*v16-2*v13*v19+2*v15*v18-8*v13-2*v17,v15^2*v19-4*v17^2*v19+4*v16*v19*v18-4*v19*v18^2-4*v19*v18+v19+4,8*v13*v14*v18-2*v14*v17*v18-2*v13*v16*v18-2*v13*v18^2+v14*v17+v13*v16+v13*v18-v13,2*v14*v15*v18-v15*v18^2-2*v14*v17+v17*v18,2*v17^2*v18-8*v14*v18^2+2*v16*v18^2+2*v18^3+v17^2-v16*v18-v18^2+v18,4*v13*v15+v15^2-4*v14+1,2*v13*v17-v17^2+2*v14*v18-v18^2,v15*v17+2*v17^2-8*v14*v18+2*v16*v18+2*v18^2-v16-v18+1,2*v14*v16-v16*v18-2*v14+v18,v15*v16-v15*v18-v15+v17,v17*v16-v17,v16^2-v16*v18-2*v16+v18+1,v7+v15,v11,v5+1,v6,v8,2*v9+v15,2*v10-1,v12-v16+1]
