[v12^2*v15*v18-v15^3*v18-v15*v16^2*v18+2*v15*v16*v18+v12^2-v15^2-v16^2-v15*v18+2*v16-1,2*v11*v17*v16*v18+2*v12*v17*v16*v18-2*v11*v16*v18^2-2*v12*v16*v18^2-v11*v17*v18-v12*v17*v18+v11*v18^2+v12*v18^2+2*v11*v17+2*v12*v17-2*v11*v18-2*v12*v18,4*v17*v16^2*v18-4*v16^2*v18^2-4*v17*v16*v18+4*v16*v18^2+4*v17*v16+v17*v18-4*v16*v18-v18^2-2*v17+2*v18,2*v15*v16*v18^2-v15*v18^2+2*v15*v18+2*v16*v18-v18+2,v11*v12^2+v12^3-v11*v15^2-v12*v15^2-v11*v16^2-v12*v16^2+2*v11*v16+2*v12*v16-v11-v12,v12^2*v17-4*v15^2*v17-v17*v16^2+2*v17*v16-v7-2*v15-v17,v11*v15*v17+v12*v15*v17+v11+v12,2*v12^2*v16-2*v15^2*v16-2*v16^3-v12^2+v15^2+5*v16^2-4*v16+1,2*v15*v17*v16-v15*v17+2*v16-1,v7*v15*v18-v15^2*v18+v7-v15,v10*v15*v18-v12*v15*v18+v10-v12,2*v15*v17*v18+2*v17*v16*v18-2*v16*v18^2-v17*v18+v18^2+2*v17,v7^2-v12^2+v16^2-2*v16+1,v10^2-v12^2+4*v7*v15-4*v15^2,v7*v11+v7*v12-v11*v15-v12*v15,v10*v11+v10*v12-v11*v12-v12^2,v11^2-v12^2-2*v16+1,v7*v17-2*v15*v17-1,2*v7*v16-2*v15*v16-v7+v15,2*v10*v16-2*v12*v16-v10+v12,v5+v7-2*v15,v6-v16,v8-v16,v9+v10-v11-v12,v13,2*v14-1]
