[v11^3*v15^3*v17^3+v11^3*v15^2*v17*v8*v23-v11^2*v15^3*v17*v8*v23-v11^3*v15*v17^2*v8*v23+v11*v15^3*v17^2*v8*v23+v11^2*v15*v17^3*v8*v23-v11*v15^2*v17^3*v8*v23,v11^3*v15*v17^2*v8*v21*v23-v11^2*v15*v17^3*v8*v21*v23-v11^3*v15^2*v17^3-v11^3*v15*v17*v8*v23+v11^2*v15^2*v17*v8*v23-v11*v15^2*v17^2*v8*v23+v11*v15*v17^3*v8*v23,v11^3*v17^2*v8*v21^2*v23-v11^2*v17^3*v8*v21^2*v23-v11^3*v17^2*v7^2*v23*v22+v11^2*v17^3*v7^2*v23*v22-v11^3*v17^2*v8^2*v23*v22+v11^2*v17^3*v8^2*v23*v22+v11^3*v17^2*v8*v23*v22^2-v11^2*v17^3*v8*v23*v22^2-v11^3*v17*v8*v21*v23+v11*v17^3*v8*v21*v23+v11^3*v17*v7*v23*v22-v11*v17^3*v7*v23*v22-v11^3*v17^3+v11^2*v17*v8*v23-v11*v17^2*v8*v23-v11^2*v17*v23*v22+v11*v17^2*v23*v22,v11^3*v15*v17*v8*v19*v23-v11^2*v15^2*v17*v8*v19*v23-v11^3*v15*v17*v8*v21*v23+v11^2*v15*v17^2*v8*v21*v23+v11^3*v15^2*v17^2+v11*v15^2*v17*v8*v23-v11*v15*v17^2*v8*v23,v11^3*v15*v8*v19^2*v23-v11^2*v15^2*v8*v19^2*v23-v11^3*v15*v8*v19*v21*v23-v11^3*v15*v7^2*v20*v23+v11^2*v15^2*v7^2*v20*v23-v11^3*v15*v8^2*v20*v23+v11^2*v15^2*v8^2*v20*v23+v11^3*v15*v7*v21*v20*v23+v11^3*v15*v8*v20^2*v23-v11^2*v15^2*v8*v20^2*v23+v11*v15^2*v8*v19*v23+v11^2*v15*v8*v21*v23-v11*v15^2*v7*v20*v23-v11^2*v15*v21*v20*v23+v11^3*v15^2-v11*v15*v8*v23+v11*v15*v20*v23,v11^3*v17*v8*v19*v21*v23-v11^3*v17*v8*v21^2*v23+v11^2*v17^2*v8*v21^2*v23+v11^3*v17*v7^2*v23*v22-v11^2*v17^2*v7^2*v23*v22+v11^3*v17*v8^2*v23*v22-v11^2*v17^2*v8^2*v23*v22-v11^3*v17*v7*v19*v23*v22-v11^3*v17*v8*v23*v22^2+v11^2*v17^2*v8*v23*v22^2-v11^2*v17*v8*v19*v23-v11*v17^2*v8*v21*v23+v11*v17^2*v7*v23*v22+v11^2*v17*v19*v23*v22+v11^3*v17^2+v11*v17*v8*v23-v11*v17*v23*v22,v11*v15^2*v17*v8*v13*v23-v11*v15*v17^2*v8*v13*v23+v11^2*v15*v17*v8*v19*v23-v11*v15^2*v17*v8*v19*v23-v11^2*v15*v17*v8*v21*v23+v11*v15*v17^2*v8*v21*v23+v11^2*v15^2*v17^2,v15^2*v17*v8*v13^2*v23-v15*v17^2*v8*v13^2*v23-v15^2*v17*v7^2*v14*v23+v15*v17^2*v7^2*v14*v23-v15^2*v17*v8^2*v14*v23+v15*v17^2*v8^2*v14*v23+v15^2*v17*v8*v14^2*v23-v15*v17^2*v8*v14^2*v23-v15^2*v17*v8*v13*v19*v23+v15^2*v17*v7*v14*v19*v23+v15*v17^2*v8*v13*v21*v23-v15*v17^2*v7*v14*v21*v23+v15*v17*v8*v19*v23-v15*v17*v14*v19*v23-v15*v17*v8*v21*v23+v15*v17*v14*v21*v23+v15^2*v17^2,v11*v15^2*v8*v13*v19*v23+v11^2*v15*v8*v19^2*v23-v11*v15^2*v8*v19^2*v23-v11^2*v15*v8*v19*v21*v23-v11^2*v15*v7^2*v20*v23+v11*v15^2*v7^2*v20*v23-v11^2*v15*v8^2*v20*v23+v11*v15^2*v8^2*v20*v23-v11*v15^2*v7*v13*v20*v23+v11^2*v15*v7*v21*v20*v23+v11^2*v15*v8*v20^2*v23-v11*v15^2*v8*v20^2*v23-v11*v15*v8*v13*v23+v11*v15*v8*v21*v23+v11*v15*v13*v20*v23-v11*v15*v21*v20*v23+v11^2*v15^2,v11*v17^2*v8*v13*v21*v23-v11^2*v17*v8*v19*v21*v23+v11^2*v17*v8*v21^2*v23-v11*v17^2*v8*v21^2*v23-v11^2*v17*v7^2*v23*v22+v11*v17^2*v7^2*v23*v22-v11^2*v17*v8^2*v23*v22+v11*v17^2*v8^2*v23*v22-v11*v17^2*v7*v13*v23*v22+v11^2*v17*v7*v19*v23*v22+v11^2*v17*v8*v23*v22^2-v11*v17^2*v8*v23*v22^2-v11*v17*v8*v13*v23+v11*v17*v8*v19*v23+v11*v17*v13*v23*v22-v11*v17*v19*v23*v22-v11^2*v17^2,v17^2*v8*v13^2*v21*v23-v17^2*v7^2*v14*v21*v23-v17^2*v8^2*v14*v21*v23+v17^2*v8*v14^2*v21*v23-v17^2*v8*v13*v21^2*v23+v17^2*v7*v14*v21^2*v23+v17^2*v7^2*v13*v23*v22+v17^2*v8^2*v13*v23*v22-v17^2*v7*v13^2*v23*v22-v17^2*v7*v14^2*v23*v22-v17^2*v8*v13*v23*v22^2+v17^2*v7*v14*v23*v22^2-v17*v8*v13^2*v23+v17*v7^2*v14*v23+v17*v8^2*v14*v23-v17*v8*v14^2*v23+v17*v8*v13*v19*v23-v17*v7*v14*v19*v23-v17*v8*v19*v21*v23+v17*v14*v19*v21*v23+v17*v8*v21^2*v23-v17*v14*v21^2*v23-v17*v7^2*v23*v22-v17*v8^2*v23*v22+v17*v13^2*v23*v22+v17*v14^2*v23*v22+v17*v7*v19*v23*v22-v17*v13*v19*v23*v22+v17*v8*v23*v22^2-v17*v14*v23*v22^2-v17^2,v11^2*v8*v19^2*v21*v23-v11^2*v8*v19*v21^2*v23-v11^2*v7^2*v21*v20*v23-v11^2*v8^2*v21*v20*v23+v11^2*v7*v21^2*v20*v23+v11^2*v8*v21*v20^2*v23+v11^2*v7^2*v19*v23*v22+v11^2*v8^2*v19*v23*v22-v11^2*v7*v19^2*v23*v22-v11^2*v7*v20^2*v23*v22-v11^2*v8*v19*v23*v22^2+v11^2*v7*v20*v23*v22^2+v11*v8*v13*v19*v23-v11*v8*v19^2*v23-v11*v8*v13*v21*v23+v11*v8*v21^2*v23+v11*v7^2*v20*v23+v11*v8^2*v20*v23-v11*v7*v13*v20*v23+v11*v13*v21*v20*v23-v11*v21^2*v20*v23-v11*v8*v20^2*v23-v11*v7^2*v23*v22-v11*v8^2*v23*v22+v11*v7*v13*v23*v22-v11*v13*v19*v23*v22+v11*v19^2*v23*v22+v11*v20^2*v23*v22+v11*v8*v23*v22^2-v11*v20*v23*v22^2+v11^2,v8*v13^2*v19*v23-v7^2*v14*v19*v23-v8^2*v14*v19*v23+v8*v14^2*v19*v23-v8*v13*v19^2*v23+v7*v14*v19^2*v23-v8*v13^2*v21*v23+v7^2*v14*v21*v23+v8^2*v14*v21*v23-v8*v14^2*v21*v23+v8*v19^2*v21*v23-v14*v19^2*v21*v23+v8*v13*v21^2*v23-v7*v14*v21^2*v23-v8*v19*v21^2*v23+v14*v19*v21^2*v23+v7^2*v13*v20*v23+v8^2*v13*v20*v23-v7*v13^2*v20*v23-v7*v14^2*v20*v23-v7^2*v21*v20*v23-v8^2*v21*v20*v23+v13^2*v21*v20*v23+v14^2*v21*v20*v23+v7*v21^2*v20*v23-v13*v21^2*v20*v23-v8*v13*v20^2*v23+v7*v14*v20^2*v23+v8*v21*v20^2*v23-v14*v21*v20^2*v23-v7^2*v13*v23*v22-v8^2*v13*v23*v22+v7*v13^2*v23*v22+v7*v14^2*v23*v22+v7^2*v19*v23*v22+v8^2*v19*v23*v22-v13^2*v19*v23*v22-v14^2*v19*v23*v22-v7*v19^2*v23*v22+v13*v19^2*v23*v22-v7*v20^2*v23*v22+v13*v20^2*v23*v22+v8*v13*v23*v22^2-v7*v14*v23*v22^2-v8*v19*v23*v22^2+v14*v19*v23*v22^2+v7*v20*v23*v22^2-v13*v20*v23*v22^2+1,v11^2*v13-v11,v17^2*v19-v17,v15^2*v21-v15,v11*v14,v17*v20,v15*v22,v5,v6,v9+1,v10,v12,v16,v18]
