[v5^2,v5*v8-v5+2*v9,v5*v9,v8*v9-v9*v10,v9^2,v5*v10-v5+2*v9,4*v5*v11-8*v9*v11+v5,4*v10*v11+1,v6+1,v7-v9]
