[v5^2,v5*v7,v7^2,v5*v8-v5+2*v7,2*v5*v9-4*v7*v9-v5,2*v8*v9-1,v6+1]
