[2*v18^3*v27*v26-2*v18*v20^2*v27*v26-4*v18^2*v22*v27*v26+4*v18*v20*v22*v27*v26-2*v18^2*v27*v26+2*v20^2*v27*v26+4*v18*v22*v27*v26-4*v20*v22*v27*v26+v17*v18*v27-v19*v20*v27-2*v17*v22*v27+2*v19*v22*v27-v19*v27-2*v18*v26+2*v26,2*v18^2*v25*v27*v26-4*v18*v22*v25*v27*v26-2*v18*v20*v27*v26^2+4*v18*v22*v27*v26^2+2*v20*v27*v26^2-4*v22*v27*v26^2+v17*v25*v27-2*v21*v25*v27-v19*v27*v26+2*v21*v27*v26-2*v25*v26,8*v21*v22*v25*v27*v26-2*v17*v21*v25*v27+4*v21^2*v25*v27-2*v18*v22*v25*v27+4*v22^2*v25*v27+2*v19*v21*v27*v26-4*v21^2*v27*v26+2*v20*v22*v27*v26-4*v22^2*v27*v26-4*v21*v25*v27*v26+v18*v25*v27-4*v22*v25*v27+4*v21*v25*v26-v20*v27*v26+2*v22*v27*v26+v25*v27,2*v19^2*v27*v26-2*v18^2*v27*v26-4*v19*v21*v27*v26+2*v20^2*v27*v26+4*v18*v22*v27*v26-4*v20*v22*v27*v26-v17*v27+2*v21*v27+2*v26,v17^2*v27-v19^2*v27+v18^2*v27-2*v17*v21*v27+2*v19*v21*v27-v20^2*v27-2*v18*v22*v27+2*v20*v22*v27-1,v19*v18-v17*v20-v19,2*v18*v21-2*v17*v22+v17-2*v21,2*v21*v20-2*v19*v22+v19,2*v19*v25-1,v20*v25-v18*v26+v26,2*v17*v26-1,v5-2*v19,v6-2*v20,v7-2*v17,v8-2*v18+1,v9,2*v10-1,v11-v19,2*v12-2*v20-1,v13-v17-v19,2*v14-2*v18-2*v20+1,v15-v17,2*v16-2*v18+1,v23+v25,v24+v26]
