[2*v17*v19*v18*v20-2*v17*v19*v20-2*v19*v18*v20+v19*v18+2*v15*v20+2*v17*v20+2*v16*v20+2*v19*v20-v19-4*v20,v15*v19*v18-v15*v19+v15+v16-1,v16*v19*v18-v16*v19-v15+v16,v19*v18^2-v19*v18-v17+v18,2*v17^2*v20+2*v15*v18*v20+2*v16*v18*v20-2*v17*v20-2*v18*v20+v17-v18,4*v15*v16*v20-2*v15*v18*v20-2*v16*v18*v20-4*v15*v20+2*v17*v20+2*v16*v20+2*v18*v20-2*v16-2*v20+1,4*v16^2*v20+2*v15*v18*v20-2*v16*v18*v20-2*v17*v20-6*v16*v20+2*v18*v20+2*v15+2*v20-1,2*v15*v19*v20-2*v17*v19*v20-2*v19*v18*v20+2*v19*v20-v19-2*v20,2*v14*v15-4*v15*v16+v15*v18+v16*v18-v14+v15+v16-v18,v15^2+v16^2-v16,v14*v17-v14*v18-2*v15*v18+v17*v18+2*v16*v18-v18,v15*v17+v16*v18-v18,2*v14*v16-4*v16^2-v15*v18+v16*v18-v14+v15+3*v16-v18,v17*v16-v15*v18,v14*v19-2*v16*v19+v19*v18+1,2*v14*v20+2*v15*v20-2*v17*v20-4*v16*v20+2*v20-1,v5-v14+2*v16-v18,v6+v14-2*v16,v7-v14+2*v16-1,v8-v14+2*v16-v18,v9+v14-2*v16,v10+v14-2*v16+v18-1,v11+v14-v17-2*v16+1,v12+v14-2*v16,v13-v14-2*v15+v17+2*v16-1]
