[2*v21^2*v23+2*v19+v21,4*v21*v20*v23-2*v21*v23+v18+2*v20-1,4*v21*v23^2-v18*v24+2*v20*v24+4*v23-v24,4*v21*v23*v22-2*v21*v23-v12+v18+4*v22-2,4*v19*v20*v24-2*v19*v22*v24+2*v21*v23-v19*v24+1,4*v18*v20*v24-4*v20*v22*v24-2*v12*v23+4*v18*v23-2*v18*v24+2*v20*v24+2*v22*v24-v24,2*v21*v20*v24-2*v19*v22*v24+v19*v24-v21*v24-1,8*v20^2*v24-4*v20*v22*v24-2*v12*v23+8*v20*v23-6*v20*v24+2*v22*v24-4*v23+v24,2*v18*v22*v24-4*v20*v22*v24-2*v12*v23+2*v18*v23-v18*v24+2*v20*v24+2*v22*v24-v24,v12^2-2*v18*v20-2*v12*v22+2*v18*v22+v12,v12*v19-2*v19*v20+v19,2*v19^2-v19*v21,v12*v18-2*v18*v20+v18,v19*v18-2*v19*v20+v19,v18^2-2*v18*v20+v18,v12*v21-4*v19*v20+4*v19*v22-2*v21*v22+v21,v18*v21-4*v19*v20+2*v19,2*v12*v20-2*v18*v20+2*v18*v22-4*v20*v22-v12+2*v20+2*v22-1,2*v19*v23-2*v21*v23-1,v12*v24+2*v20*v24-2*v22*v24+2*v23,v5+2*v19-2*v21,v6-v12-1,v13-2*v19,v7+2*v19-2*v21,v8-v12-2,v9+2*v19-2*v21,v10-v12,v11+2*v19-2*v21,v14-v18-1,v15-2*v19,v17-2*v19,v16-v18-2]
