[v17*v19+1,v16*v20-v18*v20-1,v5-v17,v6-v18,v9-v17,v7-v17,v8-v18-1,v10-v18,v11-v17,v12-v18,v13-v17,v14-v18,v15-v17]
