[4*v8^3*v45*v51^2*v50*v52-4*v8*v12^2*v45*v51^2*v50*v52+16*v12^3*v32*v51*v50*v48*v52-2*v8^3*v45*v51^2*v52+2*v8*v12^2*v45*v51^2*v52-8*v12^3*v32*v51*v50*v52-10*v8^2*v45*v51^2*v50*v52+2*v12^2*v45*v51^2*v50*v52-8*v12^3*v32*v51*v48*v52+4*v12^3*v32*v51*v52+5*v8^2*v45*v51^2*v52-v12^2*v45*v51^2*v52-16*v8*v12^2*v45*v50*v52+16*v8*v43^2*v45*v50*v52+8*v8*v45*v51^2*v50*v52+16*v12*v32*v43*v50*v48*v52-4*v12*v32*v51*v50*v48*v52+4*v8^3*v51^2-4*v8*v12^2*v51^2+8*v8*v12^2*v45*v52-8*v8*v43^2*v45*v52-4*v8*v45*v51^2*v52-8*v12*v32*v43*v50*v52-16*v8^2*v45*v50*v52+8*v12^2*v45*v50*v52+32*v8*v43*v45*v50*v52-8*v43^2*v45*v50*v52+2*v12*v32*v51*v50*v52-2*v45*v51^2*v50*v52-8*v12*v32*v43*v48*v52+2*v12*v32*v51*v48*v52+16*v12*v32*v50*v48*v52-10*v8^2*v51^2+2*v12^2*v51^2+4*v12*v32*v43*v52+8*v8^2*v45*v52-4*v12^2*v45*v52-16*v8*v43*v45*v52+4*v43^2*v45*v52-v12*v32*v51*v52+v45*v51^2*v52-8*v12*v32*v50*v52+40*v8*v45*v50*v52-16*v43*v45*v50*v52-8*v12*v32*v48*v52-16*v8*v12^2+16*v8*v43^2+8*v8*v51^2+4*v12*v32*v52-20*v8*v45*v52+8*v43*v45*v52-16*v45*v50*v52-16*v8^2+8*v12^2+32*v8*v43-8*v43^2-2*v51^2+8*v45*v52+40*v8-16*v43-16,16*v8*v12^2*v43*v45*v50*v52-16*v8*v43^3*v45*v50*v52+4*v8^3*v45*v51*v50*v52-4*v8*v12^2*v45*v51*v50*v52+16*v12^3*v32*v50*v48*v52-16*v12*v32*v43^2*v50*v48*v52-8*v8*v12^2*v43*v45*v52+8*v8*v43^3*v45*v52-2*v8^3*v45*v51*v52+2*v8*v12^2*v45*v51*v52-8*v12^3*v32*v50*v52+8*v12*v32*v43^2*v50*v52+16*v8*v12^2*v45*v50*v52+16*v8^2*v43*v45*v50*v52-8*v12^2*v43*v45*v50*v52-48*v8*v43^2*v45*v50*v52+8*v43^3*v45*v50*v52-10*v8^2*v45*v51*v50*v52+2*v12^2*v45*v51*v50*v52-8*v12^3*v32*v48*v52+8*v12*v32*v43^2*v48*v52-32*v12*v32*v43*v50*v48*v52+4*v12^3*v32*v52-4*v12*v32*v43^2*v52-8*v8*v12^2*v45*v52-8*v8^2*v43*v45*v52+4*v12^2*v43*v45*v52+24*v8*v43^2*v45*v52-4*v43^3*v45*v52+5*v8^2*v45*v51*v52-v12^2*v45*v51*v52+16*v12*v32*v43*v50*v52+16*v8^2*v45*v50*v52-8*v12^2*v45*v50*v52-72*v8*v43*v45*v50*v52+24*v43^2*v45*v50*v52+8*v8*v45*v51*v50*v52+16*v12*v32*v43*v48*v52-20*v12*v32*v50*v48*v52+16*v8*v12^2*v43-16*v8*v43^3+4*v8^3*v51-4*v8*v12^2*v51-8*v12*v32*v43*v52-8*v8^2*v45*v52+4*v12^2*v45*v52+36*v8*v43*v45*v52-12*v43^2*v45*v52-4*v8*v45*v51*v52+10*v12*v32*v50*v52-40*v8*v45*v50*v52+32*v43*v45*v50*v52-2*v45*v51*v50*v52+10*v12*v32*v48*v52+16*v8*v12^2+16*v8^2*v43-8*v12^2*v43-48*v8*v43^2+8*v43^3-10*v8^2*v51+2*v12^2*v51-5*v12*v32*v52+20*v8*v45*v52-16*v43*v45*v52+v45*v51*v52+16*v45*v50*v52+16*v8^2-8*v12^2-72*v8*v43+24*v43^2+8*v8*v51-8*v45*v52-40*v8+32*v43-2*v51+16,4*v8^4*v51^2-4*v8^2*v12^2*v51^2-12*v8^3*v51^2+4*v8*v12^2*v51^2-16*v8^2*v12^2+16*v8^2*v43^2+13*v8^2*v51^2-v12^2*v51^2-16*v8^3+16*v8*v12^2+32*v8^2*v43-16*v8*v43^2-6*v8*v51^2+48*v8^2-4*v12^2-32*v8*v43+4*v43^2+v51^2-36*v8+8*v43+8,2*v8^3*v47*v51^2-2*v8*v12^2*v47*v51^2+8*v12^3*v32*v51*v48-4*v12^3*v32*v51-5*v8^2*v47*v51^2+v12^2*v47*v51^2-8*v8*v12^2*v47+8*v8*v43^2*v47+4*v8*v47*v51^2+8*v12*v32*v43*v48-2*v12*v32*v51*v48-4*v12*v32*v43-8*v8^2*v47+4*v12^2*v47+16*v8*v43*v47-4*v43^2*v47+v12*v32*v51-v47*v51^2+8*v12*v32*v48-4*v12*v32+20*v8*v47-8*v43*v47-8*v47,2*v8^3*v51^2*v49-2*v8*v12^2*v51^2*v49-5*v8^2*v51^2*v49+v12^2*v51^2*v49-8*v8*v12^2*v49+8*v8*v43^2*v49+4*v8*v51^2*v49-8*v8^2*v49+4*v12^2*v49+16*v8*v43*v49-4*v43^2*v49-v51^2*v49+20*v8*v49-8*v43*v49-8*v49,16*v8^2*v12^2*v43-16*v8^2*v43^3+4*v8^4*v51-4*v8^2*v12^2*v51+16*v8^2*v12^2+16*v8^3*v43-16*v8*v12^2*v43-48*v8^2*v43^2+16*v8*v43^3-12*v8^3*v51+4*v8*v12^2*v51+16*v8^3-16*v8*v12^2-80*v8^2*v43+4*v12^2*v43+48*v8*v43^2-4*v43^3+13*v8^2*v51-v12^2*v51-48*v8^2+4*v12^2+68*v8*v43-12*v43^2-6*v8*v51+36*v8-16*v43+v51-8,8*v12^3*v32*v46-8*v8*v12^2*v43*v45+8*v8*v43^3*v45-2*v8^3*v45*v51+2*v8*v12^2*v45*v51-4*v12*v27*v32*v45*v50+4*v12*v32*v43*v45*v50-4*v12^3*v32-8*v8*v12^2*v45+2*v12*v27*v32*v45-8*v8^2*v43*v45+4*v12^2*v43*v45-2*v12*v32*v43*v45+24*v8*v43^2*v45-4*v43^3*v45+5*v8^2*v45*v51-v12^2*v45*v51-2*v12*v32*v46-8*v8^2*v45+4*v12^2*v45+36*v8*v43*v45-12*v43^2*v45-4*v8*v45*v51+v12*v32+20*v8*v45-16*v43*v45+v45*v51-8*v45,8*v8*v12^2*v43*v47-8*v8*v43^3*v47+2*v8^3*v47*v51-2*v8*v12^2*v47*v51+8*v12^3*v32*v48-8*v12*v32*v43^2*v48-4*v12^3*v32+4*v12*v32*v43^2+8*v8*v12^2*v47+8*v8^2*v43*v47-4*v12^2*v43*v47-24*v8*v43^2*v47+4*v43^3*v47-5*v8^2*v47*v51+v12^2*v47*v51-16*v12*v32*v43*v48+8*v12*v32*v43+8*v8^2*v47-4*v12^2*v47-36*v8*v43*v47+12*v43^2*v47+4*v8*v47*v51-10*v12*v32*v48+5*v12*v32-20*v8*v47+16*v43*v47-v47*v51+8*v47,8*v8^3*v32*v51-16*v8^2*v12*v43+16*v8^2*v32*v43+4*v8^2*v12*v51-16*v8^2*v32*v51-16*v8^2*v12+16*v8^2*v32+16*v8*v12*v43-16*v8*v32*v43-4*v8*v12*v51+10*v8*v32*v51+16*v8*v12-16*v8*v32-4*v12*v43+4*v32*v43+v12*v51-2*v32*v51-4*v12+4*v32,4*v8^2*v32*v47*v51-8*v8*v12*v43*v47+8*v8*v32*v43*v47+2*v8*v12*v47*v51-6*v8*v32*v47*v51-8*v12^2*v32*v48+8*v12*v43^2*v48+4*v12^2*v32-4*v12*v43^2-8*v8*v12*v47+8*v8*v32*v47+4*v12*v43*v47-4*v32*v43*v47-v12*v47*v51+2*v32*v47*v51+16*v12*v43*v48-8*v12*v43+4*v12*v47-4*v32*v47+10*v12*v48-5*v12,4*v12^2*v32*v44*v51-2*v8^2*v32*v51-2*v12^2*v32*v51+4*v8*v12*v43-4*v8*v32*v43-v8*v12*v51+3*v8*v32*v51-v12*v44*v51+2*v12*v27*v50-2*v12*v43*v50+4*v8*v12-v12*v27-4*v8*v32-v12*v43+2*v32*v43+v12*v51-v32*v51-2*v12+2*v32,4*v8^2*v32*v45*v51+8*v12^2*v32*v46-8*v8*v12*v43*v45+8*v8*v32*v43*v45+2*v8*v12*v45*v51-6*v8*v32*v45*v51-4*v12*v27*v45*v50+4*v12*v43*v45*v50-4*v12^2*v32-8*v8*v12*v45+2*v12*v27*v45+8*v8*v32*v45+2*v12*v43*v45-4*v32*v43*v45-v12*v45*v51+2*v32*v45*v51-2*v12*v46+4*v12*v45-4*v32*v45+v12,8*v8*v12^2*v43*v49-8*v8*v43^3*v49+2*v8^3*v51*v49-2*v8*v12^2*v51*v49+8*v8*v12^2*v49+8*v8^2*v43*v49-4*v12^2*v43*v49-24*v8*v43^2*v49+4*v43^3*v49-5*v8^2*v51*v49+v12^2*v51*v49+8*v8^2*v49-4*v12^2*v49-36*v8*v43*v49+12*v43^2*v49+4*v8*v51*v49-20*v8*v49+16*v43*v49-v51*v49+8*v49,4*v8^2*v32*v51*v49-8*v8*v12*v43*v49+8*v8*v32*v43*v49+2*v8*v12*v51*v49-6*v8*v32*v51*v49-8*v8*v12*v49+8*v8*v32*v49+4*v12*v43*v49-4*v32*v43*v49-v12*v51*v49+2*v32*v51*v49+4*v12*v49-4*v32*v49,4*v8*v12*v43^2-4*v8*v32*v43^2-4*v12^2*v32*v44+2*v12*v27*v43*v50-2*v12*v43^2*v50+2*v8^2*v32+2*v12^2*v32+8*v8*v12*v43-v12*v27*v43-8*v8*v32*v43-v12*v43^2+2*v32*v43^2+2*v12*v27*v50-2*v12*v43*v50+5*v8*v12-v12*v27-7*v8*v32-3*v12*v43+4*v32*v43+v12*v44-3*v12+3*v32,2*v27*v45*v50*v52-2*v43*v45*v50*v52+4*v43^2*v48*v52-2*v43^2*v52-v27*v45*v52+v43*v45*v52+8*v43*v48*v52-4*v43*v52+4*v48*v52+2*v27-2*v43-2*v52,2*v43*v47*v48*v52-2*v43*v45*v48*v52+v43*v47*v51-v43*v47*v52+v43*v45*v52+2*v47*v48*v52-2*v45*v48*v52+v47*v51-v47*v52+v45*v52+v47,4*v8*v12*v32-4*v8*v43^2-4*v12^2*v44+4*v12*v32*v44+2*v8^2+2*v12^2-4*v12*v32-8*v8*v43+2*v43^2-7*v8+4*v43+3,2*v8*v43*v51+2*v8*v51-v43*v51+2*v8-v51-1,v10*v43*v51+v32*v43*v51+v10*v51+v32*v51+v10+v32,v31*v43*v51+v32*v43*v51+v31*v51+v32*v51+v31+v32,v43^2*v51+2*v43*v51-v27+2*v43+v51+1,2*v44*v45*v51-v45*v51+2*v46-1,v43*v51^2+v51^2-2*v46*v52-2*v48*v52+v51+2*v52,2*v27*v47*v50-2*v43*v47*v50+4*v43^2*v48-2*v43^2-v27*v47+v43*v47+8*v43*v48-4*v43+4*v48-2,2*v43*v51*v50-v43*v51+2*v51*v50-4*v44-v51+2*v50+1,v43*v51*v49+v51*v49+v49,2*v43*v51*v48-v43*v51+2*v51*v48-v51+2*v48-1,2*v44*v45*v52+2*v43*v48*v52+v43*v51-v43*v52-v45*v52+2*v48*v52+v51-v52+1,2*v46*v50*v52+2*v50*v48*v52-2*v44*v51-v46*v52-2*v50*v52-v48*v52+v51+v52,2*v47*v50*v52-2*v45*v50*v52+4*v45*v48*v52-v47*v52-v45*v52-2,v7^2+v8^2-v12^2-2*v8+1,2*v8*v10-2*v8*v32+4*v12*v44-v10-2*v12+v32,4*v10^2-8*v27*v43+4*v43^2-8*v27-4*v44-3,2*v8*v27-2*v8*v43-v27+v43,v10*v27+v27*v32-v10*v43-v32*v43,v27^2-2*v27*v43+v43^2,2*v8*v31-2*v8*v32+4*v12*v44-2*v12-v31+v32,4*v10*v31+4*v10*v32-4*v31*v32-4*v43^2-8*v43-4*v44-3,4*v12*v31+4*v12*v32-4*v31*v32-4*v43^2+4*v8-8*v43-7,v27*v31+v27*v32-v31*v43-v32*v43,4*v31^2-4*v43^2-8*v43-4*v44-3,4*v32^2-4*v43^2-8*v43+4*v44-7,4*v8*v46-2*v8-2*v46+1,2*v10*v46+2*v32*v46-v10-v32,2*v27*v46-2*v44*v45-v27+2*v46+v45-1,2*v31*v46+2*v32*v46-v31-v32,2*v43*v46-2*v44*v45-v43+2*v46+v45-1,4*v46^2-4*v46+1,2*v46*v47+2*v45*v48-v47-v45,4*v8*v44-2*v8-2*v44+1,2*v10*v44+2*v32*v44-v10-v32,4*v27*v44-2*v27*v50+2*v43*v50-v27-v43+4*v44-2,2*v31*v44+2*v32*v44-v31-v32,4*v43*v44-2*v27*v50+2*v43*v50+v27-3*v43+4*v44-2,4*v46*v44-2*v46-2*v44+1,2*v47*v44+2*v43*v48-v43-v47+2*v48-1,4*v44^2-4*v44+1,v27*v51+v51+1,v27*v49-v43*v49,2*v46*v49-v49,2*v44*v49-v49,4*v8*v48-2*v8-2*v48+1,2*v10*v48+2*v32*v48-v10-v32,2*v27*v48-2*v43*v48-v27+v43,2*v31*v48+2*v32*v48-v31-v32,4*v46*v48-2*v46-2*v48+1,4*v44*v48-2*v44-2*v48+1,2*v49*v48-v49,4*v48^2-4*v48+1,v5-v27-1,v6+v44-1,v29-v43-1,v9+v10-v31-v32,v11+v12-v31-v32,v13,2*v14-1,2*v15+1,v17-v27-1,2*v16-1,v19-v27-1,v18-v44,v21-v27-1,2*v20-1,v23+v27+1,2*v22+2*v44-1,v25,v24+v44-1,v26+v44-1,v28+v44-1,v30-v44,v34+v44-1,v35-v43-1,v33-v43-1,2*v38-2*v44+1,v39+v43+1,2*v36-1,v37-v43-1,v42-v44,v40-v44,v41]
