[v21*v27*v26^2-v21*v27*v26-v16*v26^2+v18*v26^2-v21*v24-v18*v26+v26^2+v21,v22*v27*v26^2-v22*v27*v26-v16*v26^2+v20*v26^2-v27*v26^2-v22*v24+v16*v26-v20*v26+v27*v26+v22+v24-1,v20*v22*v27-v22*v27*v26-v18*v22-v20*v27+2*v16*v26-v18*v26-v20*v26+v22*v26+v27*v26-v16+v18+v20-v26,v20*v25*v27-v22*v25-v25*v27,v22*v25*v27+v20*v25-v25*v27-v25,v21*v24*v27-v21*v27-v16+v21+v20,v22*v24*v27-v22*v27-v24*v27+v16-v18+v22+v27-1,v20*v27*v26-v24*v27+v16*v26-v18*v26-v27*v26+v16-v24+v27-v26,v24*v27*v26-v24*v27-v27*v26+v16+v27-1,v21^2*v28+v22^2*v28-2*v21*v24*v28-2*v16*v26*v28+2*v18*v26*v28-2*v22*v26*v28-v24*v27-v18*v28+2*v21*v28+2*v26*v28+v27,v25^2*v28-v16*v26*v28+v26^2*v28-v24*v27+v16*v28-v26*v28+v27-1,v16^2-v16*v26-v16+v26,v16*v19-v24*v26-v19+v24+v26-1,v16*v18-v16*v26-v18+v26,v19*v18-v18*v22+v16*v26-v18*v26+v22*v26-v24*v26-v16+v18+v20,v18^2-v18*v22-v18*v26+v22*v26,v16*v21+v16*v26-v21*v26-v20*v26-v16+v20,v19*v21+v20*v22-v21*v24-v16*v26+v18*v26-v22*v26+v21-v20+v26,v18*v21+v20*v22+v18*v26-v21*v26-v20*v26-v22*v26-v18+v26,v16*v20-v16*v26-v20+v26,v19*v20-v20*v22+v16*v26-v18*v26+v22*v26-v24*v26-v19+v20+v24-1,v18*v20-v20*v22-v18*v26+v22*v26,v21*v20-v18*v22+2*v16*v26-v18*v26-v21*v26-v20*v26+v22*v26-v16+v18+v20-v26,v20^2+v18*v22-2*v16*v26+v18*v26-v22*v26+v16-v18-2*v20+2*v26,v16*v22-v16*v26+v18*v26-v22*v26-v18+v26,v19*v22-v18*v22-v22*v24+v16*v26-v18*v26+v22*v26-v16+v18+v20+v22-v26,v16*v25-v25,v18*v25-v22*v25,v21*v25+v20*v25-v25,v16*v24-v24*v26-v16+v26,v19*v24+v16*v26-v19-v26,v18*v24-v24*v26-v18+v26,v20*v24-v24*v26-v20+v26,v25*v24-v25,v24^2+v16*v26-2*v24-v26+1,v16*v27-v20*v27+v24*v27-v16+v18-v27+1,v19*v27-v16+v20+1,v18*v27-v20*v27+v24*v27-2*v16+v18+v20-v27+1,v5-v16-v19+v18,v6-v16,v7-v16-v19+v18+1,v8-v16,v9,v10-v16,v11-v16,v12+v16+v19-v18-1,v13+v16-1,v14-v16-v19+v18,v15-v24+1,v17-v16+v20-v24+1,v23]
