[2*v11^2*v12-1,v7^2-v11^2,v9^2-1,v10^2-v11^2-1,v5+1,v6,v8]
