[4*v23*v25*v29*v28+v25*v29-3*v25*v28+v29*v28,4*v23*v27*v29*v28+3*v27*v29-3*v27*v28-v29*v28,9*v21*v27*v29-8*v23*v27*v29+6*v27-v29,9*v22*v27*v29-8*v24*v27*v29-9*v22*v27*v28-3*v22*v29*v28+4*v24*v29*v28-v27*v29+9*v27*v28-v29*v28,3*v21*v27*v28+2*v27-v28,3*v21*v29*v28-4*v23*v29*v28-v29+3*v28,v21*v20-v20*v23-v19*v22+v19*v24-v21+v23,v20*v23-v19*v24+v19-v23,v23*v22-v21*v24+v21-v23,3*v21*v25+1,v22*v25-v20*v28+v22*v28-v25,6*v19*v27-9*v21*v27+1,2*v20*v27-3*v22*v27-v20*v28+v22*v28+v27,2*v25*v27-v25*v28-v27*v28,3*v19*v29-4*v23*v29+3,3*v20*v29-4*v24*v29-9*v20*v28+9*v22*v28+v29,3*v19*v28-3*v21*v28+1,v5-3*v21,v6-3*v22+1,v7-3*v19+3*v21,v8-3*v20+3*v22-1,v9,2*v10-1,2*v11-3*v21,2*v12-3*v22,2*v13-3*v19,2*v14-3*v20,2*v15-3*v19+3*v21,v17-v19,2*v16-3*v20+3*v22-1,3*v18-3*v20-1,v26-v28]
