[v7*v19*v21*v22-v19*v21+v19*v22+v21*v22,v5*v18*v23*v22-v7*v18*v23*v22-v5*v23*v22+v7*v23*v22-v23+v22,v19*v18*v23*v22-v18*v20*v23*v22-v19*v20*v23+v19*v20*v22-v19*v23*v22+v20*v23*v22,v19*v21*v20+v19*v21*v22-v19*v20*v22-v21*v20*v22,v18*v21*v23-v18*v23*v22-v21*v22+v23*v22,v5*v16*v22-v7*v16*v22-v5*v22+v7*v22-1,v16*v19*v22-v16*v20*v22-v19*v20-v19*v22+v20*v22,v5*v21*v22-v7*v21*v22+v21-v22,v5*v19+1,v16*v21-v16*v22+v22,v7*v20+1,v16*v23-v18*v23-v16*v22+v22,v6-v16,v8-v16,v9,v10-2*v16,v11,v12-2*v16+1,v13,v14-v16,v15,v17]
