[2*v18^2*v20^2*v24-v18*v20^3*v24-4*v18^2*v20*v22*v24+v20^3*v22*v24+4*v18*v20*v22^2*v24-2*v20^2*v22^2*v24+v18^2*v20*v24+v18*v20^2*v24-v20^3*v24+v15*v18*v22*v24+2*v18^2*v22*v24+v13*v20*v22*v24-v15*v20*v22*v24+v17*v20*v22*v24-4*v18*v20*v22*v24-v21*v20*v22*v24+2*v20^2*v22*v24-v13*v22^2*v24-2*v18*v22^2*v24+v20*v22^2*v24+v20^2*v23-2*v7*v23*v22+v18*v23*v22-2*v20*v23*v22-v15*v18*v24-v18^2*v24-v13*v20*v24+v15*v20*v24-v17*v20*v24+v21*v20*v24+2*v13*v22*v24-v17*v22*v24+3*v18*v22*v24-v20*v22*v24-v22^2*v24-v18*v21-v13*v20+2*v17*v20+2*v7*v23-v18*v23+v20*v23+2*v7*v22+2*v13*v22-3*v17*v22-v13*v24+v17*v24-v18*v24+2*v22*v24-2*v7-v13+2*v17-v20-v24+1,2*v17*v18*v23*v22*v24-v17*v23*v22^2*v24+2*v18^2*v20*v24-v18*v20^2*v24-v17*v18*v23*v24-v18*v20*v22*v24+v20^2*v22*v24+v17*v23*v22*v24-v20*v22^2*v24-v17*v23^2-2*v13*v23*v22+2*v15*v23*v22-v15*v18*v24-v17*v20*v24+v18*v20*v24+v21*v20*v24-v20^2*v24+v13*v22*v24+v18*v22*v24+v20*v22*v24+2*v7*v23-2*v18*v23+2*v20*v23-2*v23*v22-v13*v24+v17*v24-v18*v24+v22*v24-v13+2*v17-v21-v24+1,4*v18^2*v23*v22*v24-14*v18*v23*v22^2*v24+6*v20*v23*v22^2*v24-4*v17*v18*v20*v24+v21*v20^2*v24-2*v18^2*v23*v24+2*v17*v20*v22*v24-v16*v20*v22*v24-v21*v20*v22*v24+v20^2*v22*v24+8*v13*v23*v22*v24-8*v15*v23*v22*v24+28*v18*v23*v22*v24-20*v20*v23*v22*v24+v13*v22^2*v24+4*v23*v22^2*v24-8*v13*v23^2+8*v15*v23^2-2*v18*v23^2+2*v20*v23^2-2*v7*v23*v22+4*v23^2*v22-2*v16*v18*v24-15*v17*v20*v24+v16*v20*v24+2*v18*v20*v24+8*v21*v20*v24-v20^2*v24-2*v13*v23*v24+2*v15*v23*v24-10*v18*v23*v24+8*v20*v23*v24-8*v7*v22*v24+2*v13*v22*v24+4*v17*v22*v24+4*v16*v22*v24+8*v21*v22*v24-4*v20*v22*v24+2*v23*v22*v24+v22^2*v24+v16*v21-v21*v20+18*v7*v23-2*v13*v23+4*v17*v23-10*v23^2+v13*v22-v15*v22-4*v7*v24+3*v13*v24-3*v17*v24-10*v16*v24-8*v21*v24+10*v20*v24+2*v22*v24-v13+v15+4*v18-2*v23+v22+3*v24+16,v21*v20*v23*v22*v24-v15*v23*v22^2*v24+2*v17*v23*v22^2*v24-2*v7*v23^2*v22-v21*v20*v23*v24+2*v18*v20*v22*v24+2*v13*v23*v22*v24-3*v17*v23*v22*v24+2*v18*v23*v22*v24-v21*v23*v22*v24-2*v20*v23*v22*v24-2*v20*v22^2*v24+2*v7*v23^2-v13*v23^2+v15*v23^2-v21*v23^2-3*v13*v23*v22+3*v15*v23*v22-2*v17*v20*v24-2*v18*v20*v24+v21*v20*v24-v13*v23*v24+v17*v23*v24-v18*v23*v24+v21*v23*v24+v20*v23*v24-2*v7*v22*v24+2*v13*v22*v24-v15*v22*v24+v21*v22*v24+3*v20*v22*v24+2*v23*v22*v24+2*v22^2*v24+2*v7*v23+3*v13*v23-3*v15*v23-v23^2-v23*v22-v13*v24+v15*v24-v16*v24-v21*v24-v23*v24-2*v22*v24-v21+v23+v24+2,v21^2*v20*v23-v21^2*v23*v22+v20*v23*v22^2-v23*v22^3+v21*v20^2+2*v7*v20*v22-v13*v20*v22-2*v21*v20*v22-2*v20*v23*v22-2*v7*v22^2+2*v13*v22^2+2*v23*v22^2-2*v7*v20+v13*v20+v21*v20+v20*v23+2*v7*v22-3*v13*v22+v21*v22-v20*v22-v23*v22+2*v22^2+v13-v21+v20-3*v22+1,v21*v20^2*v23-v15*v20*v23*v22-v21*v20*v23*v22+v15*v23*v22^2-v21^2*v20+v15*v20*v23-v21*v20*v23+v16*v21*v22+2*v21^2*v22-v21*v20*v22-v15*v23*v22+v21*v23*v22+v13*v22^2-v15*v22^2-v20*v22^2+2*v22^3+v15*v22-v21*v22+2*v20*v22-3*v22^2-v13+v21-v20+2*v22-1,2*v7*v23*v22^2+v21*v20*v23-2*v7*v23*v22-v13*v23*v22+v21*v23*v22-v21^2+v13*v23-v21*v23-v23*v22-v22^2+v23+2*v22-1,v13*v23*v22^2-v15*v23*v22^2-v21^2*v23-2*v13*v23*v22+2*v15*v23*v22-v21*v20+v13*v23-v15*v23-2*v7*v22+v13*v22+v21*v22+2*v7-v13-v21+v22-1,v16^2*v18*v24+2*v15*v18^2*v24+2*v17*v18*v20*v24+2*v18^2*v20*v24-2*v18*v20^2*v24-v21*v20^2*v24-v16^2*v22*v24-4*v18^2*v22*v24+4*v17*v20*v22*v24+v16*v20*v22*v24-3*v21*v20*v22*v24+v20^2*v22*v24-v13*v22^2*v24-2*v15*v22^2*v24+4*v18*v22^2*v24-2*v20*v22^2*v24-10*v7*v23*v22+v16^2*v24-2*v15*v18*v24-2*v17*v18*v24-2*v16*v18*v24+3*v18^2*v24-v21^2*v24-3*v17*v20*v24-v16*v20*v24+4*v21*v20*v24-v20^2*v24+6*v13*v22*v24+2*v15*v22*v24-6*v17*v22*v24+2*v20*v22*v24-3*v22^2*v24-v16*v21+v21*v20+10*v7*v23+3*v13*v23-v15*v23-2*v17*v23+v18*v23-2*v21*v23-v13*v22+v15*v22-v23*v22-5*v13*v24+5*v17*v24-2*v18*v24+8*v22*v24-2*v7-v13+v15-2*v16-4*v18+2*v20+2*v23-7*v22-5*v24+6,2*v15*v18*v20*v24-v21*v20^2*v24-2*v15*v20*v22*v24+4*v17*v20*v22*v24+v16*v20*v22*v24-v21*v20*v22*v24-v20^2*v22*v24-v13*v22^2*v24-10*v7*v23*v22-2*v15*v18*v24-4*v7*v20*v24+2*v13*v20*v24+2*v15*v20*v24-5*v17*v20*v24-3*v16*v20*v24+3*v20^2*v24+4*v7*v22*v24+2*v13*v22*v24-2*v17*v22*v24+2*v18*v22*v24-2*v20*v22*v24-v22^2*v24-v16*v21+v21*v20+6*v7*v23+2*v13*v23-4*v21*v23-v13*v22+v15*v22-3*v13*v24+3*v17*v24+2*v16*v24-2*v18*v24+2*v21*v24+2*v20*v24+2*v22*v24-4*v7+v13-v15-2*v16+2*v23-3*v22-3*v24+2,v16*v18*v20*v24-v18*v20^2*v24-v16*v20*v22*v24+v20^2*v22*v24-v16*v18*v24+v17*v20*v24+v16*v20*v24+v18*v20*v24-v20^2*v24-v17*v22*v24-v13+v15-1,v21^2*v20*v24+2*v18*v20^2*v24-v21^2*v22*v24-v13*v20*v22*v24+v15*v20*v22*v24-4*v18*v20*v22*v24-v20^2*v22*v24+3*v20*v22^2*v24-v22^3*v24+v13*v20*v24-v15*v20*v24+v18*v20*v24+v20^2*v24+2*v18*v22*v24-4*v20*v22*v24+v22^2*v24-v13*v23+v15*v23+2*v20*v23-2*v7*v22-v23*v22-v18*v24+v20*v24+2*v7+2*v13-3*v21-v23+2,2*v7*v20^2*v24-v15*v20^2*v24+v16*v20^2*v24+2*v18*v20^2*v24+v21*v20^2*v24-2*v20^3*v24-v16^2*v22*v24-2*v15*v18*v22*v24+v21^2*v22*v24-5*v13*v20*v22*v24+5*v15*v20*v22*v24-2*v17*v20*v22*v24+3*v16*v20*v22*v24-6*v18*v20*v22*v24+3*v21*v20*v22*v24+2*v20^2*v22*v24-2*v7*v22^2*v24+5*v13*v22^2*v24-2*v15*v22^2*v24+4*v18*v22^2*v24-4*v20*v22^2*v24+v22^3*v24+6*v7*v23*v22-v13*v23*v22+v15*v23*v22+v16^2*v24+2*v15*v18*v24-v21^2*v24-2*v7*v20*v24+5*v13*v20*v24-4*v15*v20*v24+2*v17*v20*v24-4*v16*v20*v24+3*v18*v20*v24-4*v21*v20*v24+2*v7*v22*v24-7*v13*v22*v24+2*v15*v22*v24+2*v17*v22*v24-v16*v22*v24-5*v18*v22*v24-v21*v22*v24+4*v20*v22*v24+2*v22^2*v24+2*v7*v16-3*v16*v21+3*v21*v20-4*v7*v23-v15*v23+v20*v23-6*v7*v22-3*v13*v22+3*v15*v22-v23*v22+2*v13*v24-2*v17*v24+v16*v24+2*v18*v24+v21*v24-5*v22*v24+6*v7+3*v13-2*v15-2*v21+2*v20-v23+3*v22+2*v24-3,v13*v20^2*v24-v15*v20^2*v24+2*v18*v20^2*v24-v20^3*v24-v16^2*v22*v24-2*v15*v18*v22*v24+v21^2*v22*v24-5*v13*v20*v22*v24+5*v15*v20*v22*v24-2*v17*v20*v22*v24+2*v16*v20*v22*v24-6*v18*v20*v22*v24+2*v21*v20*v22*v24+3*v20^2*v22*v24+4*v13*v22^2*v24-2*v15*v22^2*v24+4*v18*v22^2*v24-4*v20*v22^2*v24+v22^3*v24+4*v7*v23*v22-v13*v23*v22+v15*v23*v22+v16^2*v24+2*v15*v18*v24-v21^2*v24+4*v13*v20*v24-4*v15*v20*v24+2*v17*v20*v24-2*v16*v20*v24+3*v18*v20*v24-2*v21*v20*v24-v20^2*v24-6*v13*v22*v24+2*v15*v22*v24+2*v17*v22*v24-5*v18*v22*v24+3*v20*v22*v24+v22^2*v24+2*v7*v20-4*v7*v23+v13*v23-v15*v23+v20*v23-6*v7*v22-v23*v22+2*v13*v24-2*v17*v24+2*v18*v24-4*v22*v24+6*v7+v13-2*v21+4*v22+2*v24-3,2*v17*v20^2*v24-v21*v20^2*v24-4*v17*v20*v22*v24-v16*v20*v22*v24+v21*v20*v22*v24+v20^2*v22*v24+v13*v22^2*v24+2*v7*v23*v22+v17*v20*v24+v16*v20*v24-v20^2*v24-2*v13*v22*v24+2*v17*v22*v24+v22^2*v24+v16*v21-v21*v20-2*v7*v23+v13*v22-v15*v22+v13*v24-v17*v24-2*v22*v24-v13+v15-2*v20+3*v22+v24-2,v21^2*v23*v24+2*v13*v23*v22*v24-2*v15*v23*v22*v24+2*v18*v23*v22*v24-2*v20*v23*v22*v24+v23*v22^2*v24-v13*v23^2+v15*v23^2-2*v17*v20*v24+2*v21*v20*v24-v13*v23*v24+v15*v23*v24-v18*v23*v24+v20*v23*v24+2*v7*v23-v23^2-2*v7*v24+v13*v24-v16*v24+v20*v24+v24+2,v15*v20*v23*v24-2*v7*v23*v22*v24-v13*v23*v22*v24-v15*v23*v22*v24+2*v17*v23*v22*v24-2*v7*v20*v24^2+v13*v20*v24^2-v16*v20*v24^2-v21*v20*v24^2+v20^2*v24^2+2*v7*v22*v24^2-v13*v22*v24^2-2*v7*v23^2+2*v18*v20*v24+2*v13*v23*v24-v17*v23*v24-2*v21*v23*v24-2*v20*v22*v24-v23*v22*v24+v16*v24^2+v21*v24^2-v22*v24^2-2*v13*v23+2*v15*v23-v15*v24+v21*v24+2*v23*v24+2*v22*v24-2*v23-3*v24,v20^2*v23*v24-2*v13*v23*v22*v24+2*v15*v23*v22*v24-2*v18*v23*v22*v24+2*v17*v20*v24-2*v21*v20*v24+v13*v23*v24-v15*v23*v24+v18*v23*v24-v23*v22*v24-4*v7*v23+v23^2+2*v7*v24+v16*v24-v20*v24-2,2*v7*v20*v22*v24-v13*v20*v22*v24+v16*v20*v22*v24+v21*v20*v22*v24-v20^2*v22*v24-2*v7*v22^2*v24+v13*v22^2*v24-2*v7*v20*v24+v13*v20*v24-v16*v20*v24-v21*v20*v24+v20^2*v24+2*v7*v22*v24-v13*v22*v24-v16*v22*v24-v21*v22*v24+v22^2*v24-v16*v21+v21*v20-v21*v23-v13*v22+v15*v22+v16*v24+v21*v24-v22*v24+v13-v15+v22-1,2*v7*v16^2-4*v7*v16*v20+4*v7*v20^2-8*v7*v20*v22+8*v7*v22^2-v13*v18+2*v16*v18+2*v18*v21+2*v7*v20+2*v13*v20-v17*v20-2*v16*v20-2*v18*v20-3*v21*v20+2*v20^2-4*v7*v22-3*v13*v22+2*v17*v22+2*v16*v22+4*v21*v22-2*v20*v22+v13-v16-v18-v21+3*v20-3*v22+1,v16^3-2*v13*v18^2+4*v16*v18^2+4*v18^2*v21-3*v16^2*v20+4*v13*v18*v20-2*v17*v18*v20-6*v16*v18*v20-4*v18^2*v20-6*v18*v21*v20+2*v7*v20^2-2*v13*v20^2+2*v17*v20^2+6*v16*v20^2+6*v18*v20^2+2*v21*v20^2-4*v20^3-4*v13*v18*v22+4*v17*v18*v22+4*v16*v18*v22+4*v18*v21*v22-4*v7*v20*v22+4*v13*v20*v22-6*v17*v20*v22-6*v16*v20*v22-4*v18*v20*v22-2*v21*v20*v22+6*v20^2*v22-2*v13*v22^2+4*v17*v22^2+4*v16*v22^2-4*v20*v22^2+2*v13*v18-3*v16*v18-2*v18^2-3*v18*v21-v13*v20+v17*v20+2*v16*v20+7*v18*v20+v21*v20-4*v20^2+2*v7*v22+2*v13*v22-3*v17*v22-3*v16*v22-4*v18*v22-2*v21*v22+7*v20*v22-2*v22^2-v13+v16+2*v18+v21-2*v20+2*v22-1,v16^2*v21-v21*v20^2+4*v7*v16*v22+v13*v18*v22-2*v16*v18*v22-4*v16*v21*v22-2*v18*v21*v22-4*v7*v20*v22+v13*v20*v22-2*v15*v20*v22+v17*v20*v22+2*v16*v20*v22+2*v18*v20*v22+5*v21*v20*v22-2*v20^2*v22+2*v7*v22^2-3*v13*v22^2+4*v15*v22^2-2*v17*v22^2-2*v16*v22^2+2*v20*v22^2-4*v7*v16-v13*v18+2*v16*v18+4*v16*v21+2*v18*v21+2*v21^2+4*v7*v20-v13*v20+2*v15*v20-v17*v20-2*v16*v20-2*v18*v20-5*v21*v20+2*v20^2-2*v7*v22+4*v13*v22-6*v15*v22+2*v17*v22+3*v16*v22+v18*v22+2*v21*v22-2*v20*v22-v22^2-v13+2*v15-v16-v18-v21+1,v16*v18*v21-v18*v21*v20+v13*v18*v22-v15*v18*v22-v16*v21*v22+v21*v20*v22-v13*v22^2+v15*v22^2-v13*v18+v15*v18+v17*v21+v16*v21-v21*v20+v13*v22-v15*v22+v20*v22-v22^2-v20+v22,v17*v21^2+v18*v21*v20-v13*v18*v22+2*v7*v22^2+v17*v22^2+v13*v18-2*v7*v22-v13*v22-v17*v22+v16*v22-v18*v22+v21*v22-v20*v22+v13-v16+v18-v21+v20-v22+1,v16*v21^2-v21^2*v20-2*v7*v22^2+v16*v22^2-v20*v22^2-v21*v20+2*v7*v22+v13*v22-2*v16*v22-v21*v22+2*v20*v22-v13+v16+v21-v20+v22-1,v18*v21^2-v17*v21*v20+2*v7*v16*v22+v16^2*v22-2*v13*v18*v22+2*v15*v18*v22+2*v17*v21*v22+v16*v21*v22-v21^2*v22-2*v7*v20*v22+2*v13*v20*v22-2*v15*v20*v22-2*v16*v20*v22+v18*v20*v22-v21*v20*v22-v13*v22^2+v15*v22^2-v18*v22^2+2*v20*v22^2-v22^3-2*v7*v16-v16^2+2*v13*v18-2*v15*v18-2*v17*v21-v16*v21+v21^2+2*v7*v20-2*v13*v20+2*v15*v20+2*v16*v20-v18*v20+v21*v20+2*v13*v22-2*v15*v22+v18*v22-3*v20*v22+2*v22^2-v13+v15+v20-v22,v21^3+v21*v20^2+2*v7*v20*v22-v13*v20*v22-v21*v20*v22+v13*v22^2+v21*v22^2-2*v7*v20+v13*v20+v21*v20-2*v13*v22-v21*v22-v20*v22+v22^2+v13+v20-2*v22+1,v16*v21*v20-v21*v20^2+2*v7*v16*v22-2*v16*v21*v22-2*v7*v20*v22+v13*v20*v22-v15*v20*v22+2*v21*v20*v22-2*v13*v22^2+2*v15*v22^2-2*v7*v16+2*v16*v21+v21^2+2*v7*v20-v13*v20+v15*v20-2*v21*v20+3*v13*v22-3*v15*v22+v20*v22-v22^2-v13+v15-v20+v22,v13*v18*v23-v15*v20*v23-v21*v20*v23+2*v7*v23*v22+v15*v23*v22-v17*v23*v22+2*v7*v20*v24-v13*v20*v24+v16*v20*v24+v21*v20*v24-v20^2*v24-2*v7*v22*v24+v13*v22*v24-2*v7*v16-v16^2+2*v13*v18-2*v15*v18-3*v17*v21+3*v21^2+2*v7*v20-2*v13*v20+2*v15*v20+2*v16*v20-2*v18*v20-v13*v23+v18*v23+2*v21*v23+2*v13*v22-2*v15*v22+v18*v22-2*v20*v22+3*v22^2-v16*v24-v21*v24+v22*v24-v13+2*v15-v21+2*v20-v23-4*v22+3,v15*v18*v23-v15*v20*v23-v21*v20*v23+2*v7*v23*v22+v13*v23*v22-v17*v23*v22+2*v7*v20*v24-v13*v20*v24+v16*v20*v24+v21*v20*v24-v20^2*v24-2*v7*v22*v24+v13*v22*v24-2*v7*v16-v16^2+2*v13*v18-2*v15*v18-3*v17*v21+3*v21^2+2*v7*v20-2*v13*v20+2*v15*v20+2*v16*v20-2*v18*v20-v13*v23+v18*v23+2*v21*v23-v20*v23+2*v13*v22-2*v15*v22+v18*v22-2*v20*v22+v23*v22+3*v22^2-v16*v24-v21*v24+v22*v24-v13+2*v15-v17+2*v20-v23-4*v22+3,v17*v21*v23+v18*v21-v17*v22+v17,v18*v21*v23-v21*v20*v23-v17*v21+v21^2-v18*v22+v22^2+v18-v22,2*v7*v20*v23-4*v7*v23*v22-2*v7*v20*v24+v13*v20*v24-v16*v20*v24-v21*v20*v24+v20^2*v24+2*v7*v22*v24-v13*v22*v24+v13*v23-2*v21*v23+v16*v24+v21*v24-v22*v24+v23-2,v13*v20*v23-v15*v20*v23-v13*v23*v22+v15*v23*v22+v20*v23-v23*v22+v13-v21+1,v17*v20*v23-v17*v23*v22+2*v7*v16+v16^2-2*v13*v18+2*v15*v18+v17*v21-v21^2-2*v7*v20+2*v13*v20-2*v15*v20-2*v16*v20+2*v18*v20-2*v13*v22+2*v15*v22-3*v18*v22+2*v20*v22-v22^2+v13-v15,v18*v20*v23-v20^2*v23-v18*v23*v22+v20*v23*v22+v13*v18-v18*v21-v17*v20+v21*v20-v13*v22+v17*v22+v18-v22,2*v7*v16*v24+v16^2*v24+2*v15*v18*v24-2*v7*v20*v24+2*v13*v20*v24-2*v15*v20*v24+2*v17*v20*v24-2*v16*v20*v24+2*v18*v20*v24-2*v21*v20*v24-4*v13*v22*v24+2*v15*v22*v24-4*v18*v22*v24+2*v20*v22*v24-4*v7*v23+3*v13*v24-v15*v24-2*v17*v24+3*v18*v24-3*v22*v24+v23+2*v24-4,v13*v18*v24+v17*v20*v24-v21*v20*v24-v13*v22*v24-2*v7*v23+v13*v24-v17*v24+v18*v24-v22*v24+v24-2,v17*v21*v24-v21^2*v24-v18*v20*v24+v18*v22*v24+v20*v22*v24-v22^2*v24+v13*v23-v15*v23-v20*v24+v22*v24,v16*v21*v24+v21^2*v24-v13*v20*v24+v15*v20*v24-v21*v20*v24+v20^2*v24+v13*v22*v24-v15*v22*v24-2*v20*v22*v24+v22^2*v24-v13*v23+v15*v23-2*v7,v18*v21*v24+v17*v20*v24-v21*v20*v24-v17*v22*v24-1,4*v7^2+1,2*v7*v13-2*v7*v16+2*v16*v21+2*v7*v20-2*v21*v20+2*v13*v22-2*v15*v22+2*v7-v13+v15-v20+2*v22,v13^2-2*v7*v16+2*v16*v21+2*v7*v20-2*v21*v20+v20^2+2*v13*v22-2*v15*v22+v13+v15-2*v20+2*v22+1,2*v7*v15-2*v7*v16+2*v16*v21+4*v7*v20-2*v21*v20-4*v7*v22+2*v13*v22-2*v15*v22+2*v7+v15-v16-2*v21+2*v22+1,v13*v15-2*v7*v16+2*v16*v21+4*v7*v20+v16*v20-2*v21*v20-2*v7*v22+2*v13*v22-2*v15*v22+2*v15-v16-v21-v20+2*v22+1,v15^2+v16^2+2*v16*v21+4*v7*v20-2*v21*v20-4*v7*v22+2*v13*v22-2*v15*v22+2*v15-2*v16-2*v21+2*v22+1,2*v7*v17+v16*v21-v21*v20+v13*v22-v15*v22+v18-v20+v22,v13*v17-2*v7*v16-v16^2+2*v13*v18-2*v15*v18-2*v17*v21+v21^2+2*v7*v20-2*v13*v20+2*v15*v20+2*v16*v20-v18*v20+2*v13*v22-2*v15*v22+2*v18*v22-2*v20*v22+v22^2-v13+v15+v17,v15*v17-2*v7*v16-v16^2+2*v13*v18-2*v15*v18+v16*v18-2*v17*v21+v21^2+2*v7*v20-2*v13*v20+2*v15*v20+2*v16*v20-2*v18*v20+2*v13*v22-2*v15*v22+2*v18*v22-2*v20*v22+v22^2-v13+v15+v17,v17^2-2*v7*v16-v16^2+2*v13*v18-2*v15*v18+v18^2-2*v17*v21+v21^2+2*v7*v20-2*v13*v20+2*v15*v20+2*v16*v20-2*v18*v20+2*v13*v22-2*v15*v22+2*v18*v22-2*v20*v22+v22^2-v13+v15,v13*v16-v16*v21-v15*v20+v21*v20-v13*v22+v15*v22+v16-v22,v15*v16+v13*v18-2*v16*v18-v16*v21-2*v18*v21+2*v7*v20-2*v15*v20+v17*v20+2*v16*v20+2*v18*v20+2*v21*v20-2*v20^2-2*v7*v22+v15*v22-2*v17*v22-2*v16*v22+2*v20*v22+v16+v18-v20,v17*v16+v13*v18-v15*v18-v16*v21-v17*v20+v21*v20-v13*v22+v15*v22+v20-v22,2*v7*v18-2*v7*v22+v13-v17-v16-v21+v20+1,2*v7*v21+v16*v21-v21*v20+v13*v22-v15*v22-v13+v15,v13*v21-v21^2+v20*v22-v22^2+v21-v20+v22,v15*v21-v21^2+v16*v22-v22^2-v16+v22,v16*v23-v20*v23-1,v5+v16-v20,v6+v13-v15,v9-v13-1,2*v8-1,v10-v20,v11-2*v13+v15-1,v12+v16-2*v20,v14-v20,v19]
