[8*v13*v14*v18*v22*v24-8*v13*v18^2*v22*v24-4*v13*v14*v22^2*v24+8*v13*v18*v22^2*v24-4*v17*v18*v22^2*v24-2*v13*v22^3*v24+2*v17*v22^3*v24-4*v13*v14*v18*v24-v15*v16*v18*v24+8*v13*v18^2*v24+2*v16*v18^2*v24+2*v13*v14*v22*v24+v16*v19*v22*v24-18*v13*v18*v22*v24+4*v14*v18*v22*v24+8*v17*v18*v22*v24-2*v16*v18*v22*v24+v19*v18*v22*v24-2*v18^2*v22*v24+8*v13*v22^2*v24-2*v14*v22^2*v24-5*v17*v22^2*v24-v19*v22^2*v24+v22^3*v24+2*v13*v23*v22-2*v17*v23*v22+5*v13*v18*v24-2*v14*v18*v24+v15*v18*v24-3*v17*v18*v24+2*v16*v18*v24-v19*v18*v24-3*v13*v22*v24+v14*v22*v24+3*v17*v22*v24+v16*v22*v24-2*v18*v22*v24-4*v13*v16-2*v16^2-2*v19^2-4*v7*v18-4*v15*v18+4*v19*v18+v15*v23+3*v17*v23-v19*v23+2*v7*v22+4*v13*v22+4*v15*v22+4*v16*v22-4*v19*v22-8*v18*v22+v23*v22-v22*v24-4*v14+2*v17-5*v19+16*v18-2*v23-8*v22,8*v14^2*v18*v22*v24-8*v14*v18^2*v22*v24-4*v14^2*v22^2*v24+4*v18^2*v22^2*v24+2*v14*v22^3*v24-2*v18*v22^3*v24-4*v14^2*v18*v24-v16^2*v18*v24+8*v14*v18^2*v24-2*v15*v18^2*v24+2*v14^2*v22*v24-v16*v19*v22*v24+8*v13*v18*v22*v24-18*v14*v18*v22*v24+4*v15*v18*v22*v24-2*v17*v18*v22*v24+4*v16*v18*v22*v24-4*v19*v18*v22*v24-4*v13*v22^2*v24+8*v14*v22^2*v24-v15*v22^2*v24+2*v17*v22^2*v24+2*v19*v22^2*v24+4*v18*v22^2*v24-4*v22^3*v24-2*v7*v23*v22+2*v14*v23*v22-2*v18*v23*v22+2*v7*v18*v24-4*v13*v18*v24+7*v14*v18*v24-2*v15*v18*v24+2*v17*v18*v24-2*v16*v18*v24+v19*v18*v24-3*v18^2*v24-2*v7*v22*v24+2*v13*v22*v24-4*v14*v22*v24+v15*v22*v24-3*v17*v22*v24-2*v16*v22*v24+2*v22^2*v24-4*v14*v16+2*v15*v16-4*v16*v18-2*v7*v23-v15*v23-2*v17*v23+2*v19*v23+3*v18*v23+4*v14*v22-4*v15*v22+4*v16*v22+2*v19*v22+4*v18*v22-4*v23*v22-4*v22^2+v22*v24+2*v7+4*v13-4*v17+2*v16-4*v18+3*v23+4*v22-4,2*v17*v18*v23*v22*v24-v17*v23*v22^2*v24-v17*v18*v23*v24-4*v14*v18*v22*v24+4*v18^2*v22*v24+v17*v23*v22*v24+2*v14*v22^2*v24-2*v18*v22^2*v24+v17*v23^2-2*v15*v23*v22+2*v19*v23*v22+2*v14*v18*v24-v15*v18*v24+v19*v18*v24-2*v18^2*v24-v14*v22*v24+5*v18*v22*v24-2*v22^2*v24-v15*v23+v19*v23+4*v18*v23+v22*v24-4*v17+4*v19+2*v23+4,2*v18^2*v23*v22*v24-3*v18*v23*v22^2*v24+v23*v22^3*v24-v18^2*v23*v24+4*v13*v18*v22*v24-4*v17*v18*v22*v24+2*v18*v23*v22*v24-2*v13*v22^2*v24+2*v17*v22^2*v24-v23*v22^2*v24+v18*v23^2-v23^2*v22+2*v7*v18*v24-2*v13*v18*v24+2*v17*v18*v24-v16*v18*v24-2*v19*v18*v24-2*v7*v22*v24+v13*v22*v24-3*v17*v22*v24-v16*v22*v24+2*v19*v22*v24+v18*v22*v24+v22^2*v24-2*v7*v23-4*v17*v23+2*v19*v23-2*v18*v24+2*v22*v24-4*v18+2*v23+2*v22-3,2*v13*v23*v22^2*v24+2*v17*v23*v22^2*v24-v19*v23*v22^2*v24-3*v13*v23*v22*v24-v17*v23*v22*v24+v19*v23*v22*v24-4*v14*v22^2*v24+4*v18*v22^2*v24-v23*v22^2*v24+v19*v23^2-8*v15*v23*v22+8*v19*v23*v22-v16*v19*v24-v19^2*v24+v13*v23*v24+6*v14*v22*v24-2*v15*v22*v24+3*v19*v22*v24-2*v18*v22*v24+v23*v22*v24+v22^2*v24+4*v15*v23-4*v19*v23+v23^2+12*v23*v22-2*v14*v24+v15*v24-v16*v24-3*v19*v24+v22*v24-8*v7+4*v19-4*v23-v24+4,v17*v19*v18*v23-v17*v19*v23*v22+v18^2*v23*v22-v18*v23*v22^2-2*v7*v18^2+2*v19*v18^2+v17*v18*v23+2*v7*v18*v22-2*v17*v18*v22-v19*v18*v22-v17*v23*v22+v17*v22^2+v17*v18+2*v18^2-v17*v22-v18*v22,v19*v18^2*v23-v17*v18*v23*v22-v19*v18*v23*v22+v17*v23*v22^2-2*v17*v19*v18-v16*v19*v18+v18^2*v23+v17*v19*v22+v15*v18*v22-2*v18^2*v22-v18*v23*v22+v18*v22^2+v17*v19+v16*v19-2*v17*v18-v16*v18-v15*v22+v17*v22+v18*v22+v17+v16,4*v7*v23*v22^2+4*v19*v18*v23-2*v7*v23*v22-4*v17*v23*v22-2*v19*v23*v22+2*v7*v18*v24-v19*v18*v24-2*v7*v22*v24-v17*v22*v24-v16*v22*v24+v19*v22*v24+v22^2*v24-8*v17*v19-4*v16*v19+2*v19^2-2*v7*v23+v19*v23+4*v18*v23+4*v15*v22-8*v18*v22-2*v23*v22+2*v22^2-v18*v24+v22*v24-8*v17-4*v16+4*v19+v23,v15*v23*v22^2-v19*v23*v22^2-v17*v19*v23-v18*v23*v22-v23*v22^2+2*v7*v18-2*v19*v18-v17*v23+2*v17*v22-v19*v22-v17-2*v18-v22,v16*v19*v18*v24-v16*v19*v22*v24-4*v14*v18*v22*v24+v15*v18*v22*v24-2*v19*v18*v22*v24+2*v14*v22^2*v24+v19*v22^2*v24+2*v18*v22^2*v24-v22^3*v24+2*v14*v18*v24-v15*v18*v24+v16*v18*v24+v19*v18*v24-v14*v22*v24-v16*v22*v24-v18*v22*v24+4*v7*v18-v15*v23+v19*v23-2*v7*v22-v23*v22+v22*v24-2*v17+v19+2*v23+1,2*v7*v18^2*v24-4*v13*v18*v22*v24-2*v16*v18*v22*v24-2*v7*v22^2*v24+2*v13*v22^2*v24-2*v17*v22^2*v24-v16*v22^2*v24+v19*v22^2*v24+2*v18*v22^2*v24+v22^3*v24-2*v7*v18*v24+2*v13*v18*v24-v17*v18*v24+v16*v18*v24+v19*v18*v24+2*v7*v22*v24-v13*v22*v24+2*v17*v22*v24+v16*v22*v24-v19*v22*v24-v18*v22*v24-2*v16*v19+v19^2+2*v7*v23-v19*v23+2*v15*v22+v22^2+v18*v24-v22*v24-2*v16+2*v19-v23-4*v22+4,2*v19*v18^2*v24-8*v13*v18*v22*v24+2*v17*v18*v22*v24-2*v16*v18*v22*v24+4*v13*v22^2*v24-2*v17*v22^2*v24+2*v18*v22^2*v24+2*v7*v23*v22-2*v7*v18*v24+4*v13*v18*v24-2*v17*v18*v24+2*v16*v18*v24+v19*v18*v24+2*v18^2*v24+2*v7*v22*v24-2*v13*v22*v24+3*v17*v22*v24+v16*v22*v24-v19*v22*v24-2*v18*v22*v24-v22^2*v24-2*v16*v19+2*v7*v23+2*v17*v23-v19*v23+2*v15*v22+v18*v24-v22*v24-2*v16+4*v18-v23-4*v22+4,4*v19*v18*v23*v24+2*v7*v23*v22*v24-4*v13*v23*v22*v24-2*v19*v23*v22*v24+2*v7*v18*v24^2-v19*v18*v24^2-2*v7*v22*v24^2-v17*v22*v24^2-v16*v22*v24^2+v19*v22*v24^2+v22^2*v24^2+4*v7*v23^2-2*v7*v23*v24+2*v13*v23*v24-2*v17*v23*v24+v19*v23*v24+4*v18*v23*v24+8*v14*v22*v24-8*v18*v22*v24-2*v23*v22*v24-v18*v24^2+v22*v24^2+8*v15*v23-8*v19*v23-4*v14*v24+2*v15*v24-2*v19*v24+4*v18*v24+v23*v24-4*v22*v24-8*v23-2*v24,2*v15*v16*v22*v24-2*v16*v19*v22*v24-8*v13*v18*v22*v24-8*v16*v18*v22*v24+2*v19*v18*v22*v24+4*v13*v22^2*v24-2*v15*v22^2*v24-2*v17*v22^2*v24+2*v16*v22^2*v24+2*v19*v22^2*v24+8*v18*v22^2*v24-2*v22^3*v24+2*v7*v23*v22-2*v7*v18*v24+4*v13*v18*v24+4*v16*v18*v24+v19*v18*v24+2*v7*v22*v24-2*v13*v22*v24+v17*v22*v24-3*v16*v22*v24-v19*v22*v24-2*v18*v22*v24+3*v22^2*v24+2*v19^2+2*v7*v23-v19*v23+2*v22^2+v18*v24-v22*v24+4*v15-v23-4*v22,v16^2*v22*v24+2*v16*v19*v22*v24+v19^2*v22*v24-4*v14*v18*v22*v24+4*v15*v18*v22*v24-4*v19*v18*v22*v24+2*v14*v22^2*v24-4*v15*v22^2*v24-2*v16*v22^2*v24+2*v19*v22^2*v24+2*v18*v22^2*v24+v22^3*v24+2*v14*v18*v24-2*v15*v18*v24+2*v19*v18*v24-v14*v22*v24+2*v15*v22*v24+2*v16*v22*v24-5*v18*v22*v24+2*v22^2*v24-v23*v22+2*v18*v24-v22*v24+4*v7+2*v16-2*v22,4*v7*v18*v22*v24-2*v19*v18*v22*v24-4*v7*v22^2*v24-2*v17*v22^2*v24-2*v16*v22^2*v24+2*v19*v22^2*v24+2*v22^3*v24-2*v7*v23*v22-2*v7*v18*v24+v19*v18*v24+2*v7*v22*v24+v17*v22*v24+v16*v22*v24-v19*v22*v24-2*v18*v22*v24+v22^2*v24+2*v19^2+2*v7*v23-v19*v23+2*v22^2+v18*v24-v22*v24+4*v19-v23-4*v22+4,2*v14*v23*v22*v24-2*v15*v23*v22*v24+2*v19*v23*v22*v24+2*v18*v23*v22*v24-3*v23*v22^2*v24-v14*v23*v24+v15*v23*v24-v19*v23*v24-v18*v23*v24+4*v13*v22*v24-4*v17*v22*v24+4*v23*v22*v24-8*v7*v23+v23^2-2*v7*v24-2*v13*v24+2*v17*v24-v16*v24-v23*v24+v22*v24-4,4*v13*v16^2+2*v16^3-8*v14*v16*v18+4*v15*v16*v18-4*v16*v19*v18-8*v13*v16*v22+4*v14*v16*v22-4*v15*v16*v22-6*v16^2*v22+4*v16*v19*v22+8*v7*v18*v22+8*v14*v18*v22-4*v15*v18*v22+4*v16*v18*v22+4*v19*v18*v22-4*v7*v22^2+4*v13*v22^2-4*v14*v22^2+4*v15*v22^2+4*v16*v22^2-4*v19*v22^2-4*v18*v22^2+4*v14*v16-v15*v16-v14*v19+v16*v19-2*v7*v18+4*v13*v18-v19*v18-2*v7*v22-3*v13*v22-4*v14*v22+v15*v22-3*v17*v22-2*v16*v22+2*v19*v22+2*v22^2-v13-v14+v17+v19-v18+3*v22+1,4*v14*v16^2-2*v15*v16^2+8*v13*v16*v18+4*v16^2*v18-8*v7*v18^2-4*v13*v16*v22-8*v14*v16*v22+6*v15*v16*v22-4*v16^2*v22-6*v16*v19*v22-2*v19^2*v22+4*v7*v18*v22-8*v13*v18*v22-4*v15*v18*v22-8*v16*v18*v22+4*v19*v18*v22+4*v13*v22^2+4*v14*v22^2+2*v15*v22^2+8*v16*v22^2+4*v18*v22^2-6*v22^3-4*v13*v16-3*v16^2+v13*v19+3*v17*v19+4*v16*v19-v19^2+4*v7*v18+4*v14*v18+4*v17*v18-2*v19*v18+4*v13*v22-3*v14*v22-2*v15*v22-6*v19*v22+3*v18*v22-v22^2+v13-v14+v17+4*v16-2*v19-2*v18-3*v22-1,2*v13*v16*v19-4*v7*v18^2+2*v14*v16*v22-2*v13*v19*v22-2*v14*v22^2+2*v13*v16-2*v14*v16+v15*v16+v14*v19-v16*v19+2*v7*v18+2*v17*v18-v19*v18+2*v7*v22-3*v13*v22+2*v14*v22-v15*v22+v17*v22+v13+v14-v17-v19-v18-v22-1,2*v14*v16*v19-2*v16*v19*v18-2*v13*v16*v22-2*v14*v19*v22+2*v16*v19*v22+2*v15*v18*v22+2*v13*v22^2-2*v15*v22^2+2*v13*v16+2*v14*v16+v16^2-v13*v19-v17*v19-2*v16*v19+v19^2-2*v16*v18-2*v13*v22-3*v14*v22+2*v19*v22-v18*v22+3*v22^2-v13+v14-v17-2*v16+2*v19+v22+1,v16^2*v19+4*v7*v18^2-v15*v16*v22-v16*v19*v22-2*v7*v18*v22+v15*v22^2+v16^2-2*v7*v18-2*v17*v18+v19*v18-v16*v22+v17+v18,v13*v19^2+2*v7*v18*v22+v13*v22^2+2*v13*v19-v14*v19-2*v7*v22-v13*v22-v17*v22-v16*v22+v19*v22+v22^2+v13-v14+v19+v22+1,v14*v19^2+v16*v19*v22+v14*v22^2-v15*v22^2+v13*v19+2*v14*v19-v19^2-v14*v22+v15*v22+v16*v22-v19*v22+v13+v14-2*v19-v22-1,v17*v19^2+2*v7*v18*v22+v17*v22^2+2*v17*v19-2*v7*v18+v19*v18-2*v17*v22+2*v17+v18,v16*v19^2-v19^2*v22-4*v7*v18*v22+2*v7*v22^2+v16*v22^2-v22^3+2*v16*v19+2*v7*v18+2*v17*v22-3*v19*v22-v17+v16-2*v22,v19^3+2*v7*v22^2+v19*v22^2+3*v19^2-2*v7*v22-v19*v22+v22^2+4*v19-v22+2,v19^2*v18+v16*v19*v22-v15*v22^2+v18*v22^2-v17*v19-v16*v19+2*v19*v18+v15*v22+v16*v22-v18*v22-v17-v16+v18,v13*v19*v23+v17*v19*v23+v14*v23*v22-2*v15*v23*v22+2*v19*v23*v22+v18*v23*v22-v23*v22^2-2*v14*v19+2*v19*v18+v13*v23-v14*v23+v15*v23+v17*v23-v19*v23+2*v13*v22-2*v17*v22+3*v23*v22-2*v7-2*v13-2*v14-v16+4*v19+2*v18-v23+v22+4,2*v14*v19*v23+2*v19*v18*v23+2*v7*v23*v22-2*v13*v23*v22-2*v17*v23*v22-2*v19*v23*v22+2*v7*v18*v24-v19*v18*v24-2*v7*v22*v24-v17*v22*v24-v16*v22*v24+v19*v22*v24+v22^2*v24+4*v13*v19-4*v17*v19-2*v7*v23+2*v13*v23+2*v14*v23-v19*v23+2*v18*v23+4*v14*v22-4*v18*v22-2*v23*v22-v18*v24+v22*v24+4*v13-4*v14+2*v15-4*v17-2*v19-v23-2,v19^2*v23-2*v15*v23*v22+2*v19*v23*v22+v23*v22^2+v15*v23+v19*v23+2*v23*v22-2*v7+2*v19+2,4*v7*v18*v23-2*v7*v23*v22+2*v7*v18*v24-v19*v18*v24-2*v7*v22*v24-v17*v22*v24-v16*v22*v24+v19*v22*v24+v22^2*v24-2*v7*v23-2*v17*v23+v19*v23-v18*v24+v22*v24+v23-2,2*v13*v18*v23-2*v13*v23*v22+2*v13*v16+v16^2+v13*v19-v17*v19+v19^2-4*v14*v18+2*v15*v18-2*v19*v18-2*v13*v22+3*v14*v22-2*v15*v22-2*v16*v22+2*v19*v22+v18*v22+v22^2+v13+v14-v17+2*v19-v22+1,2*v14*v18*v23-2*v14*v23*v22-2*v18*v23*v22+2*v23*v22^2+2*v14*v16-v15*v16+v14*v19+v16*v19+2*v7*v18+4*v13*v18+2*v16*v18-3*v19*v18-2*v7*v22-3*v13*v22-2*v14*v22+v15*v22+v17*v22-2*v16*v22-2*v18*v22+2*v22^2-v13+v14-v17+v19-3*v18+v22+1,v15*v18*v23-v19*v18*v23-v15*v23*v22+v19*v23*v22-v18*v23+v23*v22-v17+v19+1,2*v13*v16*v24+v16^2*v24+v19^2*v24-4*v14*v18*v24+2*v15*v18*v24-2*v19*v18*v24-2*v13*v22*v24+2*v14*v22*v24-2*v15*v22*v24-2*v16*v22*v24+2*v19*v22*v24+2*v18*v22*v24+v22^2*v24+v14*v24+2*v19*v24-v18*v24-v23+v24,2*v14*v16*v24-v15*v16*v24+v16*v19*v24+2*v7*v18*v24+4*v13*v18*v24+2*v16*v18*v24-2*v19*v18*v24-2*v7*v22*v24-2*v13*v22*v24-2*v14*v22*v24+v15*v22*v24-2*v16*v22*v24-2*v18*v22*v24+2*v22^2*v24-2*v7*v23-v13*v24-2*v18*v24+v22*v24,v13*v19*v24+v16*v19*v24-v14*v22*v24-v19*v22*v24+v22^2*v24-v15*v23+v19*v23+v13*v24+v16*v24-v22*v24+2*v7+v23,v14*v19*v24-v19*v18*v24+v13*v22*v24-v17*v22*v24-2*v7*v23+v14*v24+v17*v24-v19*v24-v18*v24-v24-2,v17*v19*v24+v16*v19*v24-v19*v22*v24-v18*v22*v24+v22^2*v24+v15*v23-v19*v23+v17*v24+v16*v24+v18*v24-2*v22*v24+2*v7-2*v23,4*v7^2+1,2*v7*v13+v16*v19-v15*v22-v14+v15+v16-v19+v22-1,v13^2+v14^2-v13*v19-v14*v22-v13-v14+v22,2*v7*v14-2*v7*v18+v13+v17+v16-v19-v22-1,2*v7*v15-v19^2-4*v7*v18+2*v7*v22-v22^2+2*v17+v16-3*v19-2,v13*v15+v14*v16-v13*v19-v14*v22-2*v13-v16+v22,v14*v15-v13*v16-v14*v19+v16*v19+v13*v22-v15*v22-2*v14+v16+v22,v15^2+v16^2+2*v16*v19-4*v7*v18+4*v7*v22-2*v15*v22+2*v17+2*v16-2*v19-2,2*v7*v17+v16*v19-v15*v22+v16+v18,2*v13*v17+2*v13*v16+v16^2-v13*v19-v17*v19+v19^2-2*v14*v18+2*v15*v18-2*v19*v18-2*v13*v22+v14*v22-2*v15*v22-2*v16*v22+2*v19*v22+v18*v22+v22^2-v13+v14-v17+2*v19-2*v18+v22+1,2*v14*v17+2*v14*v16-v15*v16-v14*v19+v16*v19+2*v7*v18+2*v13*v18+2*v16*v18-v19*v18-2*v7*v22-v13*v22-2*v14*v22+v15*v22-v17*v22-2*v16*v22-2*v18*v22+2*v22^2-v13-v14-v17+v19-v18+v22+1,v15*v17-v17*v19+v16*v18-v18*v22-v17,v17^2-v17*v19+v18^2-v18*v22-v17,2*v7*v16-2*v16*v19-v19^2-2*v7*v22+2*v15*v22-v22^2-v15-2*v16-v19,v17*v16-v16*v19-v15*v18+v19*v18+v15*v22-v17*v22-v16+v18,2*v7*v19-v19^2-v22^2+2*v7-2*v19+v22-1,v15*v19-v19^2-2*v7*v18+2*v7*v22+v16*v22-v22^2+v15+v17-3*v19-2,v16*v23-v23*v22-1,v5+v16-v22,v6-v15+v19+1,v9-v19-1,2*v8-1,v10-v22,v11+v15-2*v19-3,v12+v16-2*v22,v21,v20-v22]
