[4*v19*v20*v23*v22*v24-2*v19*v23*v22^2*v24+2*v21^2*v20*v24+4*v18*v20^2*v24-2*v19*v20*v23*v24-2*v21^2*v22*v24-6*v18*v20*v22*v24+2*v19*v23*v22*v24+2*v18*v22^2*v24+2*v20*v22^2*v24-2*v22^3*v24+2*v19*v23^2+2*v13*v23*v22-2*v15*v23*v22-2*v15*v20*v24+2*v18*v20*v24+2*v21*v20*v24+v13*v22*v24+v15*v22*v24-2*v19*v22*v24-2*v18*v22*v24+2*v20*v22*v24+2*v22^2*v24-4*v7*v23-6*v18*v23+4*v20*v23+4*v23*v22-v13*v24-v15*v24+2*v19*v24-v22*v24-4*v19+6*v21+v24-2,2*v21*v20*v23*v22*v24-2*v15*v23*v22^2*v24+4*v19*v23*v22^2*v24+4*v7*v23^2*v22-2*v21*v20*v23*v24+2*v18*v20*v22*v24+2*v13*v23*v22*v24+2*v15*v23*v22*v24-6*v19*v23*v22*v24-4*v18*v23*v22*v24-2*v21*v23*v22*v24+4*v20*v23*v22*v24-2*v18*v22^2*v24+2*v23*v22^2*v24-4*v7*v23^2+v13*v23^2-v15*v23^2+2*v21*v23^2+2*v13*v23*v22-2*v15*v23*v22-2*v18*v21*v24-2*v18*v20*v24+4*v21*v20*v24-v13*v23*v24-v15*v23*v24+2*v19*v23*v24+2*v18*v23*v24+2*v21*v23*v24-2*v20*v23*v24-4*v7*v22*v24+2*v13*v22*v24-4*v19*v22*v24+2*v18*v22*v24+2*v21*v22*v24+2*v20*v22*v24-2*v23*v22*v24+4*v22^2*v24-4*v7*v23-2*v13*v23+2*v15*v23+v23^2-v13*v24+v15*v24-2*v16*v24+2*v18*v24-2*v21*v24-2*v20*v24+v23*v24-8*v22*v24+2*v21+3*v24,4*v20^2*v23*v22*v24+6*v18*v23*v22^2*v24-14*v20*v23*v22^2*v24-2*v18*v21*v20*v24+4*v21*v20^2*v24-2*v20^2*v23*v24+2*v18*v21*v22*v24-4*v19*v20*v22*v24-4*v21*v20*v22*v24+4*v13*v23*v22*v24-4*v15*v23*v22*v24-20*v18*v23*v22*v24+28*v20*v23*v22*v24+4*v19*v22^2*v24+4*v23*v22^2*v24+4*v13*v23^2-4*v15*v23^2-2*v18*v23^2+2*v20*v23^2+4*v7*v23*v22-4*v23^2*v22-8*v18*v21*v24-2*v16*v20*v24+2*v18*v20*v24+16*v21*v20*v24-v13*v23*v24+v15*v23*v24+8*v18*v23*v24-10*v20*v23*v24-8*v7*v22*v24+2*v13*v22*v24+2*v15*v22*v24+4*v16*v22*v24-14*v19*v22*v24-4*v18*v22*v24+8*v21*v22*v24-2*v23*v22*v24-20*v7*v23+v13*v23+v15*v23-4*v19*v23+6*v23^2-4*v7*v24+v13*v24+v15*v24-10*v16*v24-2*v19*v24+10*v18*v24-8*v21*v24+v23*v24-2*v22*v24-v23-2*v22-v24-2,2*v21^3*v23+2*v21*v23*v22^2+2*v18*v21^2-2*v16*v21*v22+2*v18*v21*v22-4*v21^2*v22-4*v21*v23*v22-v13*v22^2+v15*v22^2+2*v18*v22^2-4*v22^3+2*v16*v21-2*v18*v21+4*v21^2+2*v21*v23+2*v13*v22-2*v15*v22-4*v18*v22+11*v22^2-v13+v15+2*v18-10*v22+3,2*v21^2*v20*v23-2*v21^2*v23*v22+2*v18*v23*v22^2-2*v23*v22^3+2*v18*v21*v20-2*v18*v21*v22-v13*v20*v22-v15*v20*v22-2*v21*v20*v22-4*v18*v23*v22+v13*v22^2+v15*v22^2+2*v19*v22^2+4*v23*v22^2+v13*v20+v15*v20+2*v21*v20+2*v18*v23-2*v13*v22-2*v15*v22+2*v16*v22-2*v19*v22-2*v18*v22+4*v21*v22+v20*v22-2*v23*v22-v22^2+v13+v15-2*v16+2*v18-4*v21-v20+2*v22-1,2*v21*v20^2*v23-2*v15*v20*v23*v22+2*v19*v23*v22^2-2*v19*v21*v20-2*v21^2*v23+2*v15*v20*v23-2*v21*v20*v23+2*v19*v21*v22-2*v20^2*v22-v13*v23*v22+v15*v23*v22-2*v19*v23*v22+2*v18*v23*v22+2*v20*v22^2-2*v23*v22^2-2*v18*v21+2*v20^2+v13*v23-v15*v23-2*v18*v23-4*v7*v22+v13*v22+v15*v22+2*v19*v22+3*v23*v22+4*v7-v13-v15-2*v19-2*v20-v23-v22+1,4*v7*v23*v22^2+2*v21*v20*v23-4*v7*v23*v22-v13*v23*v22-v15*v23*v22+2*v21*v23*v22-2*v19*v21+v13*v23+v15*v23-2*v21*v23-2*v20*v22+v23*v22+2*v20-v23+2*v22-2,v13*v23*v22^2-v15*v23*v22^2-2*v21^2*v23-2*v13*v23*v22+2*v15*v23*v22-v23*v22^2-2*v18*v21+v13*v23-v15*v23-4*v7*v22+v13*v22+v15*v22+2*v21*v22+2*v23*v22+4*v7-v13-v15-2*v21-v23-v22+1,4*v7*v18^2*v24-2*v15*v18^2*v24+2*v16*v18^2*v24-4*v18^3*v24+4*v18*v21*v20*v24-4*v21^2*v20*v24-2*v16^2*v22*v24+2*v19^2*v22*v24-2*v13*v18*v22*v24+2*v15*v18*v22*v24+8*v16*v18*v22*v24-6*v16*v21*v22*v24+10*v18*v21*v22*v24-2*v21^2*v22*v24-4*v15*v20*v22*v24-8*v18*v20*v22*v24+2*v20^2*v22*v24-4*v7*v22^2*v24+v13*v22^2*v24+3*v15*v22^2*v24+4*v20*v22^2*v24-2*v22^3*v24-8*v7*v23*v22-4*v13*v23*v22+4*v15*v23*v22+2*v16^2*v24-2*v19^2*v24-4*v7*v18*v24+2*v13*v18*v24-10*v16*v18*v24+6*v18^2*v24+6*v16*v21*v24-12*v18*v21*v24+6*v21^2*v24+4*v15*v20*v24+10*v18*v20*v24-2*v21*v20*v24-2*v20^2*v24+4*v7*v22*v24-2*v13*v22*v24-4*v15*v22*v24-2*v16*v22*v24+2*v19*v22*v24-2*v18*v22*v24-2*v21*v22*v24-4*v20*v22*v24+3*v22^2*v24+2*v16^2-2*v19^2-4*v7*v18+2*v13*v18-2*v15*v18-4*v16*v18+8*v16*v21+4*v19*v21-8*v18*v21-2*v21^2-2*v13*v20+2*v15*v20+4*v18*v20-2*v20^2+4*v7*v23+5*v13*v23-3*v15*v23+2*v18*v23+2*v13*v22-2*v15*v22+4*v18*v22-4*v20*v22-2*v22^2+v13*v24+v15*v24+2*v16*v24-2*v19*v24+2*v21*v24-2*v20*v24-v13+3*v15-6*v18-4*v21+2*v20-3*v23-2*v22-v24+3,2*v18*v21^2*v24-4*v21^2*v20*v24-2*v16*v21*v22*v24+2*v18*v21*v22*v24-v13*v22^2*v24+v15*v22^2*v24+2*v18*v22^2*v24-4*v20*v22^2*v24-v13*v23*v22+v15*v23*v22+2*v16*v21*v24-2*v18*v21*v24+2*v21^2*v24+2*v18*v20*v24+v13*v22*v24-v15*v22*v24-4*v18*v22*v24+4*v20*v22*v24+v22^2*v24+2*v13*v23-2*v15*v23-v23*v22+2*v18*v24-2*v20*v24-v22*v24-2*v21,2*v21^3*v24+4*v18*v21*v20*v24-2*v18*v21*v22*v24-4*v21*v20*v22*v24+4*v7*v22^2*v24-v13*v22^2*v24-v15*v22^2*v24+4*v19*v22^2*v24+2*v21*v22^2*v24+4*v7*v23*v22+2*v18*v21*v24+2*v21*v20*v24-4*v7*v22*v24+v13*v22*v24+v15*v22*v24+2*v16*v22*v24-6*v19*v22*v24-2*v18*v22*v24+v22^2*v24-4*v7*v23-2*v21*v23-2*v16*v24+2*v19*v24+2*v18*v24-2*v21*v24-v22*v24+4*v22-4,2*v15*v18*v20*v24-2*v18*v21*v20*v24-2*v15*v18*v22*v24+2*v18*v21*v22*v24-2*v13*v20*v22*v24-2*v15*v20*v22*v24+2*v21*v20*v22*v24+2*v13*v22^2*v24+2*v15*v22^2*v24-2*v19*v22^2*v24-4*v7*v18*v24+4*v15*v18*v24-2*v16*v18*v24+4*v18^2*v24+2*v16*v21*v24-6*v18*v21*v24+2*v21^2*v24-2*v15*v20*v24-2*v18*v20*v24+4*v21*v20*v24+4*v7*v22*v24-v13*v22*v24-3*v15*v22*v24-4*v18*v22*v24+4*v20*v22*v24-4*v7*v23-2*v15*v23+4*v21*v23-v13*v24-v15*v24+2*v16*v24+2*v19*v24-2*v18*v24+2*v21*v24+v22*v24+8*v7+2*v16-6*v22+v24+4,2*v16*v18*v20*v24+2*v21^2*v20*v24-2*v16*v18*v22*v24-2*v21^2*v22*v24-4*v18*v20*v22*v24+4*v18*v22^2*v24+2*v20*v22^2*v24-2*v22^3*v24+v13*v20*v23-v15*v20*v23-v13*v23*v22+v15*v23*v22+2*v16*v18*v24+2*v18*v21*v24-2*v16*v20*v24+2*v18*v20*v24-2*v21*v20*v24-4*v18*v22*v24+2*v22^2*v24-v20*v23+v23*v22-2*v15+2*v19+2*v21,2*v18^2*v20*v24+2*v21^2*v20*v24-2*v18^2*v22*v24-2*v21^2*v22*v24-4*v18*v20*v22*v24+4*v18*v22^2*v24+2*v20*v22^2*v24-2*v22^3*v24+v13*v20*v23-v15*v20*v23-v13*v23*v22+v15*v23*v22+2*v18^2*v24-4*v18*v22*v24+2*v22^2*v24-v20*v23+v23*v22-v13-v15+2*v19+2*v21+1,2*v21^2*v23*v24+2*v13*v23*v22*v24-2*v15*v23*v22*v24-4*v18*v23*v22*v24+4*v20*v23*v22*v24+2*v23*v22^2*v24+v13*v23^2-v15*v23^2+4*v21*v20*v24-v13*v23*v24+v15*v23*v24+2*v18*v23*v24-2*v20*v23*v24-4*v19*v22*v24-2*v23*v22*v24-4*v7*v23+v23^2-4*v7*v24+v13*v24+v15*v24-2*v16*v24+2*v18*v24+v23*v24-v24,2*v15*v20*v23*v24-2*v21*v20*v23*v24-2*v15*v23*v22*v24+2*v19*v23*v22*v24+4*v7*v23^2+v13*v23*v24+v15*v23*v24-2*v19*v23*v24-2*v18*v23*v24+2*v23*v22*v24-2*v19*v24+2*v21*v24-v23*v24+2*v23,2*v18*v20*v23*v24-2*v13*v23*v22*v24+2*v15*v23*v22*v24+2*v18*v23*v22*v24-6*v20*v23*v22*v24-2*v21*v20*v24+v13*v23*v24-v15*v23*v24+2*v20*v23*v24+2*v19*v22*v24+4*v7*v23-2*v23^2+4*v7*v24-v13*v24-v15*v24+2*v16*v24+2*v19*v24-2*v18*v24-v23*v24+v24,4*v7*v18*v22*v24-2*v15*v18*v22*v24+2*v16*v18*v22*v24-4*v18^2*v22*v24-2*v16*v21*v22*v24+4*v18*v21*v22*v24-2*v21^2*v22*v24-4*v7*v22^2*v24+2*v15*v22^2*v24+4*v18*v22^2*v24-2*v22^3*v24-v13*v23*v22+v15*v23*v22-4*v7*v18*v24+2*v15*v18*v24-2*v16*v18*v24+4*v18^2*v24+2*v16*v21*v24-4*v18*v21*v24+2*v21^2*v24+4*v7*v22*v24-2*v15*v22*v24-2*v16*v22*v24-2*v18*v22*v24-2*v21*v22*v24+2*v22^2*v24+2*v16*v21-2*v18*v21+v13*v23-v15*v23+2*v21*v23-4*v7*v22+v13*v22-v15*v22+v23*v22+2*v16*v24-2*v18*v24+2*v21*v24+4*v7-v13+v15-v23-3*v22+3,2*v16^3-6*v16^2*v18+4*v7*v18^2-2*v13*v18^2-2*v15*v18^2+12*v16*v18^2+4*v19*v18^2-8*v18^3-4*v21^3+4*v13*v18*v20+4*v15*v18*v20-12*v16*v18*v20-4*v19*v18*v20+12*v18^2*v20-12*v18*v21*v20-2*v13*v20^2-2*v15*v20^2+8*v16*v20^2-8*v18*v20^2+8*v21*v20^2-16*v7*v18*v22+6*v13*v18*v22+6*v15*v18*v22-12*v16*v18*v22-12*v19*v18*v22+12*v18^2*v22-4*v13*v20*v22-4*v15*v20*v22+8*v16*v20*v22+8*v19*v20*v22-8*v18*v20*v22+8*v21*v20*v22-4*v13*v22^2-4*v15*v22^2+8*v16*v22^2+8*v19*v22^2-8*v18*v22^2-4*v21*v22^2+8*v7*v18-3*v13*v18-3*v15*v18+4*v16*v18+2*v19*v18-2*v18^2-2*v18*v21+2*v13*v20+2*v15*v20-6*v16*v20+2*v18*v20-6*v21*v20+2*v20^2+4*v7*v22+6*v13*v22+6*v15*v22-6*v16*v22-6*v19*v22+4*v20*v22+4*v22^2-3*v13-3*v15+2*v16+v18+2*v21-2*v20-6*v22+3,2*v19^3+2*v19*v18^2-v13*v18*v20-v15*v18*v20-2*v19*v18*v20+v13*v20^2+v15*v20^2+2*v19*v20^2+4*v7*v18*v22-v13*v18-v15*v18+2*v16*v18-2*v19*v18-2*v18^2+2*v18*v21+v13*v20+v15*v20+v18*v20-v20^2-4*v7*v22+v13+v15-2*v16+3*v18-2*v21-v20-1,2*v16^2*v21+2*v21^3-4*v16^2*v22+4*v19^2*v22+4*v7*v18*v22-4*v13*v18*v22+12*v16*v18*v22+2*v19*v18*v22-4*v18^2*v22-8*v16*v21*v22-8*v19*v21*v22+8*v18*v21*v22+4*v21^2*v22+5*v13*v20*v22-3*v15*v20*v22-4*v16*v20*v22-4*v18*v20*v22-4*v21*v20*v22+4*v20^2*v22+4*v7*v22^2+2*v13*v22^2+2*v15*v22^2-4*v16*v22^2-4*v19*v22^2-4*v18*v22^2+2*v21*v22^2+8*v20*v22^2+4*v22^3+4*v16^2-4*v19^2-4*v7*v18+4*v13*v18-12*v16*v18-2*v19*v18+4*v18^2+8*v16*v21+8*v19*v21-8*v18*v21-5*v13*v20+3*v15*v20+4*v16*v20+4*v18*v20+4*v21*v20-4*v20^2-4*v7*v22-4*v13*v22-4*v15*v22+6*v16*v22+4*v19*v22+10*v18*v22+2*v21*v22-13*v20*v22-10*v22^2+2*v13+2*v15-2*v16-6*v18-2*v21+5*v20+8*v22-2,2*v19^2*v21+2*v21*v20^2+2*v19*v18*v22-v13*v20*v22-v15*v20*v22+4*v7*v22^2-2*v19*v18+v13*v20+v15*v20-4*v7*v22-v13*v22-v15*v22+2*v16*v22-2*v18*v22+2*v21*v22+v20*v22+v13+v15-2*v16+2*v18-2*v21-v20+v22-1,2*v16*v18*v21+2*v21^3-2*v16^2*v22+2*v19^2*v22+4*v7*v18*v22-2*v13*v18*v22+4*v16*v18*v22-4*v16*v21*v22-4*v19*v21*v22+2*v18*v21*v22+2*v21^2*v22+2*v13*v20*v22-2*v15*v20*v22-4*v18*v20*v22+2*v20^2*v22+v13*v22^2+v15*v22^2-4*v18*v22^2+2*v21*v22^2+4*v20*v22^2+2*v22^3+2*v16^2-2*v19^2-4*v7*v18+2*v13*v18-4*v16*v18+4*v16*v21+4*v19*v21-2*v18*v21-2*v13*v20+2*v15*v20+4*v18*v20-2*v20^2-2*v13*v22-2*v15*v22+8*v18*v22-2*v21*v22-6*v20*v22-5*v22^2+v13+v15-4*v18+2*v20+4*v22-1,2*v19*v18*v21-2*v21^2*v20-2*v19^2*v22-2*v16*v21*v22+2*v18*v21*v22+2*v18*v20*v22-2*v20^2*v22-v13*v22^2+v15*v22^2-2*v20*v22^2+2*v19^2+2*v16*v21-2*v18*v21-2*v18*v20+2*v20^2+v13*v22-v15*v22+2*v18*v22+2*v20*v22-v22^2-2*v18+v22,2*v18^2*v21+2*v21^3+4*v7*v18*v22-v13*v18*v22-v15*v18*v22-2*v18*v21*v22+v13*v22^2+v15*v22^2+2*v21*v22^2-4*v7*v18+v13*v18+v15*v18+2*v18*v21-2*v13*v22-2*v15*v22+v18*v22-2*v21*v22-v22^2+v13+v15-v18+2*v22-1,2*v16*v21^2-2*v18*v21^2-4*v7*v22^2+2*v16*v22^2-2*v18*v22^2-2*v18*v21+4*v7*v22+v13*v22+v15*v22-4*v16*v22+4*v18*v22-2*v21*v22-v13-v15+2*v16-2*v18+2*v21-v22+1,2*v19*v21^2+2*v18*v21*v20-v13*v20*v22-v15*v20*v22+4*v7*v22^2+2*v19*v22^2+v13*v20+v15*v20-4*v7*v22-v13*v22-v15*v22+2*v16*v22-2*v19*v22-2*v18*v22+2*v21*v22+v20*v22+v13+v15-2*v16+2*v18-2*v21-v20+v22-1,2*v16^2*v20-2*v19^2*v20+2*v13*v18*v20-2*v15*v18*v20-4*v16*v18*v20+4*v19*v21*v20-2*v21^2*v20-2*v13*v20^2+2*v15*v20^2+4*v18*v20^2-2*v20^3-2*v16^2*v22+2*v19^2*v22-2*v13*v18*v22+2*v15*v18*v22+4*v16*v18*v22-4*v19*v21*v22+2*v21^2*v22-2*v20^2*v22+2*v13*v22^2-2*v15*v22^2-4*v18*v22^2+2*v20*v22^2+2*v22^3+2*v16^2+v13*v18-v15*v18-4*v16*v18+2*v18^2+2*v16*v21-2*v18*v21-2*v18*v20+2*v20^2-v13*v22+v15*v22+2*v18*v22-2*v22^2-v18+v22,2*v16*v21*v20-2*v18*v21*v20-2*v16*v21*v22+2*v18*v21*v22+v13*v20*v22-v15*v20*v22-v13*v22^2+v15*v22^2+2*v16*v21+2*v19*v21-2*v18*v21-v13*v20+v15*v20+v13*v22-v15*v22+2*v18*v22-v20*v22-v22^2-2*v18+v20+v22,2*v19^2*v23+2*v21^2*v23-2*v18*v20*v23+2*v20^2*v23+2*v13*v23*v22-2*v15*v23*v22-2*v18*v23*v22+2*v20*v23*v22+2*v23*v22^2-2*v19*v18+2*v18*v21+v13*v20+v15*v20+2*v21*v20-v13*v23+v15*v23-v13*v22-v15*v22-2*v19*v22-2*v23*v22-4*v7+2*v13+2*v15-2*v16+2*v18-v20+v23+v22-2,2*v7*v18*v23-4*v7*v23*v22+2*v7*v18*v24-v15*v18*v24+v16*v18*v24-2*v18^2*v24-v16*v21*v24+2*v18*v21*v24-v21^2*v24-2*v7*v22*v24+v15*v22*v24+2*v18*v22*v24-v22^2*v24+v15*v23-2*v21*v23-v16*v24+v18*v24-v21*v24-2*v7-2,2*v13*v18*v23-2*v15*v20*v23+2*v21*v20*v23-4*v7*v23*v22-3*v13*v23*v22+v15*v23*v22+2*v19*v23*v22+4*v7*v18*v24-2*v15*v18*v24+2*v16*v18*v24-4*v18^2*v24-2*v16*v21*v24+4*v18*v21*v24-2*v21^2*v24-4*v7*v22*v24+2*v15*v22*v24+4*v18*v22*v24-2*v22^2*v24+2*v19^2-2*v21^2+2*v20^2+2*v15*v23+2*v18*v23-4*v21*v23-v23*v22-2*v22^2-2*v16*v24+2*v18*v24-2*v21*v24-4*v7+2*v13+2*v19-4*v18-4*v21+2*v20+6*v22-6,2*v15*v18*v23-2*v15*v20*v23+2*v21*v20*v23-4*v7*v23*v22-v13*v23*v22-v15*v23*v22+2*v19*v23*v22+4*v7*v18*v24-2*v15*v18*v24+2*v16*v18*v24-4*v18^2*v24-2*v16*v21*v24+4*v18*v21*v24-2*v21^2*v24-4*v7*v22*v24+2*v15*v22*v24+4*v18*v22*v24-2*v22^2*v24+2*v19^2-2*v21^2+2*v20^2+2*v15*v23-4*v21*v23+v23*v22-2*v22^2-2*v16*v24+2*v18*v24-2*v21*v24-4*v7-2*v15+2*v19-4*v18+2*v20+6*v22-4,v19*v18*v23-v19*v23*v22+v19^2-v19*v21+v20^2-v20*v22,2*v18^2*v23-2*v18*v20*v23-2*v18*v23*v22+2*v20*v23*v22+2*v19*v18-2*v18*v21-v13*v20-v15*v20+2*v21*v20+v13*v22+v15*v22-2*v19*v22+v20-v22,v19*v21*v23+v21*v20-v19*v22+v19,v18*v21*v23-v21*v20*v23+v19*v21-v21^2+v20*v22-v22^2-v20+v22,v13*v20*v23-v15*v20*v23-v13*v23*v22+v15*v23*v22+2*v18*v23-v20*v23-v23*v22+2*v19-2*v21,v19^2*v24-v21^2*v24-2*v18*v20*v24+v20^2*v24+2*v18*v22*v24-v22^2*v24-v13*v23+v15*v23-2*v18*v24+v20*v24+v22*v24,v13*v18*v24-v15*v18*v24-2*v18^2*v24-2*v16*v21*v24+2*v18*v21*v24-2*v21^2*v24-v13*v22*v24+v15*v22*v24+4*v18*v22*v24-2*v22^2*v24-v13*v23+v15*v23-v18*v24+v22*v24-4*v7+v23,v19*v18*v24-v18*v21*v24+v21*v20*v24-v19*v22*v24+1,2*v19*v21*v24-2*v21^2*v24-2*v18*v20*v24+2*v18*v22*v24+2*v20*v22*v24-2*v22^2*v24-v13*v23+v15*v23-2*v18*v24+2*v22*v24+v23,v13*v20*v24+v15*v20*v24-2*v21*v20*v24-v13*v22*v24-v15*v22*v24+2*v19*v22*v24+4*v7*v23+v13*v24+v15*v24-2*v19*v24-v20*v24+v22*v24-v24+2,4*v7^2+1,4*v7*v13+2*v16^2-2*v19^2-4*v7*v18+2*v13*v18-2*v15*v18-4*v16*v18+4*v16*v21+4*v19*v21-4*v18*v21-2*v21^2-2*v13*v20+2*v15*v20+4*v18*v20-2*v20^2+8*v7*v22+4*v18*v22-4*v20*v22-2*v22^2-4*v7-v13-v15+2*v16-6*v18+4*v21+2*v20+4*v22+1,v13^2+v16^2-4*v7*v18-4*v16*v18+4*v18^2+2*v16*v21-2*v18*v21+4*v7*v22+v13*v22-v15*v22-2*v13+2*v16-4*v18+2*v21+v22+1,4*v7*v15+2*v16^2-2*v19^2+4*v7*v18+2*v13*v18-2*v15*v18-4*v16*v18+4*v16*v21+4*v19*v21-4*v18*v21-2*v21^2-2*v13*v20+2*v15*v20+4*v18*v20-2*v20^2-8*v7*v22+4*v18*v22-4*v20*v22-2*v22^2+v13+v15-2*v16-2*v18-4*v21+2*v20+4*v22-1,v13*v15+v16^2-2*v19^2+2*v13*v18-2*v15*v18-2*v16*v18+2*v16*v21+4*v19*v21-2*v18*v21-2*v21^2-2*v13*v20+2*v15*v20+4*v18*v20-2*v20^2-v13*v22+v15*v22+4*v18*v22-4*v20*v22-2*v22^2-v15-4*v18+2*v20+3*v22,v15^2+v16^2+4*v7*v18+2*v16*v21-2*v18*v21-4*v7*v22+v13*v22-v15*v22-2*v16-2*v21+v22,4*v7*v16+2*v16^2-2*v19^2-4*v7*v18+2*v13*v18-2*v15*v18-4*v16*v18+4*v19*v21-2*v21^2-2*v13*v20+2*v15*v20+4*v18*v20-2*v20^2-2*v13*v22+2*v15*v22+4*v18*v22-4*v20*v22-2*v22^2+v13-v15-2*v18+2*v20+2*v22-1,2*v13*v16-4*v7*v18-4*v16*v18-2*v19*v18+4*v18^2-2*v16*v21-v13*v20-v15*v20+4*v16*v20-4*v18*v20+4*v21*v20+4*v7*v22-2*v13*v22+4*v16*v22+4*v19*v22-4*v18*v22-2*v16+2*v18+v20,2*v15*v16+4*v7*v18-4*v15*v18+4*v16*v18+2*v19*v18-4*v18^2-2*v16*v21+4*v18*v21+v13*v20+v15*v20-4*v16*v20+4*v18*v20-4*v21*v20-4*v7*v22+2*v15*v22-4*v16*v22-4*v19*v22+4*v18*v22+2*v18-v20-2*v22,4*v7*v19+2*v16*v21-2*v18*v21+v13*v22-v15*v22-2*v18+2*v20+v22,v13*v19-v19^2-v16*v20+2*v18*v20-v20^2-v19,v15*v19-v19^2+v16*v20-v20^2,2*v16*v19-2*v19*v18-2*v16*v21+2*v18*v21+v13*v20-v15*v20-v13*v22+v15*v22+2*v18-v20-v22,4*v7*v21+2*v16*v21-2*v18*v21+v13*v22-v15*v22-v13+v15-v22+1,v13*v21-v21^2-v16*v22+2*v18*v22-v22^2+v16-2*v18+v22,v15*v21-v21^2+v16*v22-v22^2-v16-v21+v22,4*v7*v20-4*v7*v22+v13+v15-2*v16-2*v19+2*v18-2*v21-1,v16*v23-v18*v23-1,v5+v16-v18,2*v6+v13-v15-1,2*v9-v13-v15+1,2*v8-1,v10-v18,2*v11-v13-v15+3,v12-v18,v14+v16-2*v18,v17]
