[8*v22*v24^2*v27*v28^2-16*v24^3*v27*v28^2-16*v22*v24*v27*v26*v28^2+40*v24^2*v27*v26*v28^2+8*v22*v27*v26^2*v28^2-32*v24*v27*v26^2*v28^2+8*v27*v26^3*v28^2-4*v22*v24*v27*v28+4*v25*v24*v27*v28+8*v24^2*v27*v28+4*v22*v27*v26*v28-4*v25*v27*v26*v28-12*v24*v27*v26*v28+4*v27*v26^2*v28+8*v22*v25*v28^2-10*v20*v24*v28^2+8*v23*v24*v28^2-10*v22*v24*v28^2-20*v25*v24*v28^2+20*v24^2*v28^2+10*v20*v26*v28^2-8*v23*v26*v28^2+10*v22*v26*v28^2+12*v25*v26*v28^2-20*v24*v26*v28^2-2*v25*v27+3*v20*v28-4*v23*v28-5*v22*v28+2*v25*v28+10*v24*v28-8*v26*v28,16*v25*v24^2*v27*v28^2-32*v25*v24*v27*v26*v28^2+16*v25*v27*v26^2*v28^2-8*v22*v24*v27*v28-8*v25*v24*v27*v28+16*v24^2*v27*v28+8*v22*v27*v26*v28+8*v25*v27*v26*v28-24*v24*v27*v26*v28+8*v27*v26^2*v28-2*v20*v24*v28^2-8*v23*v24*v28^2-10*v22*v24*v28^2+4*v25*v24*v28^2+36*v24^2*v28^2+2*v20*v26*v28^2+8*v23*v26*v28^2+10*v22*v26*v28^2-4*v25*v26*v28^2-60*v24*v26*v28^2+24*v26^2*v28^2+4*v22*v27-8*v24*v27+4*v27*v26+v20*v28+4*v23*v28+5*v22*v28-2*v25*v28-14*v24*v28+8*v26*v28-2,16*v22*v25^2*v28^2-112*v22*v25*v24*v28^2-32*v25^2*v24*v28^2+102*v20*v24^2*v28^2-120*v23*v24^2*v28^2+190*v22*v24^2*v28^2+284*v25*v24^2*v28^2-380*v24^3*v28^2+112*v22*v25*v26*v28^2+16*v25^2*v26*v28^2-204*v20*v24*v26*v28^2+240*v23*v24*v26*v28^2-380*v22*v24*v26*v28^2-456*v25*v24*v26*v28^2+848*v24^2*v26*v28^2+102*v20*v26^2*v28^2-120*v23*v26^2*v28^2+190*v22*v26^2*v28^2+172*v25*v26^2*v28^2-556*v24*v26^2*v28^2+88*v26^3*v28^2+8*v20*v25*v28-43*v20*v24*v28+60*v23*v24*v28+45*v22*v24*v28-30*v25*v24*v28-30*v24^2*v28+43*v20*v26*v28-60*v23*v26*v28-45*v22*v26*v28+22*v25*v26*v28+58*v24*v26*v28-28*v26^2*v28-4*v20-10*v22-10*v24+24*v26,64*v23^2*v24*v28^2+64*v22*v25*v24*v28^2-16*v25^2*v24*v28^2-58*v20*v24^2*v28^2-8*v23*v24^2*v28^2-50*v22*v24^2*v28^2-124*v25*v24^2*v28^2+100*v24^3*v28^2-64*v23^2*v26*v28^2-64*v22*v25*v26*v28^2+16*v25^2*v26*v28^2+116*v20*v24*v26*v28^2+16*v23*v24*v26*v28^2+100*v22*v24*v26*v28^2+184*v25*v24*v26*v28^2-192*v24^2*v26*v28^2-58*v20*v26^2*v28^2-8*v23*v26^2*v28^2-50*v22*v26^2*v28^2-60*v25*v26^2*v28^2+84*v24*v26^2*v28^2+8*v26^3*v28^2-32*v23^2*v28-12*v20*v25*v28-60*v22*v25*v28+8*v25^2*v28+37*v20*v24*v28-28*v23*v24*v28-55*v22*v24*v28+102*v25*v24*v28+114*v24^2*v28-37*v20*v26*v28+28*v23*v26*v28+55*v22*v26*v28-30*v25*v26*v28-210*v24*v26*v28+96*v26^2*v28+12*v20+16*v23+60*v22+8*v25-122*v24+50*v26,32*v23*v25*v24*v28^2+64*v22*v25*v24*v28^2-16*v25^2*v24*v28^2-62*v20*v24^2*v28^2+40*v23*v24^2*v28^2-70*v22*v24^2*v28^2-148*v25*v24^2*v28^2+140*v24^3*v28^2-32*v23*v25*v26*v28^2-64*v22*v25*v26*v28^2+16*v25^2*v26*v28^2+124*v20*v24*v26*v28^2-80*v23*v24*v26*v28^2+140*v22*v24*v26*v28^2+232*v25*v24*v26*v28^2-288*v24^2*v26*v28^2-62*v20*v26^2*v28^2+40*v23*v26^2*v28^2-70*v22*v26^2*v28^2-84*v25*v26^2*v28^2+156*v24*v26^2*v28^2-8*v26^3*v28^2-4*v20*v25*v28-16*v23*v25*v28-20*v22*v25*v28+8*v25^2*v28+23*v20*v24*v28-20*v23*v24*v28-45*v22*v24*v28+34*v25*v24*v28+70*v24^2*v28-23*v20*v26*v28+20*v23*v26*v28+45*v22*v26*v28-10*v25*v26*v28-118*v24*v26*v28+48*v26^2*v28+4*v20+20*v22+8*v25-30*v24+6*v26,4*v23*v24*v27*v28^2-4*v22*v24*v27*v28^2+4*v25*v24*v27*v28^2+8*v24^2*v27*v28^2-4*v23*v27*v26*v28^2+4*v22*v27*v26*v28^2-4*v25*v27*v26*v28^2-12*v24*v27*v26*v28^2+4*v27*v26^2*v28^2-2*v23*v27*v28-2*v22*v27*v28-2*v25*v27*v28+2*v24*v27*v28-4*v22*v28^2+14*v24*v28^2-10*v26*v28^2+v27-3*v28,8*v20*v25*v28^2-24*v22*v25*v28^2+30*v20*v24*v28^2-40*v23*v24*v28^2+70*v22*v24*v28^2+68*v25*v24*v28^2-140*v24^2*v28^2-30*v20*v26*v28^2+40*v23*v26*v28^2-70*v22*v26*v28^2-52*v25*v26*v28^2+180*v24*v26*v28^2-40*v26^2*v28^2-15*v20*v28+20*v23*v28+5*v22*v28-10*v25*v28+10*v24*v28-10,2*v23*v25*v27+2*v22*v24*v27-4*v24^2*v27-2*v22*v27*v26+6*v24*v27*v26-2*v27*v26^2-v20+2*v23+v26,4*v22*v25*v27-8*v25*v24*v27+4*v25*v27*v26+v20+5*v22-10*v24+4*v26,2*v25^2*v27-v20+2*v25+v26,v10^2-v7*v20-v7*v22+2*v10*v22-2*v7*v25+v20*v25+v22*v25+v25^2+2*v7*v24-4*v10*v24-2*v25*v24-2*v22*v26+4*v24*v26-v26^2,2*v20^2-v20*v25-5*v22*v25+10*v25*v24-4*v20*v26-4*v25*v26+2*v26^2,2*v20*v23-2*v20*v25-v20*v24-5*v22*v24+10*v24^2+v20*v26-2*v23*v26+5*v22*v26+2*v25*v26-14*v24*v26+4*v26^2,2*v20*v22+v20*v25+v22*v25-4*v20*v24-2*v25*v24+2*v20*v26-2*v22*v26+4*v24*v26-2*v26^2,2*v23*v22-2*v22*v25+v20*v24-4*v23*v24+v22*v24+4*v25*v24-2*v24^2-v20*v26+2*v23*v26-v22*v26-2*v25*v26+2*v24*v26,10*v22^2-v20*v25+3*v22*v25-40*v22*v24-6*v25*v24+40*v24^2+20*v22*v26+4*v25*v26-40*v24*v26+10*v26^2,v20*v27+v22*v27+2*v25*v27-2*v24*v27+2,2*v5-v20-v22-2*v25+2*v24,v6+v22-2*v24,4*v11-v20-5*v22-2*v25+10*v24-4*v26,v8-v10,v9,v12-v20,v13,v14-v20,4*v15-v20-v22-2*v25+2*v24,4*v17-v20-5*v22-2*v25+10*v24-4*v26+4,2*v16-v20+v22-2*v24,v19,v18-v20,2*v21+v20-4*v23+v22+2*v25-2*v24]
