[v6^2*v15-2*v6*v15-v5,v13^2*v16+v14^2*v16-2*v14*v16-1,v5^2+v6^2-2*v6,v5*v15+1,v7,v8,v9,2*v10-1,v11,v12-1]
