[v7*v12*v15*v16-v8*v15+v8*v16-v16,v7*v12*v17*v16+v8*v16-v17-v16,v8*v11*v15-v7*v12*v15+1,v8*v13*v15-v12*v13*v15+v12*v15*v16-v12*v17*v16-v13*v17,v8*v14*v15+v12*v15*v16-v12*v17*v16-v14*v17,v8*v11*v16-v7*v12*v16-v11*v16+1,v8*v13*v16-v12*v13*v16-v12*v17*v16-v13*v17-v13*v16,v8*v14*v16-v12*v17*v16-v14*v17-v14*v16,v11*v15*v16-v15+v16,v7*v13-v11*v13+1,v7*v14+1,v13*v14-v13*v17+v14*v17,v11*v17+1,v15*v17+v15*v16-v17*v16,v5-v7+v11,v6-v8+v12,v9-v11,v10-v12]
