[v13*v19+1,2*v16*v20-v20+2,v5-v13,v6-v14,v9-v13,v7-v13,v8-v14-1,v10-v14,v11-v13,v12-v14,v15,v17,2*v18-1]
