[v7^6*v17^2-v7^2*v8^4*v18^2+v7*v16^5*v18^2-2*v7*v16^4*v18^2-4*v12*v16^4*v18^2+v16^5*v18^2-v7^2*v8^3*v18-v8^5*v18-v17*v16^4*v18+12*v12*v16^3*v18^2-2*v16^4*v18^2-v8^3*v14*v18-6*v8*v16^3*v18-8*v11*v16^3*v18+2*v15*v16^3*v18+2*v17*v16^3*v18+2*v7*v16^2*v18^2-12*v12*v16^2*v18^2+3*v7^4+3*v7^2*v8^2+v8^4-v17^2*v16^2+v8^3*v18-8*v7*v8*v12*v18+4*v7*v8*v14*v18+2*v12*v17*v16*v18+18*v8*v16^2*v18+16*v11*v16^2*v18-5*v15*v16^2*v18-v15^2*v18^2-v7*v16*v18^2+4*v12*v16*v18^2+v16^2*v18^2+v7^2*v14+v8^2*v14+8*v12*v17^2-4*v14*v17^2-8*v11*v17*v16-2*v17^2*v16+12*v8*v12*v18-6*v8*v14*v18+16*v12*v15*v18-2*v12*v17*v18+v14*v17*v18-8*v8*v16*v18-10*v11*v16*v18+8*v15*v16*v18-2*v17*v16*v18+2*v12*v18^2-v14*v18^2-v16*v18^2+v7^2+4*v7*v12-2*v7*v14+13*v15*v17-2*v7*v16+8*v12*v16-5*v16^2-3*v15*v18-14*v12+7*v14+12*v16,v7^2*v8^5*v18-v8*v16^6*v18+2*v7^6*v14+5*v7^4*v8^2*v14+4*v7^2*v8^4*v14+v8^6*v14+2*v8*v16^5*v18-4*v11*v16^5*v18-v7^4*v8^2-v7^2*v8^4-v15*v17*v16^4+2*v8*v16^4*v18+16*v11*v16^4*v18+2*v8^4*v12+v7^2*v8^2*v14-2*v8^4*v16-2*v7*v8^2*v12*v16+2*v7*v8^2*v16^2-2*v8^2*v12*v16^2+2*v8^2*v16^3+2*v7*v12*v16^3-4*v11*v17*v16^3+4*v15*v17*v16^3-2*v7*v16^4+2*v12*v16^4-2*v16^5-8*v8*v16^3*v18-24*v11*v16^3*v18-v8^4+4*v7*v8^2*v12-2*v7*v8^2*v14-5*v7*v8^2*v16+2*v8^2*v12*v16-3*v8^2*v16^2-4*v7*v12*v16^2+12*v11*v17*v16^2-6*v15*v17*v16^2+6*v7*v16^3-2*v12*v16^3+4*v16^4+7*v8*v16^2*v18+16*v11*v16^2*v18+4*v8^2*v12-2*v8^2*v14+4*v12*v17^2-2*v14*v17^2-v8^2*v16+2*v7*v12*v16-12*v11*v17*v16+4*v15*v17*v16-2*v17^2*v16-6*v7*v16^2-6*v12*v16^2-4*v11*v16*v18+2*v15*v16*v18+3*v15*v17+2*v7*v16+10*v12*v16-4*v16^2-4*v12+2*v14+2*v16,v8^5*v14*v18-v8^5*v18+v8*v16^4*v18-2*v7^4*v14-4*v7^2*v8^2*v14-2*v8^4*v14+4*v11*v16^3*v18+v7^2*v8^2+v8^4+v15*v17*v16^2-3*v8*v16^2*v18-8*v11*v16^2*v18+2*v8^2*v12-v8^2*v14-4*v12*v17^2+2*v14*v17^2-2*v8^2*v16-2*v7*v12*v16+4*v11*v17*v16-2*v15*v17*v16+2*v17^2*v16+2*v7*v16^2-2*v12*v16^2+2*v16^3+4*v11*v16*v18-2*v15*v16*v18-3*v15*v17-2*v7*v16-2*v12*v16+4*v12-2*v14-2*v16,2*v8^4*v14*v18^2+2*v7^4*v17^2-2*v8^4*v18^2+2*v7*v16^3*v18^2-v8^3*v14*v18-8*v12*v16^2*v18^2+2*v16^3*v18^2-v8^3*v18+4*v12*v17*v16*v18-v8*v16^2*v18-2*v17*v16^2*v18-2*v15^2*v18^2-2*v7*v16*v18^2+8*v12*v16*v18^2-2*v16^2*v18^2+8*v8*v12*v18-4*v8*v14*v18-2*v12*v15*v18-4*v12*v17*v18+2*v14*v17*v18-8*v8*v16*v18-4*v11*v16*v18+4*v15*v16*v18+4*v12*v18^2-2*v14*v18^2-2*v16*v18^2+5*v7^2+3*v8^2-v15*v17-6*v15*v18+2*v12-v14-2*v16,v17^2*v16^3*v18-v8*v16^3*v18^2-v15*v16^3*v18^2-2*v15*v17*v16^2*v18-v17^2*v16^2*v18+v8*v16^2*v18^2+v15*v16^2*v18^2+v17^3*v16-2*v11*v17*v16*v18+v15*v17*v16*v18-2*v12*v16*v18+v17*v16,2*v8^3*v12*v18-v8^3*v14*v18-2*v11*v16^3*v18+2*v8*v16^2*v18+6*v11*v16^2*v18+v7^2*v14+v8^2*v14+4*v12*v17^2-2*v14*v17^2-2*v11*v17*v16+v15*v17*v16-2*v17^2*v16-4*v11*v16*v18+2*v15*v16*v18-v8^2+3*v15*v17+v7*v16+v16^2-2*v12+v14+v16,2*v11*v17*v16^2*v18+2*v12*v17^3-v14*v17^3-v17^3*v16-2*v11*v17*v16*v18+v15*v17*v16*v18+v15^2*v18+v7*v16*v18+2*v12*v16*v18+2*v12*v17-v14*v17-3*v17*v16-2*v12*v18+v14*v18+v16*v18,2*v12*v17*v16^2*v18-2*v12*v17*v16*v18+2*v12*v17^2-v14*v17^2-2*v11*v16*v18+v15*v17,4*v8^2*v12*v18^2-2*v8^2*v14*v18^2+4*v12*v16^2*v18^2-v7^2*v17^2+2*v15^2*v18^2+2*v7*v16*v18^2-8*v12*v16*v18^2+2*v16^2*v18^2+v8*v14*v18+4*v12*v17*v18-2*v14*v17*v18-4*v12*v18^2+2*v14*v18^2+2*v16*v18^2-v8*v18+3*v15*v18-1,v7^2*v14^2+v8^2*v14^2-v8^2*v14,v7^2*v14*v17+2*v8^2*v12*v18-v8^2*v14*v18+2*v12*v16^2*v18+v15^2*v18+v7*v16*v18-4*v12*v16*v18+v16^2*v18+v8*v14+2*v12*v17-v14*v17-2*v12*v18+v14*v18+v16*v18-v8+v15,v7*v14^2*v17-2*v11*v14,v7*v14*v17^2+2*v12*v17^2-v14*v17^2-v17^2*v16+v8*v16*v18+v15*v16*v18-2*v11*v17+2*v15*v17,v7*v17^3-2*v11*v14*v17*v18-4*v12*v17^2*v18+2*v14*v17^2*v18+2*v11*v17*v16*v18+2*v17^2*v16*v18-2*v8*v16*v18^2-2*v15*v16*v18^2+v15^2*v18+2*v11*v17*v18-3*v15*v17*v18+v16^2*v18,2*v12*v17^2*v16-v17^2*v16^2+v8*v16^2*v18+v15*v16^2*v18-2*v11*v17*v16+2*v15*v17*v16,2*v7^2*v14*v18+v8^2*v14*v18+v7^2*v17-v8^2*v18-v7*v16*v18+2*v12*v18-v14*v18-v16*v18+v8,2*v12*v15^2*v18+2*v12*v16^2*v18+v15^2*v18+v7*v16*v18-4*v12*v16*v18+v16^2*v18+2*v12*v17-v14*v17-2*v12*v18+v14*v18+v16*v18,v15^3*v18+v15*v16^2*v18-2*v12*v15*v18+v15*v17,2*v7*v14*v17*v18+v7*v17^2-2*v11*v14*v18-2*v12*v15*v18+2*v11*v16*v18-2*v11*v18+v15*v18,v7*v8*v16*v18-v8*v16^2*v18-2*v8*v12*v18+v8*v14*v18-2*v12*v15*v18+v8*v16*v18-v15*v17+2*v12-v14-2*v16,v8^2*v16*v18+v7*v16^2*v18+v7*v14*v17-2*v12*v16*v18+v16^2*v18+2*v12*v17-v14*v17-v17*v16-2*v11+2*v15,2*v7*v12*v16*v18-v7*v14*v16*v18-2*v12*v16^2*v18+v14*v16^2*v18+2*v12*v16*v18-v14*v16*v18-2*v12*v17+v14*v17-v15,2*v8*v12*v16*v18+2*v11*v16^2*v18+2*v12*v17^2-v14*v17^2-v17^2*v16-2*v11*v16*v18+v15*v16*v18+v15*v17-v16,2*v12*v15*v16*v18-2*v11*v16^2*v18-2*v12*v17^2+v14*v17^2+v17^2*v16+2*v11*v16*v18-v15*v16*v18-v15*v17,v15^2*v16*v18+v16^3*v18-2*v12*v16*v18+v17*v16,2*v7^2*v12+2*v8^2*v12-v8^2,v7*v12*v17-v11,2*v12*v15*v17+v15^2+v16^2,v15^2*v17-2*v12*v17*v16+v17*v16^2-2*v12*v15+2*v11*v16+v15,v15*v17^2-v15^2*v18-v7*v16*v18-2*v12*v17+v14*v17+2*v17*v16+2*v12*v18-v14*v18-v16*v18,v7^2*v16+v8^2*v16-2*v7*v12+v7*v14+2*v7*v16-2*v12+v14+v16,v7*v17*v16-2*v12*v17+v14*v17+v17*v16-v15,v14^2*v18-v15^2*v18-v16^2*v18+2*v12*v18-2*v14*v18-v17,2*v7*v11+2*v8*v12-v8,v8*v11-v7*v12,4*v11^2+v14^2-v15^2-v7*v16+4*v12*v16-v16^2-v14-v16,4*v11*v12-2*v11*v14-2*v12*v15-v8*v16-2*v11*v16,4*v12^2-v14^2+v15^2+v7*v16-4*v12*v16+v16^2-2*v12+v14+v16,2*v12*v14-v14^2,v7*v15+v8*v16+v15,v8*v15-v7*v16+2*v12-v14-v16,2*v11*v15-v15^2+2*v12*v16-v16^2,v14*v15,v8*v17-1,v14*v16,v5+v8,v6-v7-1,v9-2*v11,v10-2*v12,v13]
